2025-09-26 10:05:56 - libs.auxiliary - INFO: create folder eye_hand_data/data20250926
2025-09-26 10:05:56 - libs.auxiliary - INFO: command:['ping', '-c', '1', '192.168.1.18']
2025-09-26 10:05:56 - __main__ - INFO: robot_ip:192.168.1.18
2025-09-26 10:05:56 - __main__ - INFO: response:{"change_work_frame":true,"command":"set_change_work_frame"}

2025-09-26 10:35:39 - libs.auxiliary - INFO: create folder eye_hand_data/data2025092601
2025-09-26 10:35:39 - libs.auxiliary - INFO: command:['ping', '-c', '1', '192.168.1.18']
2025-09-26 10:35:40 - __main__ - INFO: robot_ip:192.168.1.18
2025-09-26 10:35:40 - __main__ - INFO: response:{"change_work_frame":true,"command":"set_change_work_frame"}

2025-09-26 10:35:40 - __main__ - INFO: 开始手眼标定程序，当前程序版号V1.0.0
2025-09-26 10:36:44 - __main__ - INFO: response:{"command":"start_drag_teach","drag_teach":true}
{"command":"stop_drag_teach","drag_teach":true}
{"command":"start_drag_teach","drag_teach":true}
{"command":"stop_drag_teach","drag_teach":true}
{"command":"start_drag_teach","drag_teach":true}
{"command":"stop_drag_teach","drag_teach":true}
{"command":"start_drag_teach","drag_teach":true}
{"command":"stop_drag_teach","drag_teach":true}
{"command":"start_drag_teach","drag_teach":true}
{"command":"stop_drag_teach","drag_teach":true}
{"command":"start_drag_teach","drag_teach":true}
{"command":"stop_drag_teach","drag_teach":true}
{"arm_state":{"err":[0],"joint":[93871,11747,104153,-2014,34767,-814],"pose":[21707,-378725,157787,-3036,-535,-1749]},"state":"current_arm_state"}

2025-09-26 10:36:44 - __main__ - INFO: 获取状态：成功，当前位姿为[0.021707, -0.378725, 0.157787, -3.036, -0.535, -1.749]
2025-09-26 10:36:44 - __main__ - INFO: ===采集第1次数据！
2025-09-26 10:37:02 - __main__ - INFO: response:{"command":"start_drag_teach","drag_teach":true}
{"command":"stop_drag_teach","drag_teach":true}
{"arm_state":{"err":[0],"joint":[93871,11748,104150,-2009,34767,24899],"pose":[20667,-379248,158064,-2814,-438,-2247]},"state":"current_arm_state"}

2025-09-26 10:37:02 - __main__ - INFO: 获取状态：成功，当前位姿为[0.020667, -0.379248, 0.158064, -2.814, -0.438, -2.247]
2025-09-26 10:37:02 - __main__ - INFO: ===采集第2次数据！
2025-09-26 10:37:19 - __main__ - INFO: response:{"command":"start_drag_teach","drag_teach":true}
{"command":"stop_drag_teach","drag_teach":true}
{"arm_state":{"err":[0],"joint":[93920,11743,104147,-11494,34769,-10761],"pose":[-3343,-381399,160140,2974,-538,-1384]},"state":"current_arm_state"}

2025-09-26 10:37:19 - __main__ - INFO: 获取状态：成功，当前位姿为[-0.003343, -0.381399, 0.16014, 2.974, -0.538, -1.384]
2025-09-26 10:37:19 - __main__ - INFO: ===采集第3次数据！
2025-09-26 10:37:39 - __main__ - INFO: response:{"command":"start_drag_teach","drag_teach":true}
{"command":"stop_drag_teach","drag_teach":true}
{"arm_state":{"err":[0],"joint":[93514,6539,104135,-4250,34811,2820],"pose":[13461,-385267,192866,-3009,-624,-1809]},"state":"current_arm_state"}

2025-09-26 10:37:39 - __main__ - INFO: 获取状态：成功，当前位姿为[0.013461, -0.385267, 0.192866, -3.009, -0.624, -1.809]
2025-09-26 10:37:39 - __main__ - INFO: ===采集第4次数据！
2025-09-26 10:37:56 - __main__ - INFO: response:{"command":"start_drag_teach","drag_teach":true}
{"command":"stop_drag_teach","drag_teach":true}
{"arm_state":{"err":[0],"joint":[93517,6541,104135,-4270,34811,30444],"pose":[12258,-385721,193183,-2727,-493,-2358]},"state":"current_arm_state"}

2025-09-26 10:37:56 - __main__ - INFO: 获取状态：成功，当前位姿为[0.012258, -0.385721, 0.193183, -2.727, -0.493, -2.358]
2025-09-26 10:37:56 - __main__ - INFO: ===采集第5次数据！
2025-09-26 10:38:11 - __main__ - INFO: response:{"command":"start_drag_teach","drag_teach":true}
{"command":"stop_drag_teach","drag_teach":true}
{"arm_state":{"err":[0],"joint":[93537,6541,104138,-10259,34812,-9416],"pose":[-2298,-386581,194364,3002,-634,-1435]},"state":"current_arm_state"}

2025-09-26 10:38:11 - __main__ - INFO: 获取状态：成功，当前位姿为[-0.002298, -0.386581, 0.194364, 3.002, -0.634, -1.435]
2025-09-26 10:38:11 - __main__ - INFO: ===采集第6次数据！
2025-09-26 10:38:32 - __main__ - INFO: response:{"command":"start_drag_teach","drag_teach":true}
{"command":"stop_drag_teach","drag_teach":true}
{"arm_state":{"err":[0],"joint":[93519,6520,97588,887,42973,961],"pose":[28136,-384912,211187,-2944,-577,-1849]},"state":"current_arm_state"}

2025-09-26 10:38:32 - __main__ - INFO: 获取状态：成功，当前位姿为[0.028136, -0.384912, 0.211187, -2.944, -0.577, -1.849]
2025-09-26 10:38:32 - __main__ - INFO: ===采集第7次数据！
2025-09-26 10:38:47 - __main__ - INFO: response:{"command":"start_drag_teach","drag_teach":true}
{"command":"stop_drag_teach","drag_teach":true}
{"arm_state":{"err":[0],"joint":[93341,6519,97587,-2140,42903,19779],"pose":[16268,-386244,211653,-2811,-518,-2184]},"state":"current_arm_state"}

2025-09-26 10:38:47 - __main__ - INFO: 获取状态：成功，当前位姿为[0.016268, -0.386244, 0.211653, -2.811, -0.518, -2.184]
2025-09-26 10:38:47 - __main__ - INFO: ===采集第8次数据！
2025-09-26 10:39:02 - __main__ - INFO: response:{"command":"start_drag_teach","drag_teach":true}
{"command":"stop_drag_teach","drag_teach":true}
{"arm_state":{"err":[0],"joint":[93361,6523,97588,-9647,42897,-15239],"pose":[-6775,-387400,213285,2941,-592,-1346]},"state":"current_arm_state"}

2025-09-26 10:39:02 - __main__ - INFO: 获取状态：成功，当前位姿为[-0.006775, -0.3874, 0.213285, 2.941, -0.592, -1.346]
2025-09-26 10:39:02 - __main__ - INFO: ===采集第9次数据！
2025-09-26 10:39:25 - __main__ - INFO: response:{"command":"start_drag_teach","drag_teach":true}
{"command":"stop_drag_teach","drag_teach":true}
{"command":"start_drag_teach","drag_teach":true}
{"command":"stop_drag_teach","drag_teach":true}
{"arm_state":{"err":[0],"joint":[93216,11972,86498,-2462,56869,1418],"pose":[12834,-378908,208053,-3054,-456,-1799]},"state":"current_arm_state"}

2025-09-26 10:39:25 - __main__ - INFO: 获取状态：成功，当前位姿为[0.012834, -0.378908, 0.208053, -3.054, -0.456, -1.799]
2025-09-26 10:39:25 - __main__ - INFO: ===采集第10次数据！
2025-09-26 10:39:39 - __main__ - INFO: response:{"command":"start_drag_teach","drag_teach":true}
{"command":"stop_drag_teach","drag_teach":true}
{"arm_state":{"err":[0],"joint":[93213,11947,86496,-2460,56824,25571],"pose":[11826,-379580,208540,-2878,-384,-2255]},"state":"current_arm_state"}

2025-09-26 10:39:39 - __main__ - INFO: 获取状态：成功，当前位姿为[0.011826, -0.37958, 0.20854, -2.878, -0.384, -2.255]
2025-09-26 10:39:39 - __main__ - INFO: ===采集第11次数据！
2025-09-26 10:39:54 - __main__ - INFO: response:{"command":"start_drag_teach","drag_teach":true}
{"command":"stop_drag_teach","drag_teach":true}
{"arm_state":{"err":[0],"joint":[93216,11946,86498,-7138,56824,-11655],"pose":[-5550,-379997,209539,3032,-464,-1492]},"state":"current_arm_state"}

2025-09-26 10:39:54 - __main__ - INFO: 获取状态：成功，当前位姿为[-0.00555, -0.379997, 0.209539, 3.032, -0.464, -1.492]
2025-09-26 10:39:54 - __main__ - INFO: ===采集第12次数据！
2025-09-26 10:40:14 - __main__ - INFO: response:{"command":"start_drag_teach","drag_teach":true}
{"command":"stop_drag_teach","drag_teach":true}
{"arm_state":{"err":[0],"joint":[92927,19179,73412,-2966,72122,2488],"pose":[6690,-369625,205102,-3107,-301,-1814]},"state":"current_arm_state"}

2025-09-26 10:40:14 - __main__ - INFO: 获取状态：成功，当前位姿为[0.00669, -0.369625, 0.205102, -3.107, -0.301, -1.814]
2025-09-26 10:40:14 - __main__ - INFO: ===采集第13次数据！
2025-09-26 10:40:31 - __main__ - INFO: response:{"command":"start_drag_teach","drag_teach":true}
{"command":"stop_drag_teach","drag_teach":true}
{"arm_state":{"err":[0],"joint":[92826,19150,73418,-5609,69643,22635],"pose":[-5986,-382141,209800,-3024,-337,-2173]},"state":"current_arm_state"}

2025-09-26 10:40:31 - __main__ - INFO: 获取状态：成功，当前位姿为[-0.005986, -0.382141, 0.2098, -3.024, -0.337, -2.173]
2025-09-26 10:40:31 - __main__ - INFO: ===采集第14次数据！
2025-09-26 10:40:51 - __main__ - INFO: response:{"command":"start_drag_teach","drag_teach":true}
{"command":"stop_drag_teach","drag_teach":true}
{"arm_state":{"err":[0],"joint":[92831,19147,73421,-5622,69656,-15269],"pose":[-4605,-381113,209362,3038,-338,-1470]},"state":"current_arm_state"}

2025-09-26 10:40:51 - __main__ - INFO: 获取状态：成功，当前位姿为[-0.004605, -0.381113, 0.209362, 3.038, -0.338, -1.47]
2025-09-26 10:40:51 - __main__ - INFO: ===采集第15次数据！
2025-09-26 10:41:24 - __main__ - INFO: response:{"command":"start_drag_teach","drag_teach":true}
{"command":"stop_drag_teach","drag_teach":true}
{"command":"start_drag_teach","drag_teach":true}
{"command":"stop_drag_teach","drag_teach":true}
{"arm_state":{"err":[0],"joint":[92658,23921,63940,-2546,74166,-3515],"pose":[8470,-401590,218348,-3120,-347,-1716]},"state":"current_arm_state"}

2025-09-26 10:41:24 - __main__ - INFO: 获取状态：成功，当前位姿为[0.00847, -0.40159, 0.218348, -3.12, -0.347, -1.716]
2025-09-26 10:41:24 - __main__ - INFO: ===采集第16次数据！
2025-09-26 10:41:39 - __main__ - INFO: response:{"command":"start_drag_teach","drag_teach":true}
{"command":"stop_drag_teach","drag_teach":true}
{"arm_state":{"err":[0],"joint":[92059,23874,63939,-1138,74093,17778],"pose":[9990,-402270,218790,-2979,-307,-2125]},"state":"current_arm_state"}

2025-09-26 10:41:39 - __main__ - INFO: 获取状态：成功，当前位姿为[0.00999, -0.40227, 0.21879, -2.979, -0.307, -2.125]
2025-09-26 10:41:40 - __main__ - INFO: ===采集第17次数据！
2025-09-26 10:41:53 - __main__ - INFO: response:{"command":"start_drag_teach","drag_teach":true}
{"command":"stop_drag_teach","drag_teach":true}
{"arm_state":{"err":[0],"joint":[92070,23870,63937,-3889,74106,-14865],"pose":[-1529,-401802,218978,3072,-346,-1508]},"state":"current_arm_state"}

2025-09-26 10:41:53 - __main__ - INFO: 获取状态：成功，当前位姿为[-0.001529, -0.401802, 0.218978, 3.072, -0.346, -1.508]
2025-09-26 10:41:53 - __main__ - INFO: ===采集第18次数据！
2025-09-26 10:42:28 - __main__ - INFO: 处理图片: 1.jpg
2025-09-26 10:42:28 - __main__ - INFO: 处理图片: 2.jpg
2025-09-26 10:42:29 - __main__ - INFO: 处理图片: 3.jpg
2025-09-26 10:42:29 - __main__ - INFO: 处理图片: 4.jpg
2025-09-26 10:42:29 - __main__ - INFO: 处理图片: 5.jpg
2025-09-26 10:42:29 - __main__ - INFO: 处理图片: 6.jpg
2025-09-26 10:42:29 - __main__ - INFO: 处理图片: 7.jpg
2025-09-26 10:42:29 - __main__ - INFO: 处理图片: 8.jpg
2025-09-26 10:42:29 - __main__ - INFO: 处理图片: 9.jpg
2025-09-26 10:42:29 - __main__ - INFO: 处理图片: 10.jpg
2025-09-26 10:42:29 - __main__ - INFO: 处理图片: 11.jpg
2025-09-26 10:42:29 - __main__ - INFO: 处理图片: 12.jpg
2025-09-26 10:42:29 - __main__ - INFO: 处理图片: 13.jpg
2025-09-26 10:42:29 - __main__ - INFO: 处理图片: 14.jpg
2025-09-26 10:42:29 - __main__ - INFO: 处理图片: 15.jpg
2025-09-26 10:42:29 - __main__ - INFO: 处理图片: 16.jpg
2025-09-26 10:42:29 - __main__ - INFO: 处理图片: 17.jpg
2025-09-26 10:42:29 - __main__ - INFO: 处理图片: 18.jpg
2025-09-26 10:42:29 - __main__ - INFO: 旋转矩阵是:
[[ 0.21136564 -0.97715759 -0.022082  ]
 [ 0.97737978  0.2114746  -0.00269506]
 [ 0.00730328 -0.02101286  0.99975253]]
2025-09-26 10:42:29 - __main__ - INFO: 平移向量是:
[[ 0.05964942]
 [-0.04602334]
 [-0.08593232]]
2025-09-26 10:42:29 - __main__ - INFO: 四元数是：
[-0.00588441 -0.00943973  0.62787584  0.77823402]
2025-09-26 11:06:40 - libs.auxiliary - INFO: create folder eye_hand_data/data2025092602
2025-09-26 11:06:40 - libs.auxiliary - INFO: command:['ping', '-c', '1', '192.168.1.18']
2025-09-26 11:06:40 - __main__ - INFO: robot_ip:192.168.1.18
2025-09-26 11:06:40 - __main__ - INFO: response:{"change_work_frame":true,"command":"set_change_work_frame"}

2025-09-26 11:06:40 - __main__ - INFO: 开始手眼标定程序，当前程序版号V1.0.0
2025-09-26 11:10:28 - __main__ - INFO: response:{"command":"start_drag_teach","drag_teach":true}
{"command":"stop_drag_teach","drag_teach":true}
{"command":"start_drag_teach","drag_teach":true}
{"command":"stop_drag_teach","drag_teach":true}
{"command":"start_drag_teach","drag_teach":true}
{"command":"stop_drag_teach","drag_teach":true}
{"command":"run_drag_trajectory","run_state":true}
{"device":0,"state":"current_trajectory_state","trajectory_connect":0,"trajectory_state":true}
{"command":"start_drag_teach","drag_teach":true}
{"command":"stop_drag_teach","drag_teach":true}
{"command":"start_drag_teach","drag_teach":true}
{"command":"stop_drag_teach","drag_teach":true}
{"arm_state":{"err":[0],"joint":[92787,2947,107571,-2055,39092,16144],"pose":[11846,-352750,183754,3016,517,1326]},"state":"current_arm_state"}

2025-09-26 11:10:28 - __main__ - INFO: 获取状态：成功，当前位姿为[0.011846, -0.35275, 0.183754, 3.016, 0.517, 1.326]
2025-09-26 11:10:28 - __main__ - INFO: ===采集第1次数据！
2025-09-26 11:10:44 - __main__ - INFO: response:{"command":"start_drag_teach","drag_teach":true}
{"command":"stop_drag_teach","drag_teach":true}
{"arm_state":{"err":[0],"joint":[92787,2948,107569,-2267,39089,204],"pose":[11846,-352466,183581,-3100,529,1650]},"state":"current_arm_state"}

2025-09-26 11:10:44 - __main__ - INFO: 获取状态：成功，当前位姿为[0.011846, -0.352466, 0.183581, -3.1, 0.529, 1.65]
2025-09-26 11:10:44 - __main__ - INFO: ===采集第2次数据！
2025-09-26 11:10:57 - __main__ - INFO: response:{"command":"start_drag_teach","drag_teach":true}
{"command":"stop_drag_teach","drag_teach":true}
{"arm_state":{"err":[0],"joint":[92791,2948,107571,-2473,39086,-14798],"pose":[11727,-352061,183335,-2948,498,1953]},"state":"current_arm_state"}

2025-09-26 11:10:57 - __main__ - INFO: 获取状态：成功，当前位姿为[0.011727, -0.352061, 0.183335, -2.948, 0.498, 1.953]
2025-09-26 11:10:57 - __main__ - INFO: ===采集第3次数据！
2025-09-26 11:11:20 - __main__ - INFO: response:{"command":"start_drag_teach","drag_teach":true}
{"command":"stop_drag_teach","drag_teach":true}
{"command":"start_drag_teach","drag_teach":true}
{"command":"stop_drag_teach","drag_teach":true}
{"command":"start_drag_teach","drag_teach":true}
{"command":"stop_drag_teach","drag_teach":true}
{"arm_state":{"err":[0],"joint":[92830,2189,99382,-2433,46042,-1523],"pose":[11291,-366366,220341,-3075,562,1686]},"state":"current_arm_state"}

2025-09-26 11:11:20 - __main__ - INFO: 获取状态：成功，当前位姿为[0.011291, -0.366366, 0.220341, -3.075, 0.562, 1.686]
2025-09-26 11:11:20 - __main__ - INFO: ===采集第4次数据！
2025-09-26 11:11:34 - __main__ - INFO: response:{"command":"start_drag_teach","drag_teach":true}
{"command":"stop_drag_teach","drag_teach":true}
{"arm_state":{"err":[0],"joint":[92834,2189,99378,-2440,45970,19094],"pose":[10489,-367095,220826,2981,547,1262]},"state":"current_arm_state"}

2025-09-26 11:11:34 - __main__ - INFO: 获取状态：成功，当前位姿为[0.010489, -0.367095, 0.220826, 2.981, 0.547, 1.262]
2025-09-26 11:11:34 - __main__ - INFO: ===采集第5次数据！
2025-09-26 11:11:50 - __main__ - INFO: response:{"command":"start_drag_teach","drag_teach":true}
{"command":"stop_drag_teach","drag_teach":true}
{"arm_state":{"err":[0],"joint":[92829,2189,99376,-2962,45972,-12134],"pose":[9819,-366477,220430,-2951,538,1909]},"state":"current_arm_state"}

2025-09-26 11:11:50 - __main__ - INFO: 获取状态：成功，当前位姿为[0.009819, -0.366477, 0.22043, -2.951, 0.538, 1.909]
2025-09-26 11:11:50 - __main__ - INFO: ===采集第6次数据！
2025-09-26 11:12:11 - __main__ - INFO: response:{"command":"start_drag_teach","drag_teach":true}
{"command":"stop_drag_teach","drag_teach":true}
{"arm_state":{"err":[0],"joint":[92826,6903,88905,-173,60847,532],"pose":[18181,-351571,218634,3140,407,1611]},"state":"current_arm_state"}

2025-09-26 11:12:11 - __main__ - INFO: 获取状态：成功，当前位姿为[0.018181, -0.351571, 0.218634, 3.14, 0.407, 1.611]
2025-09-26 11:12:11 - __main__ - INFO: ===采集第7次数据！
2025-09-26 11:12:32 - __main__ - INFO: response:{"command":"start_drag_teach","drag_teach":true}
{"command":"stop_drag_teach","drag_teach":true}
{"command":"start_drag_teach","drag_teach":true}
{"command":"stop_drag_teach","drag_teach":true}
{"arm_state":{"err":[0],"joint":[92833,6866,88916,-664,57091,20667],"pose":[16235,-368450,226908,2974,445,1225]},"state":"current_arm_state"}

2025-09-26 11:12:32 - __main__ - INFO: 获取状态：成功，当前位姿为[0.016235, -0.36845, 0.226908, 2.974, 0.445, 1.225]
2025-09-26 11:12:32 - __main__ - INFO: ===采集第8次数据！
2025-09-26 11:12:47 - __main__ - INFO: response:{"command":"start_drag_teach","drag_teach":true}
{"command":"stop_drag_teach","drag_teach":true}
{"arm_state":{"err":[0],"joint":[92826,6865,88916,-2981,57095,-14822],"pose":[8130,-368058,226699,-2956,440,1938]},"state":"current_arm_state"}

2025-09-26 11:12:47 - __main__ - INFO: 获取状态：成功，当前位姿为[0.00813, -0.368058, 0.226699, -2.956, 0.44, 1.938]
2025-09-26 11:12:47 - __main__ - INFO: ===采集第9次数据！
2025-09-26 11:13:10 - __main__ - INFO: response:{"command":"start_drag_teach","drag_teach":true}
{"command":"stop_drag_teach","drag_teach":true}
{"command":"start_drag_teach","drag_teach":true}
{"command":"stop_drag_teach","drag_teach":true}
{"command":"start_drag_teach","drag_teach":true}
{"command":"stop_drag_teach","drag_teach":true}
{"arm_state":{"err":[0],"joint":[89718,10067,77857,-234,70800,-3968],"pose":[-1107,-357574,241470,-3110,370,1641]},"state":"current_arm_state"}

2025-09-26 11:13:10 - __main__ - INFO: 获取状态：成功，当前位姿为[-0.001107, -0.357574, 0.24147, -3.11, 0.37, 1.641]
2025-09-26 11:13:10 - __main__ - INFO: ===采集第10次数据！
2025-09-26 11:13:25 - __main__ - INFO: response:{"command":"start_drag_teach","drag_teach":true}
{"command":"stop_drag_teach","drag_teach":true}
{"arm_state":{"err":[0],"joint":[89719,10064,77853,-240,70576,16391],"pose":[-1960,-359034,242090,3035,360,1261]},"state":"current_arm_state"}

2025-09-26 11:13:25 - __main__ - INFO: 获取状态：成功，当前位姿为[-0.00196, -0.359034, 0.24209, 3.035, 0.36, 1.261]
2025-09-26 11:13:25 - __main__ - INFO: ===采集第11次数据！
2025-09-26 11:13:40 - __main__ - INFO: response:{"command":"start_drag_teach","drag_teach":true}
{"command":"stop_drag_teach","drag_teach":true}
{"arm_state":{"err":[0],"joint":[89719,10064,77854,-251,70581,-11898],"pose":[-905,-358332,241801,-3055,365,1790]},"state":"current_arm_state"}

2025-09-26 11:13:40 - __main__ - INFO: 获取状态：成功，当前位姿为[-0.000905, -0.358332, 0.241801, -3.055, 0.365, 1.79]
2025-09-26 11:13:40 - __main__ - INFO: ===采集第12次数据！
2025-09-26 11:14:01 - __main__ - INFO: response:{"command":"start_drag_teach","drag_teach":true}
{"command":"stop_drag_teach","drag_teach":true}
{"arm_state":{"err":[0],"joint":[89724,16964,71592,-1892,73427,53],"pose":[-9014,-372786,226657,-3107,314,1574]},"state":"current_arm_state"}

2025-09-26 11:14:01 - __main__ - INFO: 获取状态：成功，当前位姿为[-0.009014, -0.372786, 0.226657, -3.107, 0.314, 1.574]
2025-09-26 11:14:01 - __main__ - INFO: ===采集第13次数据！
2025-09-26 11:14:16 - __main__ - INFO: response:{"command":"start_drag_teach","drag_teach":true}
{"command":"stop_drag_teach","drag_teach":true}
{"arm_state":{"err":[0],"joint":[89726,16965,71591,-1934,73250,20672],"pose":[-10061,-373995,227093,3059,308,1196]},"state":"current_arm_state"}

2025-09-26 11:14:16 - __main__ - INFO: 获取状态：成功，当前位姿为[-0.010061, -0.373995, 0.227093, 3.059, 0.308, 1.196]
2025-09-26 11:14:16 - __main__ - INFO: ===采集第14次数据！
2025-09-26 11:14:30 - __main__ - INFO: response:{"command":"start_drag_teach","drag_teach":true}
{"command":"stop_drag_teach","drag_teach":true}
{"arm_state":{"err":[0],"joint":[89728,16964,71589,-2070,73254,-13267],"pose":[-9350,-373193,226814,-3029,299,1819]},"state":"current_arm_state"}

2025-09-26 11:14:30 - __main__ - INFO: 获取状态：成功，当前位姿为[-0.00935, -0.373193, 0.226814, -3.029, 0.299, 1.819]
2025-09-26 11:14:30 - __main__ - INFO: ===采集第15次数据！
2025-09-26 11:14:59 - __main__ - INFO: response:{"command":"start_drag_teach","drag_teach":true}
{"command":"stop_drag_teach","drag_teach":true}
{"command":"start_drag_teach","drag_teach":true}
{"command":"stop_drag_teach","drag_teach":true}
{"arm_state":{"err":[0],"joint":[93746,20815,63965,-4812,79465,488],"pose":[3350,-378332,232368,-3057,275,1643]},"state":"current_arm_state"}

2025-09-26 11:14:59 - __main__ - INFO: 获取状态：成功，当前位姿为[0.00335, -0.378332, 0.232368, -3.057, 0.275, 1.643]
2025-09-26 11:14:59 - __main__ - INFO: ===采集第16次数据！
2025-09-26 11:15:13 - __main__ - INFO: response:{"command":"start_drag_teach","drag_teach":true}
{"command":"stop_drag_teach","drag_teach":true}
{"arm_state":{"err":[0],"joint":[93720,20809,63969,-4817,79070,16322],"pose":[2670,-380521,233077,3143,294,1355]},"state":"current_arm_state"}

2025-09-26 11:15:13 - __main__ - INFO: 获取状态：成功，当前位姿为[0.00267, -0.380521, 0.233077, 3.143, 0.294, 1.355]
2025-09-26 11:15:13 - __main__ - INFO: ===采集第17次数据！
2025-09-26 11:15:27 - __main__ - INFO: response:{"command":"start_drag_teach","drag_teach":true}
{"command":"stop_drag_teach","drag_teach":true}
{"arm_state":{"err":[0],"joint":[93714,20810,63970,-4835,79078,-14121],"pose":[3646,-379644,232736,-2987,251,1905]},"state":"current_arm_state"}

2025-09-26 11:15:27 - __main__ - INFO: 获取状态：成功，当前位姿为[0.003646, -0.379644, 0.232736, -2.987, 0.251, 1.905]
2025-09-26 11:15:27 - __main__ - INFO: ===采集第18次数据！
2025-09-26 11:17:35 - __main__ - INFO: 处理图片: 1.jpg
2025-09-26 11:17:35 - __main__ - INFO: 处理图片: 2.jpg
2025-09-26 11:17:35 - __main__ - INFO: 处理图片: 3.jpg
2025-09-26 11:17:35 - __main__ - INFO: 处理图片: 4.jpg
2025-09-26 11:17:35 - __main__ - INFO: 处理图片: 5.jpg
2025-09-26 11:17:35 - __main__ - INFO: 处理图片: 6.jpg
2025-09-26 11:17:35 - __main__ - INFO: 处理图片: 7.jpg
2025-09-26 11:17:35 - __main__ - INFO: 处理图片: 8.jpg
2025-09-26 11:17:35 - __main__ - INFO: 处理图片: 9.jpg
2025-09-26 11:17:35 - __main__ - INFO: 处理图片: 10.jpg
2025-09-26 11:17:35 - __main__ - INFO: 处理图片: 11.jpg
2025-09-26 11:17:35 - __main__ - INFO: 处理图片: 12.jpg
2025-09-26 11:17:35 - __main__ - INFO: 处理图片: 13.jpg
2025-09-26 11:17:35 - __main__ - INFO: 处理图片: 14.jpg
2025-09-26 11:17:35 - __main__ - INFO: 处理图片: 15.jpg
2025-09-26 11:17:35 - __main__ - INFO: 处理图片: 16.jpg
2025-09-26 11:17:35 - __main__ - INFO: 处理图片: 17.jpg
2025-09-26 11:17:35 - __main__ - INFO: 处理图片: 18.jpg
2025-09-26 11:17:36 - __main__ - INFO: 旋转矩阵是:
[[ 0.04713109  0.99882768 -0.01104197]
 [-0.99888558  0.04715574  0.00198277]
 [ 0.00250114  0.01093621  0.99993707]]
2025-09-26 11:17:36 - __main__ - INFO: 平移向量是:
[[-0.06751417]
 [ 0.02935983]
 [-0.08754241]]
2025-09-26 11:17:36 - __main__ - INFO: 四元数是：
[ 0.00309349 -0.00467926 -0.69022646  0.72357168]
