2026-03-17 16:20:40 - __main__ - INFO: 处理图片: 1.jpg
2026-03-17 16:20:40 - __main__ - INFO: 处理图片: 2.jpg
2026-03-17 16:20:40 - __main__ - INFO: 处理图片: 3.jpg
2026-03-17 16:20:40 - __main__ - INFO: 处理图片: 4.jpg
2026-03-17 16:20:40 - __main__ - INFO: 处理图片: 5.jpg
2026-03-17 16:20:40 - __main__ - INFO: 处理图片: 6.jpg
2026-03-17 16:20:40 - __main__ - INFO: 处理图片: 7.jpg
2026-03-17 16:20:40 - __main__ - INFO: 处理图片: 8.jpg
2026-03-17 16:20:40 - __main__ - INFO: 处理图片: 9.jpg
2026-03-17 16:20:40 - __main__ - INFO: 处理图片: 10.jpg
2026-03-17 16:20:40 - __main__ - INFO: 处理图片: 11.jpg
2026-03-17 16:20:40 - __main__ - INFO: 处理图片: 12.jpg
2026-03-17 16:20:40 - __main__ - INFO: 处理图片: 13.jpg
2026-03-17 16:20:40 - __main__ - INFO: 处理图片: 14.jpg
2026-03-17 16:20:40 - __main__ - INFO: 处理图片: 15.jpg
2026-03-17 16:20:40 - __main__ - INFO: 处理图片: 16.jpg
2026-03-17 16:20:40 - __main__ - INFO: 处理图片: 17.jpg
2026-03-17 16:20:40 - __main__ - INFO: 处理图片: 18.jpg
2026-03-17 16:20:40 - __main__ - INFO: 旋转矩阵是:
[[ 0.21136564 -0.97715759 -0.022082  ]
 [ 0.97737978  0.2114746  -0.00269506]
 [ 0.00730328 -0.02101286  0.99975253]]
2026-03-17 16:20:40 - __main__ - INFO: 平移向量是:
[[ 0.05964942]
 [-0.04602334]
 [-0.08593232]]
2026-03-17 16:20:40 - __main__ - INFO: 四元数是：
[-0.00588441 -0.00943973  0.62787584  0.77823402]
2026-03-17 16:24:54 - __main__ - INFO: 处理图片: 1.jpg
2026-03-17 16:24:54 - __main__ - INFO: 处理图片: 2.jpg
2026-03-17 16:24:54 - __main__ - INFO: 处理图片: 3.jpg
2026-03-17 16:24:54 - __main__ - INFO: 处理图片: 4.jpg
2026-03-17 16:24:54 - __main__ - INFO: 处理图片: 5.jpg
2026-03-17 16:24:54 - __main__ - INFO: 处理图片: 6.jpg
2026-03-17 16:24:54 - __main__ - INFO: 处理图片: 7.jpg
2026-03-17 16:24:54 - __main__ - INFO: 处理图片: 8.jpg
2026-03-17 16:24:54 - __main__ - INFO: 处理图片: 9.jpg
2026-03-17 16:24:54 - __main__ - INFO: 处理图片: 10.jpg
2026-03-17 16:24:54 - __main__ - INFO: 处理图片: 11.jpg
2026-03-17 16:24:54 - __main__ - INFO: 处理图片: 12.jpg
2026-03-17 16:24:54 - __main__ - INFO: 处理图片: 13.jpg
2026-03-17 16:24:54 - __main__ - INFO: 处理图片: 14.jpg
2026-03-17 16:24:54 - __main__ - INFO: 处理图片: 15.jpg
2026-03-17 16:24:54 - __main__ - INFO: 处理图片: 16.jpg
2026-03-17 16:24:54 - __main__ - INFO: 处理图片: 17.jpg
2026-03-17 16:24:54 - __main__ - INFO: 处理图片: 18.jpg
2026-03-17 16:24:55 - __main__ - INFO: 旋转矩阵是:
[[ 0.21136564 -0.97715759 -0.022082  ]
 [ 0.97737978  0.2114746  -0.00269506]
 [ 0.00730328 -0.02101286  0.99975253]]
2026-03-17 16:24:55 - __main__ - INFO: 平移向量是:
[[ 0.05964942]
 [-0.04602334]
 [-0.08593232]]
2026-03-17 16:24:55 - __main__ - INFO: 四元数是：
[-0.00588441 -0.00943973  0.62787584  0.77823402]
2026-03-17 16:28:09 - __main__ - INFO: 处理图片: 1.jpg
2026-03-17 16:28:09 - __main__ - INFO: 处理图片: 2.jpg
2026-03-17 16:28:09 - __main__ - INFO: 处理图片: 3.jpg
2026-03-17 16:28:09 - __main__ - INFO: 处理图片: 4.jpg
2026-03-17 16:28:09 - __main__ - INFO: 处理图片: 5.jpg
2026-03-17 16:28:09 - __main__ - INFO: 处理图片: 6.jpg
2026-03-17 16:28:09 - __main__ - INFO: 处理图片: 7.jpg
2026-03-17 16:28:10 - __main__ - INFO: 处理图片: 8.jpg
2026-03-17 16:28:10 - __main__ - INFO: 处理图片: 9.jpg
2026-03-17 16:28:10 - __main__ - INFO: 处理图片: 10.jpg
2026-03-17 16:28:10 - __main__ - INFO: 处理图片: 11.jpg
2026-03-17 16:28:10 - __main__ - INFO: 处理图片: 12.jpg
2026-03-17 16:28:10 - __main__ - INFO: 处理图片: 13.jpg
2026-03-17 16:28:10 - __main__ - INFO: 处理图片: 14.jpg
2026-03-17 16:28:10 - __main__ - INFO: 处理图片: 15.jpg
2026-03-17 16:28:10 - __main__ - INFO: 处理图片: 16.jpg
2026-03-17 16:28:10 - __main__ - INFO: 处理图片: 17.jpg
2026-03-17 16:28:10 - __main__ - INFO: 处理图片: 18.jpg
2026-03-17 16:28:10 - __main__ - INFO: 旋转矩阵是:
[[ 0.21136564 -0.97715759 -0.022082  ]
 [ 0.97737978  0.2114746  -0.00269506]
 [ 0.00730328 -0.02101286  0.99975253]]
2026-03-17 16:28:10 - __main__ - INFO: 平移向量是:
[[ 0.05964942]
 [-0.04602334]
 [-0.08593232]]
2026-03-17 16:28:10 - __main__ - INFO: 四元数是：
[-0.00588441 -0.00943973  0.62787584  0.77823402]
2026-03-17 16:29:30 - __main__ - INFO: 处理图片: 1.jpg
2026-03-17 16:29:30 - __main__ - INFO: 处理图片: 2.jpg
2026-03-17 16:29:31 - __main__ - INFO: 处理图片: 3.jpg
2026-03-17 16:29:31 - __main__ - INFO: 处理图片: 4.jpg
2026-03-17 16:29:31 - __main__ - INFO: 处理图片: 5.jpg
2026-03-17 16:29:31 - __main__ - INFO: 处理图片: 6.jpg
2026-03-17 16:29:31 - __main__ - INFO: 处理图片: 7.jpg
2026-03-17 16:29:31 - __main__ - INFO: 处理图片: 8.jpg
2026-03-17 16:29:31 - __main__ - INFO: 处理图片: 9.jpg
2026-03-17 16:29:31 - __main__ - INFO: 处理图片: 10.jpg
2026-03-17 16:29:31 - __main__ - INFO: 处理图片: 11.jpg
2026-03-17 16:29:31 - __main__ - INFO: 处理图片: 12.jpg
2026-03-17 16:29:31 - __main__ - INFO: 处理图片: 13.jpg
2026-03-17 16:29:31 - __main__ - INFO: 处理图片: 14.jpg
2026-03-17 16:29:31 - __main__ - INFO: 处理图片: 15.jpg
2026-03-17 16:29:31 - __main__ - INFO: 处理图片: 16.jpg
2026-03-17 16:29:31 - __main__ - INFO: 处理图片: 17.jpg
2026-03-17 16:29:31 - __main__ - INFO: 处理图片: 18.jpg
2026-03-17 16:29:31 - __main__ - INFO: 旋转矩阵是:
[[ 0.21136564 -0.97715759 -0.022082  ]
 [ 0.97737978  0.2114746  -0.00269506]
 [ 0.00730328 -0.02101286  0.99975253]]
2026-03-17 16:29:31 - __main__ - INFO: 平移向量是:
[[ 0.05964942]
 [-0.04602334]
 [-0.08593232]]
2026-03-17 16:29:31 - __main__ - INFO: 四元数是：
[-0.00588441 -0.00943973  0.62787584  0.77823402]
