2026-04-09 16:14:31 - libs.auxiliary - INFO: create folder eye_hand_data/data20260409
2026-04-09 16:14:31 - libs.auxiliary - INFO: command:['ping', '-c', '1', '192.168.1.18']
2026-04-09 16:14:31 - __main__ - INFO: robot_ip:192.168.1.18
2026-04-09 16:14:32 - __main__ - INFO: response:{"change_work_frame":true,"command":"set_change_work_frame"}

2026-04-09 16:14:32 - __main__ - INFO: 开始手眼标定程序，当前程序版号V1.0.0
2026-04-09 16:16:09 - __main__ - INFO: response:{"arm_state":{"err":[0],"joint":[91604,50164,92377,2443,3691,-1707],"pose":[10869,-437383,68872,3152,-585,-1558]},"state":"current_arm_state"}

2026-04-09 16:16:09 - __main__ - INFO: 获取状态：成功，当前位姿为[0.010869, -0.437383, 0.068872, 3.152, -0.585, -1.558]
2026-04-09 16:16:09 - __main__ - INFO: ===采集第1次数据！
2026-04-09 16:16:42 - __main__ - INFO: response:{"arm_state":{"err":[0],"joint":[93940,45067,97647,-12009,3584,-1712],"pose":[24546,-421369,85625,2971,-563,-1218]},"state":"current_arm_state"}

2026-04-09 16:16:42 - __main__ - INFO: 获取状态：成功，当前位姿为[0.024546, -0.421369, 0.085625, 2.971, -0.563, -1.218]
2026-04-09 16:16:42 - __main__ - INFO: ===采集第2次数据！
2026-04-09 16:17:10 - __main__ - INFO: response:{"arm_state":{"err":[0],"joint":[90685,44333,102595,29041,-90,-1712],"pose":[2846,-404122,77015,-2852,-503,-2110]},"state":"current_arm_state"}

2026-04-09 16:17:10 - __main__ - INFO: 获取状态：成功，当前位姿为[0.002846, -0.404122, 0.077015, -2.852, -0.503, -2.11]
2026-04-09 16:17:10 - __main__ - INFO: ===采集第3次数据！
2026-04-09 16:17:31 - __main__ - INFO: response:{"arm_state":{"err":[0],"joint":[88151,43824,92434,13664,13452,-1712],"pose":[-4507,-425989,98644,-2971,-508,-1834]},"state":"current_arm_state"}

2026-04-09 16:17:31 - __main__ - INFO: 获取状态：成功，当前位姿为[-0.004507, -0.425989, 0.098644, -2.971, -0.508, -1.834]
2026-04-09 16:17:31 - __main__ - INFO: ===采集第4次数据！
2026-04-09 16:17:47 - __main__ - INFO: response:{"arm_state":{"err":[0],"joint":[89285,43816,95278,32622,9348,-1720],"pose":[10730,-424715,96088,-2756,-442,-2177]},"state":"current_arm_state"}

2026-04-09 16:17:47 - __main__ - INFO: 获取状态：成功，当前位姿为[0.01073, -0.424715, 0.096088, -2.756, -0.442, -2.177]
2026-04-09 16:17:47 - __main__ - INFO: ===采集第5次数据！
2026-04-09 16:18:01 - __main__ - INFO: response:{"arm_state":{"err":[0],"joint":[97131,41286,95258,-17740,14330,-1712],"pose":[34541,-413652,104973,2889,-461,-1077]},"state":"current_arm_state"}

2026-04-09 16:18:01 - __main__ - INFO: 获取状态：成功，当前位姿为[0.034541, -0.413652, 0.104973, 2.889, -0.461, -1.077]
2026-04-09 16:18:01 - __main__ - INFO: ===采集第6次数据！
2026-04-09 16:18:13 - __main__ - INFO: response:{"arm_state":{"err":[0],"joint":[94088,41296,85354,-5193,21546,-1708],"pose":[23105,-444621,135207,3037,-544,-1366]},"state":"current_arm_state"}

2026-04-09 16:18:13 - __main__ - INFO: 获取状态：成功，当前位姿为[0.023105, -0.444621, 0.135207, 3.037, -0.544, -1.366]
2026-04-09 16:18:13 - __main__ - INFO: ===采集第7次数据！
2026-04-09 16:18:28 - __main__ - INFO: response:{"arm_state":{"err":[0],"joint":[84159,39263,87610,22257,26060,-1711],"pose":[-11599,-427386,136478,-2818,-418,-2021]},"state":"current_arm_state"}

2026-04-09 16:18:28 - __main__ - INFO: 获取状态：成功，当前位姿为[-0.011599, -0.427386, 0.136478, -2.818, -0.418, -2.021]
2026-04-09 16:18:28 - __main__ - INFO: ===采集第8次数据！
2026-04-09 16:18:39 - __main__ - INFO: response:{"arm_state":{"err":[0],"joint":[97006,39147,86926,-27042,25022,-1713],"pose":[12786,-437645,145796,2716,-399,-953]},"state":"current_arm_state"}

2026-04-09 16:18:39 - __main__ - INFO: 获取状态：成功，当前位姿为[0.012786, -0.437645, 0.145796, 2.716, -0.399, -0.953]
2026-04-09 16:18:39 - __main__ - INFO: ===采集第9次数据！
2026-04-09 16:18:59 - __main__ - INFO: response:{"arm_state":{"err":[0],"joint":[88198,44347,82227,4213,24698,-1711],"pose":[-9710,-445561,120332,-3091,-496,-1644]},"state":"current_arm_state"}

2026-04-09 16:18:59 - __main__ - INFO: 获取状态：成功，当前位姿为[-0.00971, -0.445561, 0.120332, -3.091, -0.496, -1.644]
2026-04-09 16:18:59 - __main__ - INFO: ===采集第10次数据！
2026-04-09 16:19:09 - __main__ - INFO: response:{"arm_state":{"err":[0],"joint":[84700,44344,81720,25827,27137,-1720],"pose":[-2761,-447239,125366,-2764,-396,-2063]},"state":"current_arm_state"}

2026-04-09 16:19:09 - __main__ - INFO: 获取状态：成功，当前位姿为[-0.002761, -0.447239, 0.125366, -2.764, -0.396, -2.063]
2026-04-09 16:19:09 - __main__ - INFO: ===采集第11次数据！
2026-04-09 16:19:21 - __main__ - INFO: response:{"arm_state":{"err":[0],"joint":[97483,43466,79690,-24097,31180,-1707],"pose":[13789,-447706,136608,2753,-364,-1026]},"state":"current_arm_state"}

2026-04-09 16:19:21 - __main__ - INFO: 获取状态：成功，当前位姿为[0.013789, -0.447706, 0.136608, 2.753, -0.364, -1.026]
2026-04-09 16:19:21 - __main__ - INFO: ===采集第12次数据！
2026-04-09 16:20:00 - __main__ - INFO: response:{"arm_state":{"err":[0],"joint":[90506,54797,95074,2255,-4628,-1709],"pose":[1228,-430695,39512,3144,-602,-1573]},"state":"current_arm_state"}

2026-04-09 16:20:00 - __main__ - INFO: 获取状态：成功，当前位姿为[0.001228, -0.430695, 0.039512, 3.144, -0.602, -1.573]
2026-04-09 16:20:00 - __main__ - INFO: ===采集第13次数据！
2026-04-09 16:20:34 - __main__ - INFO: response:{"arm_state":{"err":[0],"joint":[91247,50739,89237,30835,13039,-1704],"pose":[31064,-429405,64134,-2792,-380,-2083]},"state":"current_arm_state"}

2026-04-09 16:20:34 - __main__ - INFO: 获取状态：成功，当前位姿为[0.031064, -0.429405, 0.064134, -2.792, -0.38, -2.083]
2026-04-09 16:20:34 - __main__ - INFO: ===采集第14次数据！
2026-04-09 16:20:46 - __main__ - INFO: response:{"arm_state":{"err":[0],"joint":[91597,47254,88368,-13296,12969,-1771],"pose":[31,-442454,91923,2936,-516,-1246]},"state":"current_arm_state"}

2026-04-09 16:20:46 - __main__ - INFO: 获取状态：成功，当前位姿为[3.1e-05, -0.442454, 0.091923, 2.936, -0.516, -1.246]
2026-04-09 16:20:46 - __main__ - INFO: ===采集第15次数据！
2026-04-09 16:22:34 - __main__ - INFO: 读 eye_hand_data/data20260409/1.jpg
2026-04-09 16:22:34 - __main__ - INFO: 读 eye_hand_data/data20260409/2.jpg
2026-04-09 16:22:34 - __main__ - INFO: 读 eye_hand_data/data20260409/3.jpg
2026-04-09 16:22:35 - __main__ - INFO: 读 eye_hand_data/data20260409/4.jpg
2026-04-09 16:22:35 - __main__ - INFO: 读 eye_hand_data/data20260409/5.jpg
2026-04-09 16:22:35 - __main__ - INFO: 读 eye_hand_data/data20260409/6.jpg
2026-04-09 16:22:35 - __main__ - INFO: 读 eye_hand_data/data20260409/7.jpg
2026-04-09 16:22:36 - __main__ - INFO: 读 eye_hand_data/data20260409/8.jpg
2026-04-09 16:22:36 - __main__ - INFO: 读 eye_hand_data/data20260409/9.jpg
2026-04-09 16:22:36 - __main__ - INFO: 读 eye_hand_data/data20260409/10.jpg
2026-04-09 16:22:36 - __main__ - INFO: 读 eye_hand_data/data20260409/11.jpg
2026-04-09 16:22:36 - __main__ - INFO: 读 eye_hand_data/data20260409/12.jpg
2026-04-09 16:22:37 - __main__ - INFO: 读 eye_hand_data/data20260409/13.jpg
2026-04-09 16:22:37 - __main__ - INFO: 读 eye_hand_data/data20260409/14.jpg
2026-04-09 16:22:37 - __main__ - INFO: 读 eye_hand_data/data20260409/15.jpg
2026-04-09 16:23:19 - __main__ - INFO: 读 eye_hand_data/data20260409/1.jpg
2026-04-09 16:23:20 - __main__ - INFO: 读 eye_hand_data/data20260409/2.jpg
2026-04-09 16:23:20 - __main__ - INFO: 读 eye_hand_data/data20260409/3.jpg
2026-04-09 16:23:20 - __main__ - INFO: 读 eye_hand_data/data20260409/4.jpg
2026-04-09 16:23:20 - __main__ - INFO: 读 eye_hand_data/data20260409/5.jpg
2026-04-09 16:23:20 - __main__ - INFO: 读 eye_hand_data/data20260409/6.jpg
2026-04-09 16:23:21 - __main__ - INFO: 读 eye_hand_data/data20260409/7.jpg
2026-04-09 16:23:21 - __main__ - INFO: 读 eye_hand_data/data20260409/8.jpg
2026-04-09 16:23:21 - __main__ - INFO: 读 eye_hand_data/data20260409/9.jpg
2026-04-09 16:23:21 - __main__ - INFO: 读 eye_hand_data/data20260409/10.jpg
2026-04-09 16:23:21 - __main__ - INFO: 读 eye_hand_data/data20260409/11.jpg
2026-04-09 16:23:22 - __main__ - INFO: 读 eye_hand_data/data20260409/12.jpg
2026-04-09 16:23:22 - __main__ - INFO: 读 eye_hand_data/data20260409/13.jpg
2026-04-09 16:23:22 - __main__ - INFO: 读 eye_hand_data/data20260409/14.jpg
2026-04-09 16:23:22 - __main__ - INFO: 读 eye_hand_data/data20260409/15.jpg
2026-04-09 16:27:26 - __main__ - INFO: 读 eye_hand_data/data20260409/1.jpg
2026-04-09 16:27:26 - __main__ - INFO: 读 eye_hand_data/data20260409/2.jpg
2026-04-09 16:27:26 - __main__ - INFO: 读 eye_hand_data/data20260409/3.jpg
2026-04-09 16:27:26 - __main__ - INFO: 读 eye_hand_data/data20260409/4.jpg
2026-04-09 16:27:27 - __main__ - INFO: 读 eye_hand_data/data20260409/5.jpg
2026-04-09 16:27:27 - __main__ - INFO: 读 eye_hand_data/data20260409/6.jpg
2026-04-09 16:27:27 - __main__ - INFO: 读 eye_hand_data/data20260409/7.jpg
2026-04-09 16:27:27 - __main__ - INFO: 读 eye_hand_data/data20260409/8.jpg
2026-04-09 16:27:28 - __main__ - INFO: 读 eye_hand_data/data20260409/9.jpg
2026-04-09 16:27:28 - __main__ - INFO: 读 eye_hand_data/data20260409/10.jpg
2026-04-09 16:27:28 - __main__ - INFO: 读 eye_hand_data/data20260409/11.jpg
2026-04-09 16:27:28 - __main__ - INFO: 读 eye_hand_data/data20260409/12.jpg
2026-04-09 16:27:28 - __main__ - INFO: 读 eye_hand_data/data20260409/13.jpg
2026-04-09 16:27:29 - __main__ - INFO: 读 eye_hand_data/data20260409/14.jpg
2026-04-09 16:27:29 - __main__ - INFO: 读 eye_hand_data/data20260409/15.jpg
2026-04-09 16:29:43 - __main__ - INFO: 读 eye_hand_data/data20260409/1.jpg
2026-04-09 16:29:43 - __main__ - INFO: 读 eye_hand_data/data20260409/2.jpg
2026-04-09 16:29:43 - __main__ - INFO: 读 eye_hand_data/data20260409/3.jpg
2026-04-09 16:29:43 - __main__ - INFO: 读 eye_hand_data/data20260409/4.jpg
2026-04-09 16:29:43 - __main__ - INFO: 读 eye_hand_data/data20260409/5.jpg
2026-04-09 16:29:43 - __main__ - INFO: 读 eye_hand_data/data20260409/6.jpg
2026-04-09 16:29:43 - __main__ - INFO: 读 eye_hand_data/data20260409/7.jpg
2026-04-09 16:29:43 - __main__ - INFO: 读 eye_hand_data/data20260409/8.jpg
2026-04-09 16:29:43 - __main__ - INFO: 读 eye_hand_data/data20260409/9.jpg
2026-04-09 16:29:43 - __main__ - INFO: 读 eye_hand_data/data20260409/10.jpg
2026-04-09 16:29:43 - __main__ - INFO: 读 eye_hand_data/data20260409/11.jpg
2026-04-09 16:29:43 - __main__ - INFO: 读 eye_hand_data/data20260409/12.jpg
2026-04-09 16:29:43 - __main__ - INFO: 读 eye_hand_data/data20260409/13.jpg
2026-04-09 16:29:43 - __main__ - INFO: 读 eye_hand_data/data20260409/14.jpg
2026-04-09 16:29:43 - __main__ - INFO: 读 eye_hand_data/data20260409/15.jpg
2026-04-09 16:29:44 - __main__ - INFO: 旋转矩阵是:
 [[-0.02029124 -0.99874145  0.04586691]
 [ 0.9997525  -0.02068757 -0.0081826 ]
 [ 0.00912117  0.04568952  0.99891405]]
2026-04-09 16:29:44 - __main__ - INFO: 平移向量是:
 [[ 0.06906905]
 [-0.0333543 ]
 [-0.01779033]]
2026-04-09 16:29:44 - __main__ - INFO: 四元数是：
 [0.01925018 0.01313039 0.71412409 0.6996312 ]
