2025-09-16 10:04:01 - libs.auxiliary - INFO: create folder eye_hand_data/data20250916
2025-09-16 10:04:01 - libs.auxiliary - INFO: command:['ping', '-c', '1', '192.168.1.18']
2025-09-16 10:04:01 - __main__ - INFO: robot_ip:192.168.1.18
2025-09-16 10:04:01 - __main__ - INFO: response:{"change_work_frame":true,"command":"set_change_work_frame"}

2025-09-16 10:04:01 - __main__ - INFO: 开始手眼标定程序，当前程序版号V1.0.0
2025-09-16 10:07:56 - __main__ - INFO: response:{"command":"start_drag_teach","drag_teach":true}
{"command":"stop_drag_teach","drag_teach":true}
{"command":"start_drag_teach","drag_teach":true}
{"command":"stop_drag_teach","drag_teach":true}
{"command":"start_drag_teach","drag_teach":true}
{"command":"stop_drag_teach","drag_teach":true}
{"arm_state":{"err":[0],"joint":[78751,-7746,121172,2433,35701,-17358],"pose":[-43080,-237085,272394,-3007,524,1685]},"state":"current_arm_state"}

2025-09-16 10:07:56 - __main__ - INFO: 获取状态：成功，当前位姿为[-0.04308, -0.237085, 0.272394, -3.007, 0.524, 1.685]
2025-09-16 10:07:56 - __main__ - INFO: ===采集第1次数据！
2025-09-16 10:09:15 - libs.auxiliary - INFO: create folder eye_hand_data/data20250916
2025-09-16 10:09:15 - libs.auxiliary - INFO: command:['ping', '-c', '1', '192.168.1.18']
2025-09-16 10:09:15 - __main__ - INFO: robot_ip:192.168.1.18
2025-09-16 10:09:15 - __main__ - INFO: response:{"change_work_frame":true,"command":"set_change_work_frame"}

2025-09-16 10:09:16 - __main__ - INFO: 开始手眼标定程序，当前程序版号V1.0.0
2025-09-16 10:09:20 - __main__ - INFO: response:{"arm_state":{"err":[0],"joint":[78750,-7745,121173,2434,35700,-17359],"pose":[-43084,-237083,272385,-3007,524,1685]},"state":"current_arm_state"}

2025-09-16 10:09:20 - __main__ - INFO: 获取状态：成功，当前位姿为[-0.043084, -0.237083, 0.272385, -3.007, 0.524, 1.685]
2025-09-16 10:09:20 - __main__ - INFO: ===采集第1次数据！
2025-09-16 10:09:34 - __main__ - INFO: response:{"command":"start_drag_teach","drag_teach":true}
{"command":"stop_drag_teach","drag_teach":true}
{"arm_state":{"err":[0],"joint":[78750,-7753,121147,5431,35279,22199],"pose":[-38602,-239240,273461,2828,461,850]},"state":"current_arm_state"}

2025-09-16 10:09:34 - __main__ - INFO: 获取状态：成功，当前位姿为[-0.038602, -0.23924, 0.273461, 2.828, 0.461, 0.85]
2025-09-16 10:09:34 - __main__ - INFO: ===采集第2次数据！
2025-09-16 10:09:41 - __main__ - INFO: response:{"command":"start_drag_teach","drag_teach":true}
{"command":"stop_drag_teach","drag_teach":true}
{"arm_state":{"err":[0],"joint":[78750,-7752,121154,-2973,35311,-46149],"pose":[-51943,-236364,273107,-2697,330,2289]},"state":"current_arm_state"}

2025-09-16 10:09:41 - __main__ - INFO: 获取状态：成功，当前位姿为[-0.051943, -0.236364, 0.273107, -2.697, 0.33, 2.289]
2025-09-16 10:09:41 - __main__ - INFO: ===采集第3次数据！
2025-09-16 10:10:10 - __main__ - INFO: response:{"command":"start_drag_teach","drag_teach":true}
{"command":"stop_drag_teach","drag_teach":true}
{"command":"start_drag_teach","drag_teach":true}
{"command":"stop_drag_teach","drag_teach":true}
{"arm_state":{"err":[0],"joint":[79146,7207,95895,3282,55460,-19318],"pose":[-48195,-291757,297035,-3068,370,1708]},"state":"current_arm_state"}

2025-09-16 10:10:10 - __main__ - INFO: 获取状态：成功，当前位姿为[-0.048195, -0.291757, 0.297035, -3.068, 0.37, 1.708]
2025-09-16 10:10:10 - __main__ - INFO: ===采集第4次数据！
2025-09-16 10:10:18 - __main__ - INFO: response:{"command":"start_drag_teach","drag_teach":true}
{"command":"stop_drag_teach","drag_teach":true}
{"arm_state":{"err":[0],"joint":[77704,7212,95898,4735,55402,16769],"pose":[-52290,-291361,297282,2947,331,996]},"state":"current_arm_state"}

2025-09-16 10:10:18 - __main__ - INFO: 获取状态：成功，当前位姿为[-0.05229, -0.291361, 0.297282, 2.947, 0.331, 0.996]
2025-09-16 10:10:18 - __main__ - INFO: ===采集第5次数据！
2025-09-16 10:10:25 - __main__ - INFO: response:{"command":"start_drag_teach","drag_teach":true}
{"command":"stop_drag_teach","drag_teach":true}
{"arm_state":{"err":[0],"joint":[77781,7205,95880,4082,55198,-49954],"pose":[-53513,-291658,297498,-2890,294,2237]},"state":"current_arm_state"}

2025-09-16 10:10:25 - __main__ - INFO: 获取状态：成功，当前位姿为[-0.053513, -0.291658, 0.297498, -2.89, 0.294, 2.237]
2025-09-16 10:10:25 - __main__ - INFO: ===采集第6次数据！
2025-09-16 10:10:46 - __main__ - INFO: response:{"command":"start_drag_teach","drag_teach":true}
{"command":"stop_drag_teach","drag_teach":true}
{"command":"start_drag_teach","drag_teach":true}
{"command":"stop_drag_teach","drag_teach":true}
{"command":"start_drag_teach","drag_teach":true}
{"command":"stop_drag_teach","drag_teach":true}
{"command":"start_drag_teach","drag_teach":true}
{"command":"stop_drag_teach","drag_teach":true}
{"command":"start_drag_teach","drag_teach":true}
{"command":"stop_drag_teach","drag_teach":true}
{"arm_state":{"err":[0],"joint":[78725,11914,84899,1936,64728,-15231],"pose":[-56250,-307347,313242,-3088,319,1639]},"state":"current_arm_state"}

2025-09-16 10:10:46 - __main__ - INFO: 获取状态：成功，当前位姿为[-0.05625, -0.307347, 0.313242, -3.088, 0.319, 1.639]
2025-09-16 10:10:46 - __main__ - INFO: ===采集第7次数据！
2025-09-16 10:10:53 - __main__ - INFO: response:{"command":"start_drag_teach","drag_teach":true}
{"command":"stop_drag_teach","drag_teach":true}
{"arm_state":{"err":[0],"joint":[78722,11905,84901,1071,64632,26589],"pose":[-58470,-307142,313317,2975,279,881]},"state":"current_arm_state"}

2025-09-16 10:10:53 - __main__ - INFO: 获取状态：成功，当前位姿为[-0.05847, -0.307142, 0.313317, 2.975, 0.279, 0.881]
2025-09-16 10:10:53 - __main__ - INFO: ===采集第8次数据！
2025-09-16 10:11:00 - __main__ - INFO: response:{"command":"start_drag_teach","drag_teach":true}
{"command":"stop_drag_teach","drag_teach":true}
{"arm_state":{"err":[0],"joint":[78733,11903,84899,1032,64650,-46255],"pose":[-58498,-307090,313313,-2916,234,2203]},"state":"current_arm_state"}

2025-09-16 10:11:00 - __main__ - INFO: 获取状态：成功，当前位姿为[-0.058498, -0.30709, 0.313313, -2.916, 0.234, 2.203]
2025-09-16 10:11:00 - __main__ - INFO: ===采集第9次数据！
2025-09-16 10:11:17 - __main__ - INFO: response:{"command":"start_drag_teach","drag_teach":true}
{"command":"stop_drag_teach","drag_teach":true}
{"command":"start_drag_teach","drag_teach":true}
{"command":"stop_drag_teach","drag_teach":true}
{"command":"start_drag_teach","drag_teach":true}
{"command":"stop_drag_teach","drag_teach":true}
{"arm_state":{"err":[0],"joint":[100191,19307,78436,-6004,69660,13375],"pose":[42472,-325613,297306,-3089,236,1547]},"state":"current_arm_state"}

2025-09-16 10:11:17 - __main__ - INFO: 获取状态：成功，当前位姿为[0.042472, -0.325613, 0.297306, -3.089, 0.236, 1.547]
2025-09-16 10:11:17 - __main__ - INFO: ===采集第10次数据！
2025-09-16 10:11:28 - __main__ - INFO: response:{"command":"start_drag_teach","drag_teach":true}
{"command":"stop_drag_teach","drag_teach":true}
{"arm_state":{"err":[0],"joint":[98962,19303,78438,-6046,71959,54647],"pose":[34158,-320235,296063,3055,188,788]},"state":"current_arm_state"}

2025-09-16 10:11:28 - __main__ - INFO: 获取状态：成功，当前位姿为[0.034158, -0.320235, 0.296063, 3.055, 0.188, 0.788]
2025-09-16 10:11:28 - __main__ - INFO: ===采集第11次数据！
2025-09-16 10:12:03 - __main__ - INFO: response:{"command":"start_drag_teach","drag_teach":true}
{"command":"stop_drag_teach","drag_teach":true}
{"command":"start_drag_teach","drag_teach":true}
{"command":"stop_drag_teach","drag_teach":true}
{"command":"start_drag_teach","drag_teach":true}
{"command":"stop_drag_teach","drag_teach":true}
{"command":"start_drag_teach","drag_teach":true}
{"command":"stop_drag_teach","drag_teach":true}
{"command":"start_drag_teach","drag_teach":true}
{"command":"stop_drag_teach","drag_teach":true}
{"command":"start_drag_teach","drag_teach":true}
{"command":"stop_drag_teach","drag_teach":true}
{"arm_state":{"err":[0],"joint":[95016,19307,78110,-6546,68615,-19602],"pose":[11977,-332145,299529,-2950,188,2047]},"state":"current_arm_state"}

2025-09-16 10:12:03 - __main__ - INFO: 获取状态：成功，当前位姿为[0.011977, -0.332145, 0.299529, -2.95, 0.188, 2.047]
2025-09-16 10:12:03 - __main__ - INFO: ===采集第12次数据！
2025-09-16 10:12:34 - __main__ - INFO: response:{"command":"start_drag_teach","drag_teach":true}
{"command":"stop_drag_teach","drag_teach":true}
{"command":"start_drag_teach","drag_teach":true}
{"command":"stop_drag_teach","drag_teach":true}
{"arm_state":{"err":[0],"joint":[99790,-2866,117873,-10794,44441,10015],"pose":[19120,-235117,258273,-3025,372,1699]},"state":"current_arm_state"}

2025-09-16 10:12:34 - __main__ - INFO: 获取状态：成功，当前位姿为[0.01912, -0.235117, 0.258273, -3.025, 0.372, 1.699]
2025-09-16 10:12:34 - __main__ - INFO: ===采集第13次数据！
2025-09-16 10:12:42 - __main__ - INFO: response:{"command":"start_drag_teach","drag_teach":true}
{"command":"stop_drag_teach","drag_teach":true}
{"arm_state":{"err":[0],"joint":[99078,-2863,117869,-11255,43114,51687],"pose":[16397,-238899,259741,2955,370,909]},"state":"current_arm_state"}

2025-09-16 10:12:42 - __main__ - INFO: 获取状态：成功，当前位姿为[0.016397, -0.238899, 0.259741, 2.955, 0.37, 0.909]
2025-09-16 10:12:42 - __main__ - INFO: ===采集第14次数据！
2025-09-16 10:12:56 - __main__ - INFO: response:{"command":"start_drag_teach","drag_teach":true}
{"command":"stop_drag_teach","drag_teach":true}
{"command":"start_drag_teach","drag_teach":true}
{"command":"stop_drag_teach","drag_teach":true}
{"arm_state":{"err":[0],"joint":[93304,-2860,117844,-13757,43081,-30550],"pose":[-12359,-240233,260815,-2759,197,2343]},"state":"current_arm_state"}

2025-09-16 10:12:56 - __main__ - INFO: 获取状态：成功，当前位姿为[-0.012359, -0.240233, 0.260815, -2.759, 0.197, 2.343]
2025-09-16 10:12:56 - __main__ - INFO: ===采集第15次数据！
2025-09-16 10:13:10 - __main__ - INFO: response:{"command":"start_drag_teach","drag_teach":true}
{"command":"stop_drag_teach","drag_teach":true}
{"arm_state":{"err":[0],"joint":[91259,18032,99383,-5891,44632,502],"pose":[-4685,-315799,234408,-3048,310,1660]},"state":"current_arm_state"}

2025-09-16 10:13:10 - __main__ - INFO: 获取状态：成功，当前位姿为[-0.004685, -0.315799, 0.234408, -3.048, 0.31, 1.66]
2025-09-16 10:13:10 - __main__ - INFO: ===采集第16次数据！
2025-09-16 10:13:17 - __main__ - INFO: response:{"command":"start_drag_teach","drag_teach":true}
{"command":"stop_drag_teach","drag_teach":true}
{"arm_state":{"err":[0],"joint":[91198,18042,99387,-5891,43765,42655],"pose":[-4790,-318080,235099,2984,300,885]},"state":"current_arm_state"}

2025-09-16 10:13:17 - __main__ - INFO: 获取状态：成功，当前位姿为[-0.00479, -0.31808, 0.235099, 2.984, 0.3, 0.885]
2025-09-16 10:13:17 - __main__ - INFO: ===采集第17次数据！
2025-09-16 10:13:35 - __main__ - INFO: response:{"command":"start_drag_teach","drag_teach":true}
{"command":"stop_drag_teach","drag_teach":true}
{"command":"start_drag_teach","drag_teach":true}
{"command":"stop_drag_teach","drag_teach":true}
{"command":"start_drag_teach","drag_teach":true}
{"command":"stop_drag_teach","drag_teach":true}
{"command":"start_drag_teach","drag_teach":true}
{"command":"stop_drag_teach","drag_teach":true}
{"arm_state":{"err":[0],"joint":[78750,18047,99392,260,43817,-42565],"pose":[-61439,-311481,234482,-2918,241,2141]},"state":"current_arm_state"}

2025-09-16 10:13:35 - __main__ - INFO: 获取状态：成功，当前位姿为[-0.061439, -0.311481, 0.234482, -2.918, 0.241, 2.141]
2025-09-16 10:13:35 - __main__ - INFO: ===采集第18次数据！
2025-09-16 10:14:20 - __main__ - INFO: 读 eye_hand_data/data20250916/1.jpg
2025-09-16 10:14:20 - __main__ - INFO: 读 eye_hand_data/data20250916/2.jpg
2025-09-16 10:14:20 - __main__ - INFO: 读 eye_hand_data/data20250916/3.jpg
2025-09-16 10:14:20 - __main__ - INFO: 读 eye_hand_data/data20250916/4.jpg
2025-09-16 10:14:21 - __main__ - INFO: 读 eye_hand_data/data20250916/5.jpg
2025-09-16 10:14:21 - __main__ - INFO: 读 eye_hand_data/data20250916/6.jpg
2025-09-16 10:14:21 - __main__ - INFO: 读 eye_hand_data/data20250916/7.jpg
2025-09-16 10:14:21 - __main__ - INFO: 读 eye_hand_data/data20250916/8.jpg
2025-09-16 10:14:21 - __main__ - INFO: 读 eye_hand_data/data20250916/9.jpg
2025-09-16 10:14:21 - __main__ - INFO: 读 eye_hand_data/data20250916/10.jpg
2025-09-16 10:14:21 - __main__ - INFO: 读 eye_hand_data/data20250916/11.jpg
2025-09-16 10:14:21 - __main__ - INFO: 读 eye_hand_data/data20250916/12.jpg
2025-09-16 10:14:21 - __main__ - INFO: 读 eye_hand_data/data20250916/13.jpg
2025-09-16 10:14:21 - __main__ - INFO: 读 eye_hand_data/data20250916/14.jpg
2025-09-16 10:14:21 - __main__ - INFO: 读 eye_hand_data/data20250916/15.jpg
2025-09-16 10:14:21 - __main__ - INFO: 读 eye_hand_data/data20250916/16.jpg
2025-09-16 10:14:21 - __main__ - INFO: 读 eye_hand_data/data20250916/17.jpg
2025-09-16 10:14:21 - __main__ - INFO: 读 eye_hand_data/data20250916/18.jpg
2025-09-16 10:14:21 - __main__ - INFO: 旋转矩阵是:
 [[ 0.04007451  0.99914665 -0.01000063]
 [-0.99919595  0.04008471  0.0008222 ]
 [ 0.00122237  0.00995964  0.99994965]]
2025-09-16 10:14:21 - __main__ - INFO: 平移向量是:
 [[-0.06910806]
 [ 0.03145314]
 [ 0.0199271 ]]
2025-09-16 10:14:21 - __main__ - INFO: 四元数是：
 [ 0.00316775 -0.00389077 -0.69278251  0.72112913]
