2025-09-25 15:33:00 - libs.auxiliary - INFO: create folder eye_hand_data/data20250925
2025-09-25 15:33:00 - libs.auxiliary - INFO: command:['ping', '-c', '1', '192.168.1.18']
2025-09-25 15:33:00 - __main__ - INFO: robot_ip:192.168.1.18
2025-09-25 15:33:00 - __main__ - INFO: response:{"change_work_frame":true,"command":"set_change_work_frame"}

2025-09-25 15:33:01 - __main__ - INFO: 开始手眼标定程序，当前程序版号V1.0.0
2025-09-25 15:33:46 - libs.auxiliary - INFO: create folder eye_hand_data/data20250925
2025-09-25 15:33:46 - libs.auxiliary - INFO: command:['ping', '-c', '1', '192.168.1.18']
2025-09-25 15:33:46 - __main__ - INFO: robot_ip:192.168.1.18
2025-09-25 15:33:46 - __main__ - INFO: response:{"change_work_frame":true,"command":"set_change_work_frame"}

2025-09-25 15:33:46 - __main__ - INFO: 开始手眼标定程序，当前程序版号V1.0.0
2025-09-25 15:34:50 - __main__ - INFO: response:{"command":"start_drag_teach","drag_teach":true}
{"command":"stop_drag_teach","drag_teach":true}
{"arm_state":{"err":[0],"joint":[429,-2871,72376,-2264,73917,-2191],"pose":[-354915,9987,349659,-3067,635,68]},"state":"current_arm_state"}

2025-09-25 15:34:50 - __main__ - INFO: 获取状态：成功，当前位姿为[-0.354915, 0.009987, 0.349659, -3.067, 0.635, 0.068]
2025-09-25 15:34:51 - __main__ - INFO: ===采集第1次数据！
2025-09-25 15:35:01 - __main__ - INFO: response:{"command":"start_drag_teach","drag_teach":true}
{"command":"stop_drag_teach","drag_teach":true}
{"arm_state":{"err":[0],"joint":[278,-2903,72377,-2441,73922,28959],"pose":[-353176,14609,348802,2835,571,-592]},"state":"current_arm_state"}

2025-09-25 15:35:01 - __main__ - INFO: 获取状态：成功，当前位姿为[-0.353176, 0.014609, 0.348802, 2.835, 0.571, -0.592]
2025-09-25 15:35:01 - __main__ - INFO: ===采集第2次数据！
2025-09-25 15:35:08 - __main__ - INFO: response:{"command":"start_drag_teach","drag_teach":true}
{"command":"stop_drag_teach","drag_teach":true}
{"arm_state":{"err":[0],"joint":[280,-2903,72382,-2452,73939,-42138],"pose":[-354724,7399,349589,-2650,427,847]},"state":"current_arm_state"}

2025-09-25 15:35:08 - __main__ - INFO: 获取状态：成功，当前位姿为[-0.354724, 0.007399, 0.349589, -2.65, 0.427, 0.847]
2025-09-25 15:35:08 - __main__ - INFO: ===采集第3次数据！
2025-09-25 15:35:18 - __main__ - INFO: response:{"command":"start_drag_teach","drag_teach":true}
{"command":"stop_drag_teach","drag_teach":true}
{"command":"start_drag_teach","drag_teach":true}
{"command":"stop_drag_teach","drag_teach":true}
{"arm_state":{"err":[0],"joint":[278,6766,66964,-2448,71952,-1532],"pose":[-393926,11529,326962,-3073,597,53]},"state":"current_arm_state"}

2025-09-25 15:35:18 - __main__ - INFO: 获取状态：成功，当前位姿为[-0.393926, 0.011529, 0.326962, -3.073, 0.597, 0.053]
2025-09-25 15:35:18 - __main__ - INFO: ===采集第4次数据！
2025-09-25 15:35:31 - __main__ - INFO: response:{"command":"start_drag_teach","drag_teach":true}
{"command":"stop_drag_teach","drag_teach":true}
{"command":"start_drag_teach","drag_teach":true}
{"command":"stop_drag_teach","drag_teach":true}
{"command":"start_drag_teach","drag_teach":true}
{"command":"stop_drag_teach","drag_teach":true}
{"arm_state":{"err":[0],"joint":[1424,6714,66957,1566,71934,22071],"pose":[-392642,-12535,326288,2862,539,-438]},"state":"current_arm_state"}

2025-09-25 15:35:31 - __main__ - INFO: 获取状态：成功，当前位姿为[-0.392642, -0.012535, 0.326288, 2.862, 0.539, -0.438]
2025-09-25 15:35:31 - __main__ - INFO: ===采集第5次数据！
2025-09-25 15:35:44 - __main__ - INFO: response:{"command":"start_drag_teach","drag_teach":true}
{"command":"stop_drag_teach","drag_teach":true}
{"command":"start_drag_teach","drag_teach":true}
{"command":"stop_drag_teach","drag_teach":true}
{"arm_state":{"err":[0],"joint":[1328,6714,66965,-6545,71971,-39533],"pose":[-393986,18907,328407,-2646,372,810]},"state":"current_arm_state"}

2025-09-25 15:35:44 - __main__ - INFO: 获取状态：成功，当前位姿为[-0.393986, 0.018907, 0.328407, -2.646, 0.372, 0.81]
2025-09-25 15:35:44 - __main__ - INFO: ===采集第6次数据！
2025-09-25 15:35:58 - __main__ - INFO: response:{"command":"start_drag_teach","drag_teach":true}
{"command":"stop_drag_teach","drag_teach":true}
{"command":"start_drag_teach","drag_teach":true}
{"command":"stop_drag_teach","drag_teach":true}
{"arm_state":{"err":[0],"joint":[254,13267,59773,-245,71938,-3103],"pose":[-424652,1280,326063,-3098,609,72]},"state":"current_arm_state"}

2025-09-25 15:35:58 - __main__ - INFO: 获取状态：成功，当前位姿为[-0.424652, 0.00128, 0.326063, -3.098, 0.609, 0.072]
2025-09-25 15:35:58 - __main__ - INFO: ===采集第7次数据！
2025-09-25 15:36:09 - __main__ - INFO: response:{"command":"start_drag_teach","drag_teach":true}
{"command":"stop_drag_teach","drag_teach":true}
{"command":"start_drag_teach","drag_teach":true}
{"command":"stop_drag_teach","drag_teach":true}
{"arm_state":{"err":[0],"joint":[254,13185,59772,5004,76691,21541],"pose":[-403854,-20990,313653,2844,454,-437]},"state":"current_arm_state"}

2025-09-25 15:36:09 - __main__ - INFO: 获取状态：成功，当前位姿为[-0.403854, -0.02099, 0.313653, 2.844, 0.454, -0.437]
2025-09-25 15:36:09 - __main__ - INFO: ===采集第8次数据！
2025-09-25 15:36:31 - __main__ - INFO: response:{"command":"start_drag_teach","drag_teach":true}
{"command":"stop_drag_teach","drag_teach":true}
{"command":"start_drag_teach","drag_teach":true}
{"command":"stop_drag_teach","drag_teach":true}
{"command":"start_drag_teach","drag_teach":true}
{"command":"stop_drag_teach","drag_teach":true}
{"arm_state":{"err":[0],"joint":[597,13183,59769,-6400,71831,-30305],"pose":[-424983,23912,328619,-2701,458,644]},"state":"current_arm_state"}

2025-09-25 15:36:31 - __main__ - INFO: 获取状态：成功，当前位姿为[-0.424983, 0.023912, 0.328619, -2.701, 0.458, 0.644]
2025-09-25 15:36:31 - __main__ - INFO: ===采集第9次数据！
2025-09-25 15:36:45 - __main__ - INFO: response:{"command":"start_drag_teach","drag_teach":true}
{"command":"stop_drag_teach","drag_teach":true}
{"arm_state":{"err":[0],"joint":[230,6017,59758,-1062,80061,-6436],"pose":[-380069,5220,354069,-3045,589,143]},"state":"current_arm_state"}

2025-09-25 15:36:45 - __main__ - INFO: 获取状态：成功，当前位姿为[-0.380069, 0.00522, 0.354069, -3.045, 0.589, 0.143]
2025-09-25 15:36:45 - __main__ - INFO: ===采集第10次数据！
2025-09-25 15:36:50 - __main__ - INFO: response:{"command":"start_drag_teach","drag_teach":true}
{"command":"stop_drag_teach","drag_teach":true}
{"arm_state":{"err":[0],"joint":[221,6012,59757,-2298,80031,24846],"pose":[-378613,14179,353502,2900,553,-503]},"state":"current_arm_state"}

2025-09-25 15:36:50 - __main__ - INFO: 获取状态：成功，当前位姿为[-0.378613, 0.014179, 0.353502, 2.9, 0.553, -0.503]
2025-09-25 15:36:50 - __main__ - INFO: ===采集第11次数据！
2025-09-25 15:36:56 - __main__ - INFO: response:{"command":"start_drag_teach","drag_teach":true}
{"command":"stop_drag_teach","drag_teach":true}
{"arm_state":{"err":[0],"joint":[236,6016,59765,-2473,80072,-35444],"pose":[-380003,8694,354124,-2733,449,711]},"state":"current_arm_state"}

2025-09-25 15:36:56 - __main__ - INFO: 获取状态：成功，当前位姿为[-0.380003, 0.008694, 0.354124, -2.733, 0.449, 0.711]
2025-09-25 15:36:56 - __main__ - INFO: ===采集第12次数据！
2025-09-25 15:37:05 - __main__ - INFO: response:{"command":"start_drag_teach","drag_teach":true}
{"command":"stop_drag_teach","drag_teach":true}
{"arm_state":{"err":[0],"joint":[824,9026,72645,-2455,63834,-1056],"pose":[-410933,6948,297645,-3077,600,59]},"state":"current_arm_state"}

2025-09-25 15:37:05 - __main__ - INFO: 获取状态：成功，当前位姿为[-0.410933, 0.006948, 0.297645, -3.077, 0.6, 0.059]
2025-09-25 15:37:05 - __main__ - INFO: ===采集第13次数据！
2025-09-25 15:37:20 - __main__ - INFO: response:{"command":"start_drag_teach","drag_teach":true}
{"command":"stop_drag_teach","drag_teach":true}
{"command":"start_drag_teach","drag_teach":true}
{"command":"stop_drag_teach","drag_teach":true}
{"command":"start_drag_teach","drag_teach":true}
{"command":"stop_drag_teach","drag_teach":true}
{"arm_state":{"err":[0],"joint":[262,7945,72509,1098,65746,21298],"pose":[-401522,-2301,299719,2883,536,-441]},"state":"current_arm_state"}

2025-09-25 15:37:20 - __main__ - INFO: 获取状态：成功，当前位姿为[-0.401522, -0.002301, 0.299719, 2.883, 0.536, -0.441]
2025-09-25 15:37:20 - __main__ - INFO: ===采集第14次数据！
2025-09-25 15:37:51 - __main__ - INFO: response:{"command":"start_drag_teach","drag_teach":true}
{"command":"stop_drag_teach","drag_teach":true}
{"command":"start_drag_teach","drag_teach":true}
{"command":"stop_drag_teach","drag_teach":true}
{"command":"start_drag_teach","drag_teach":true}
{"command":"stop_drag_teach","drag_teach":true}
{"command":"start_drag_teach","drag_teach":true}
{"command":"stop_drag_teach","drag_teach":true}
{"command":"start_drag_teach","drag_teach":true}
{"command":"stop_drag_teach","drag_teach":true}
{"command":"start_drag_teach","drag_teach":true}
{"command":"stop_drag_teach","drag_teach":true}
{"arm_state":{"err":[0],"joint":[239,7057,70911,-9625,60871,-36868],"pose":[-424557,36775,335508,-2528,436,814]},"state":"current_arm_state"}

2025-09-25 15:37:51 - __main__ - INFO: 获取状态：成功，当前位姿为[-0.424557, 0.036775, 0.335508, -2.528, 0.436, 0.814]
2025-09-25 15:37:51 - __main__ - INFO: ===采集第15次数据！
2025-09-25 15:38:08 - __main__ - INFO: response:{"command":"start_drag_teach","drag_teach":true}
{"command":"stop_drag_teach","drag_teach":true}
{"command":"start_drag_teach","drag_teach":true}
{"command":"stop_drag_teach","drag_teach":true}
{"command":"start_drag_teach","drag_teach":true}
{"command":"stop_drag_teach","drag_teach":true}
{"arm_state":{"err":[0],"joint":[1247,19176,44033,-116,86285,2308],"pose":[-418141,-5934,339680,3119,532,-24]},"state":"current_arm_state"}

2025-09-25 15:38:08 - __main__ - INFO: 获取状态：成功，当前位姿为[-0.418141, -0.005934, 0.33968, 3.119, 0.532, -0.024]
2025-09-25 15:38:08 - __main__ - INFO: ===采集第16次数据！
2025-09-25 15:38:19 - __main__ - INFO: response:{"command":"start_drag_teach","drag_teach":true}
{"command":"stop_drag_teach","drag_teach":true}
{"command":"start_drag_teach","drag_teach":true}
{"command":"stop_drag_teach","drag_teach":true}
{"arm_state":{"err":[0],"joint":[824,18790,44026,3548,89272,29171],"pose":[-403078,-18083,334478,2838,391,-540]},"state":"current_arm_state"}

2025-09-25 15:38:19 - __main__ - INFO: 获取状态：成功，当前位姿为[-0.403078, -0.018083, 0.334478, 2.838, 0.391, -0.54]
2025-09-25 15:38:19 - __main__ - INFO: ===采集第17次数据！
2025-09-25 15:38:28 - __main__ - INFO: response:{"command":"start_drag_teach","drag_teach":true}
{"command":"stop_drag_teach","drag_teach":true}
{"arm_state":{"err":[0],"joint":[623,18793,44030,-3430,89272,-37124],"pose":[-405228,10544,335580,-2788,347,707]},"state":"current_arm_state"}

2025-09-25 15:38:28 - __main__ - INFO: 获取状态：成功，当前位姿为[-0.405228, 0.010544, 0.33558, -2.788, 0.347, 0.707]
2025-09-25 15:38:28 - __main__ - INFO: ===采集第18次数据！
2025-09-25 15:38:43 - __main__ - INFO: response:{"command":"start_drag_teach","drag_teach":true}
{"command":"stop_drag_teach","drag_teach":true}
{"command":"start_drag_teach","drag_teach":true}
{"command":"stop_drag_teach","drag_teach":true}
{"command":"start_drag_teach","drag_teach":true}
{"command":"stop_drag_teach","drag_teach":true}
{"arm_state":{"err":[0],"joint":[638,29944,34749,-3838,93132,240],"pose":[-428283,16270,296819,-3077,387,2]},"state":"current_arm_state"}

2025-09-25 15:38:43 - __main__ - INFO: 获取状态：成功，当前位姿为[-0.428283, 0.01627, 0.296819, -3.077, 0.387, 0.002]
2025-09-25 15:38:43 - __main__ - INFO: ===采集第19次数据！
2025-09-25 15:38:59 - __main__ - INFO: response:{"command":"start_drag_teach","drag_teach":true}
{"command":"stop_drag_teach","drag_teach":true}
{"command":"start_drag_teach","drag_teach":true}
{"command":"stop_drag_teach","drag_teach":true}
{"command":"start_drag_teach","drag_teach":true}
{"command":"stop_drag_teach","drag_teach":true}
{"command":"start_drag_teach","drag_teach":true}
{"command":"stop_drag_teach","drag_teach":true}
{"arm_state":{"err":[0],"joint":[27,28468,34543,417,90784,11372],"pose":[-437150,1253,313013,3037,446,-219]},"state":"current_arm_state"}

2025-09-25 15:38:59 - __main__ - INFO: 获取状态：成功，当前位姿为[-0.43715, 0.001253, 0.313013, 3.037, 0.446, -0.219]
2025-09-25 15:38:59 - __main__ - INFO: ===采集第20次数据！
2025-09-25 15:40:28 - __main__ - INFO: 处理图片: 1.jpg
2025-09-25 15:40:28 - __main__ - INFO: 处理图片: 2.jpg
2025-09-25 15:40:28 - __main__ - INFO: 处理图片: 3.jpg
2025-09-25 15:40:28 - __main__ - INFO: 处理图片: 4.jpg
2025-09-25 15:40:28 - __main__ - INFO: 处理图片: 5.jpg
2025-09-25 15:40:28 - __main__ - INFO: 处理图片: 6.jpg
2025-09-25 15:40:28 - __main__ - INFO: 处理图片: 7.jpg
2025-09-25 15:40:28 - __main__ - INFO: 处理图片: 8.jpg
2025-09-25 15:40:28 - __main__ - INFO: 处理图片: 9.jpg
2025-09-25 15:40:28 - __main__ - INFO: 处理图片: 10.jpg
2025-09-25 15:40:28 - __main__ - INFO: 处理图片: 11.jpg
2025-09-25 15:40:28 - __main__ - INFO: 处理图片: 12.jpg
2025-09-25 15:40:28 - __main__ - INFO: 处理图片: 13.jpg
2025-09-25 15:40:28 - __main__ - INFO: 处理图片: 14.jpg
2025-09-25 15:40:28 - __main__ - INFO: 处理图片: 15.jpg
2025-09-25 15:40:28 - __main__ - INFO: 处理图片: 16.jpg
2025-09-25 15:40:28 - __main__ - INFO: 处理图片: 17.jpg
2025-09-25 15:40:28 - __main__ - INFO: 处理图片: 18.jpg
2025-09-25 15:40:28 - __main__ - INFO: 处理图片: 19.jpg
2025-09-25 15:40:28 - __main__ - INFO: 处理图片: 20.jpg
2025-09-25 15:40:29 - __main__ - INFO: 旋转矩阵是:
[[ 0.03966232  0.9991146  -0.01403278]
 [-0.99920902  0.0396986   0.00231589]
 [ 0.00287092  0.01392983  0.99989885]]
2025-09-25 15:40:29 - __main__ - INFO: 平移向量是:
[[-0.0623507 ]
 [ 0.03334789]
 [-0.08940362]]
2025-09-25 15:40:29 - __main__ - INFO: 四元数是：
[ 0.00402712 -0.00586135 -0.69291737  0.72098193]
2025-09-25 15:42:27 - __main__ - INFO: 处理图片: 2.jpg
2025-09-25 15:42:27 - __main__ - INFO: 处理图片: 3.jpg
2025-09-25 15:42:27 - __main__ - INFO: 处理图片: 4.jpg
2025-09-25 15:42:27 - __main__ - INFO: 处理图片: 5.jpg
2025-09-25 15:42:27 - __main__ - INFO: 处理图片: 6.jpg
2025-09-25 15:42:27 - __main__ - INFO: 处理图片: 7.jpg
2025-09-25 15:42:27 - __main__ - INFO: 处理图片: 8.jpg
2025-09-25 15:42:27 - __main__ - INFO: 处理图片: 9.jpg
2025-09-25 15:42:27 - __main__ - INFO: 处理图片: 10.jpg
2025-09-25 15:42:27 - __main__ - INFO: 处理图片: 11.jpg
2025-09-25 15:42:27 - __main__ - INFO: 处理图片: 12.jpg
2025-09-25 15:42:27 - __main__ - INFO: 处理图片: 13.jpg
2025-09-25 15:42:27 - __main__ - INFO: 处理图片: 14.jpg
2025-09-25 15:42:27 - __main__ - INFO: 处理图片: 15.jpg
2025-09-25 15:42:27 - __main__ - INFO: 处理图片: 16.jpg
2025-09-25 15:42:27 - __main__ - INFO: 处理图片: 17.jpg
2025-09-25 15:42:28 - __main__ - INFO: 处理图片: 18.jpg
2025-09-25 15:42:28 - __main__ - INFO: 处理图片: 20.jpg
2025-09-25 15:42:28 - __main__ - INFO: 旋转矩阵是:
[[ 0.88715001  0.45721603  0.06259679]
 [-0.4071009   0.83925727 -0.36043875]
 [-0.21733319  0.29428004  0.93068015]]
2025-09-25 15:42:28 - __main__ - INFO: 平移向量是:
[[ 0.03934733]
 [-0.01429591]
 [-0.3590749 ]]
2025-09-25 15:42:28 - __main__ - INFO: 四元数是：
[ 0.17118162  0.07319    -0.22598278  0.95617564]
2025-09-25 15:53:06 - __main__ - INFO: 读 eye_hand_data/data20250925/1.jpg
2025-09-25 15:53:06 - __main__ - INFO: 读 eye_hand_data/data20250925/2.jpg
2025-09-25 15:53:06 - __main__ - INFO: 读 eye_hand_data/data20250925/3.jpg
2025-09-25 15:53:06 - __main__ - INFO: 读 eye_hand_data/data20250925/4.jpg
2025-09-25 15:53:06 - __main__ - INFO: 读 eye_hand_data/data20250925/5.jpg
2025-09-25 15:53:06 - __main__ - INFO: 读 eye_hand_data/data20250925/6.jpg
2025-09-25 15:53:06 - __main__ - INFO: 读 eye_hand_data/data20250925/7.jpg
2025-09-25 15:53:07 - __main__ - INFO: 读 eye_hand_data/data20250925/8.jpg
2025-09-25 15:53:07 - __main__ - INFO: 读 eye_hand_data/data20250925/9.jpg
2025-09-25 15:53:07 - __main__ - INFO: 读 eye_hand_data/data20250925/10.jpg
2025-09-25 15:53:07 - __main__ - INFO: 读 eye_hand_data/data20250925/11.jpg
2025-09-25 15:53:07 - __main__ - INFO: 读 eye_hand_data/data20250925/12.jpg
2025-09-25 15:53:07 - __main__ - INFO: 读 eye_hand_data/data20250925/13.jpg
2025-09-25 15:53:07 - __main__ - INFO: 读 eye_hand_data/data20250925/14.jpg
2025-09-25 15:53:07 - __main__ - INFO: 读 eye_hand_data/data20250925/15.jpg
2025-09-25 15:53:07 - __main__ - INFO: 读 eye_hand_data/data20250925/16.jpg
2025-09-25 15:53:07 - __main__ - INFO: 读 eye_hand_data/data20250925/17.jpg
2025-09-25 15:53:07 - __main__ - INFO: 读 eye_hand_data/data20250925/18.jpg
2025-09-25 15:53:07 - __main__ - INFO: 读 eye_hand_data/data20250925/19.jpg
2025-09-25 15:53:07 - __main__ - INFO: 读 eye_hand_data/data20250925/20.jpg
2025-09-25 15:53:07 - __main__ - INFO: 旋转矩阵是:
 [[ 0.03966232  0.9991146  -0.01403278]
 [-0.99920902  0.0396986   0.00231589]
 [ 0.00287092  0.01392983  0.99989885]]
2025-09-25 15:53:07 - __main__ - INFO: 平移向量是:
 [[-0.0623507 ]
 [ 0.03334789]
 [-0.08940362]]
2025-09-25 15:53:07 - __main__ - INFO: 四元数是：
 [ 0.00402712 -0.00586135 -0.69291737  0.72098193]
2025-09-25 15:59:04 - __main__ - INFO: 读 eye_hand_data/data20250925/1.jpg
2025-09-25 15:59:04 - __main__ - INFO: 读 eye_hand_data/data20250925/2.jpg
2025-09-25 15:59:04 - __main__ - INFO: 读 eye_hand_data/data20250925/3.jpg
2025-09-25 15:59:04 - __main__ - INFO: 读 eye_hand_data/data20250925/4.jpg
2025-09-25 15:59:04 - __main__ - INFO: 读 eye_hand_data/data20250925/5.jpg
2025-09-25 15:59:04 - __main__ - INFO: 读 eye_hand_data/data20250925/6.jpg
2025-09-25 15:59:05 - __main__ - INFO: 读 eye_hand_data/data20250925/7.jpg
2025-09-25 15:59:05 - __main__ - INFO: 读 eye_hand_data/data20250925/8.jpg
2025-09-25 15:59:05 - __main__ - INFO: 读 eye_hand_data/data20250925/9.jpg
2025-09-25 15:59:05 - __main__ - INFO: 读 eye_hand_data/data20250925/10.jpg
2025-09-25 15:59:05 - __main__ - INFO: 读 eye_hand_data/data20250925/11.jpg
2025-09-25 15:59:05 - __main__ - INFO: 读 eye_hand_data/data20250925/12.jpg
2025-09-25 15:59:05 - __main__ - INFO: 读 eye_hand_data/data20250925/13.jpg
2025-09-25 15:59:05 - __main__ - INFO: 读 eye_hand_data/data20250925/14.jpg
2025-09-25 15:59:05 - __main__ - INFO: 读 eye_hand_data/data20250925/15.jpg
2025-09-25 15:59:05 - __main__ - INFO: 读 eye_hand_data/data20250925/16.jpg
2025-09-25 15:59:05 - __main__ - INFO: 读 eye_hand_data/data20250925/17.jpg
2025-09-25 15:59:05 - __main__ - INFO: 读 eye_hand_data/data20250925/18.jpg
2025-09-25 15:59:05 - __main__ - INFO: 旋转矩阵是:
 [[ 0.88715001  0.45721603  0.06259679]
 [-0.4071009   0.83925727 -0.36043875]
 [-0.21733319  0.29428004  0.93068015]]
2025-09-25 15:59:05 - __main__ - INFO: 平移向量是:
 [[ 0.03934733]
 [-0.01429591]
 [-0.3590749 ]]
2025-09-25 15:59:05 - __main__ - INFO: 四元数是：
 [ 0.17118162  0.07319    -0.22598278  0.95617564]
2025-09-25 16:02:53 - libs.auxiliary - INFO: create folder eye_hand_data/data2025092501
2025-09-25 16:02:53 - libs.auxiliary - INFO: command:['ping', '-c', '1', '192.168.1.18']
2025-09-25 16:02:53 - __main__ - INFO: robot_ip:192.168.1.18
2025-09-25 16:02:53 - __main__ - INFO: response:{"change_work_frame":true,"command":"set_change_work_frame"}

2025-09-25 16:02:53 - __main__ - INFO: 开始手眼标定程序，当前程序版号V1.0.0
2025-09-25 16:04:55 - libs.auxiliary - INFO: create folder eye_hand_data/data2025092502
2025-09-25 16:04:55 - libs.auxiliary - INFO: command:['ping', '-c', '1', '192.168.1.18']
2025-09-25 16:04:55 - __main__ - INFO: robot_ip:192.168.1.18
2025-09-25 16:04:55 - __main__ - INFO: response:{"change_work_frame":true,"command":"set_change_work_frame"}

2025-09-25 16:04:55 - __main__ - INFO: 开始手眼标定程序，当前程序版号V1.0.0
2025-09-25 16:05:38 - __main__ - INFO: response:{"arm_state":{"err":[0],"joint":[84200,-6269,118515,4260,41540,-10088],"pose":[-17798,-295113,168447,3152,461,1603]},"state":"current_arm_state"}

2025-09-25 16:05:38 - __main__ - INFO: 获取状态：成功，当前位姿为[-0.017798, -0.295113, 0.168447, 3.152, 0.461, 1.603]
2025-09-25 16:05:38 - __main__ - INFO: ===采集第1次数据！
2025-09-25 16:07:22 - libs.auxiliary - INFO: create folder eye_hand_data/data2025092503
2025-09-25 16:07:22 - libs.auxiliary - INFO: command:['ping', '-c', '1', '192.168.1.18']
2025-09-25 16:07:22 - __main__ - INFO: robot_ip:192.168.1.18
2025-09-25 16:07:23 - __main__ - INFO: response:{"change_work_frame":true,"command":"set_change_work_frame"}

2025-09-25 16:07:23 - __main__ - INFO: 开始手眼标定程序，当前程序版号V1.0.0
2025-09-25 16:07:31 - __main__ - INFO: response:{"arm_state":{"err":[0],"joint":[84167,-6269,118454,9558,41502,18407],"pose":[-4138,-296332,169585,2833,371,990]},"state":"current_arm_state"}

2025-09-25 16:07:31 - __main__ - INFO: 获取状态：成功，当前位姿为[-0.004138, -0.296332, 0.169585, 2.833, 0.371, 0.99]
2025-09-25 16:07:31 - __main__ - INFO: ===采集第1次数据！
2025-09-25 16:07:37 - __main__ - INFO: response:{"command":"start_drag_teach","drag_teach":true}
{"command":"stop_drag_teach","drag_teach":true}
{"arm_state":{"err":[0],"joint":[84208,-6267,118446,5623,41494,-15747],"pose":[-12987,-296430,169344,-3105,464,1694]},"state":"current_arm_state"}

2025-09-25 16:07:37 - __main__ - INFO: 获取状态：成功，当前位姿为[-0.012987, -0.29643, 0.169344, -3.105, 0.464, 1.694]
2025-09-25 16:07:37 - __main__ - INFO: ===采集第2次数据！
2025-09-25 16:07:43 - __main__ - INFO: response:{"command":"start_drag_teach","drag_teach":true}
{"command":"stop_drag_teach","drag_teach":true}
{"arm_state":{"err":[0],"joint":[84211,-6273,118440,2271,41476,-46774],"pose":[-19975,-295103,168675,-2820,336,2317]},"state":"current_arm_state"}

2025-09-25 16:07:43 - __main__ - INFO: 获取状态：成功，当前位姿为[-0.019975, -0.295103, 0.168675, -2.82, 0.336, 2.317]
2025-09-25 16:07:43 - __main__ - INFO: ===采集第3次数据！
2025-09-25 16:07:51 - __main__ - INFO: response:{"command":"start_drag_teach","drag_teach":true}
{"command":"stop_drag_teach","drag_teach":true}
{"arm_state":{"err":[0],"joint":[84232,3280,118473,10254,31853,-22898],"pose":[-7326,-325048,140574,-3108,475,1747]},"state":"current_arm_state"}

2025-09-25 16:07:51 - __main__ - INFO: 获取状态：成功，当前位姿为[-0.007326, -0.325048, 0.140574, -3.108, 0.475, 1.747]
2025-09-25 16:07:51 - __main__ - INFO: ===采集第4次数据！
2025-09-25 16:07:57 - __main__ - INFO: response:{"command":"start_drag_teach","drag_teach":true}
{"command":"stop_drag_teach","drag_teach":true}
{"arm_state":{"err":[0],"joint":[83810,3103,118457,16844,31533,8051],"pose":[2399,-328838,144442,2806,392,1040]},"state":"current_arm_state"}

2025-09-25 16:07:57 - __main__ - INFO: 获取状态：成功，当前位姿为[0.002399, -0.328838, 0.144442, 2.806, 0.392, 1.04]
2025-09-25 16:07:57 - __main__ - INFO: ===采集第5次数据！
2025-09-25 16:08:07 - __main__ - INFO: response:{"command":"start_drag_teach","drag_teach":true}
{"command":"stop_drag_teach","drag_teach":true}
{"arm_state":{"err":[0],"joint":[83846,3105,118454,8805,31540,-45935],"pose":[-10815,-325999,141941,-2889,414,2206]},"state":"current_arm_state"}

2025-09-25 16:08:07 - __main__ - INFO: 获取状态：成功，当前位姿为[-0.010815, -0.325999, 0.141941, -2.889, 0.414, 2.206]
2025-09-25 16:08:07 - __main__ - INFO: ===采集第6次数据！
2025-09-25 16:08:18 - __main__ - INFO: response:{"command":"start_drag_teach","drag_teach":true}
{"command":"stop_drag_teach","drag_teach":true}
{"command":"start_drag_teach","drag_teach":true}
{"command":"stop_drag_teach","drag_teach":true}
{"arm_state":{"err":[0],"joint":[83835,3151,102396,5931,46989,-16608],"pose":[-17733,-351072,196316,-3101,485,1710]},"state":"current_arm_state"}

2025-09-25 16:08:18 - __main__ - INFO: 获取状态：成功，当前位姿为[-0.017733, -0.351072, 0.196316, -3.101, 0.485, 1.71]
2025-09-25 16:08:18 - __main__ - INFO: ===采集第7次数据！
2025-09-25 16:08:28 - __main__ - INFO: response:{"command":"start_drag_teach","drag_teach":true}
{"command":"stop_drag_teach","drag_teach":true}
{"arm_state":{"err":[0],"joint":[83828,3143,102405,5817,46933,16107],"pose":[-21323,-349615,195478,2896,426,1077]},"state":"current_arm_state"}

2025-09-25 16:08:28 - __main__ - INFO: 获取状态：成功，当前位姿为[-0.021323, -0.349615, 0.195478, 2.896, 0.426, 1.077]
2025-09-25 16:08:28 - __main__ - INFO: ===采集第8次数据！
2025-09-25 16:08:37 - __main__ - INFO: response:{"command":"start_drag_teach","drag_teach":true}
{"command":"stop_drag_teach","drag_teach":true}
{"arm_state":{"err":[0],"joint":[83844,3144,102411,2881,46940,-41852],"pose":[-25393,-349870,195589,-2844,385,2226]},"state":"current_arm_state"}

2025-09-25 16:08:37 - __main__ - INFO: 获取状态：成功，当前位姿为[-0.025393, -0.34987, 0.195589, -2.844, 0.385, 2.226]
2025-09-25 16:08:37 - __main__ - INFO: ===采集第9次数据！
2025-09-25 16:08:43 - __main__ - INFO: response:{"command":"start_drag_teach","drag_teach":true}
{"command":"stop_drag_teach","drag_teach":true}
{"command":"start_drag_teach","drag_teach":true}
{"arm_state":{"err":[0],"joint":[83464,3133,102376,2860,46869,-10070],"pose":[-31373,-349973,195986,-3103,482,1616]},"state":"current_arm_state"}

2025-09-25 16:08:43 - __main__ - INFO: 获取状态：成功，当前位姿为[-0.031373, -0.349973, 0.195986, -3.103, 0.482, 1.616]
2025-09-25 16:08:43 - __main__ - INFO: ===采集第10次数据！
2025-09-25 16:09:03 - __main__ - INFO: response:{"command":"stop_drag_teach","drag_teach":true}
{"command":"start_drag_teach","drag_teach":true}
{"command":"stop_drag_teach","drag_teach":true}
{"arm_state":{"err":[0],"joint":[83482,12198,73622,2404,71324,-10276],"pose":[-33184,-376309,251684,-3111,399,1637]},"state":"current_arm_state"}

2025-09-25 16:09:03 - __main__ - INFO: 获取状态：成功，当前位姿为[-0.033184, -0.376309, 0.251684, -3.111, 0.399, 1.637]
2025-09-25 16:09:03 - __main__ - INFO: ===采集第11次数据！
2025-09-25 16:09:18 - __main__ - INFO: response:{"command":"start_drag_teach","drag_teach":true}
{"command":"stop_drag_teach","drag_teach":true}
{"command":"start_drag_teach","drag_teach":true}
{"command":"stop_drag_teach","drag_teach":true}
{"arm_state":{"err":[0],"joint":[82801,11815,73624,7330,76717,19290],"pose":[-13996,-352723,245481,2911,247,1069]},"state":"current_arm_state"}

2025-09-25 16:09:18 - __main__ - INFO: 获取状态：成功，当前位姿为[-0.013996, -0.352723, 0.245481, 2.911, 0.247, 1.069]
2025-09-25 16:09:18 - __main__ - INFO: ===采集第12次数据！
2025-09-25 16:09:23 - __main__ - INFO: response:{"command":"start_drag_teach","drag_teach":true}
{"command":"stop_drag_teach","drag_teach":true}
{"arm_state":{"err":[0],"joint":[82777,11815,73626,6638,78638,-52389],"pose":[-8685,-345023,243315,-2989,260,2372]},"state":"current_arm_state"}

2025-09-25 16:09:23 - __main__ - INFO: 获取状态：成功，当前位姿为[-0.008685, -0.345023, 0.243315, -2.989, 0.26, 2.372]
2025-09-25 16:09:23 - __main__ - INFO: ===采集第13次数据！
2025-09-25 16:09:35 - __main__ - INFO: response:{"command":"start_drag_teach","drag_teach":true}
{"command":"stop_drag_teach","drag_teach":true}
{"arm_state":{"err":[0],"joint":[85523,19370,73644,6002,70057,-10514],"pose":[-3926,-382787,207325,3089,308,1646]},"state":"current_arm_state"}

2025-09-25 16:09:35 - __main__ - INFO: 获取状态：成功，当前位姿为[-0.003926, -0.382787, 0.207325, 3.089, 0.308, 1.646]
2025-09-25 16:09:35 - __main__ - INFO: ===采集第14次数据！
2025-09-25 16:09:41 - __main__ - INFO: response:{"command":"start_drag_teach","drag_teach":true}
{"command":"stop_drag_teach","drag_teach":true}
{"arm_state":{"err":[0],"joint":[85502,19303,73644,8098,74797,18610],"pose":[5407,-359985,201936,2937,154,1129]},"state":"current_arm_state"}

2025-09-25 16:09:41 - __main__ - INFO: 获取状态：成功，当前位姿为[0.005407, -0.359985, 0.201936, 2.937, 0.154, 1.129]
2025-09-25 16:09:41 - __main__ - INFO: ===采集第15次数据！
2025-09-25 16:09:48 - __main__ - INFO: response:{"command":"start_drag_teach","drag_teach":true}
{"command":"stop_drag_teach","drag_teach":true}
{"arm_state":{"err":[0],"joint":[85447,19301,73641,512,74775,-35141],"pose":[-24662,-358945,200206,-3024,180,2113]},"state":"current_arm_state"}

2025-09-25 16:09:48 - __main__ - INFO: 获取状态：成功，当前位姿为[-0.024662, -0.358945, 0.200206, -3.024, 0.18, 2.113]
2025-09-25 16:09:48 - __main__ - INFO: ===采集第16次数据！
2025-09-25 16:09:57 - __main__ - INFO: response:{"command":"start_drag_teach","drag_teach":true}
{"command":"stop_drag_teach","drag_teach":true}
{"arm_state":{"err":[0],"joint":[87537,27718,66029,576,76591,-5774],"pose":[-15423,-381216,179528,3148,168,1627]},"state":"current_arm_state"}

2025-09-25 16:09:57 - __main__ - INFO: 获取状态：成功，当前位姿为[-0.015423, -0.381216, 0.179528, 3.148, 0.168, 1.627]
2025-09-25 16:09:57 - __main__ - INFO: ===采集第17次数据！
2025-09-25 16:10:04 - __main__ - INFO: response:{"command":"start_drag_teach","drag_teach":true}
{"command":"stop_drag_teach","drag_teach":true}
{"arm_state":{"err":[0],"joint":[87440,27670,66023,3372,76574,28317],"pose":[-5977,-379793,179726,3008,120,1015]},"state":"current_arm_state"}

2025-09-25 16:10:04 - __main__ - INFO: 获取状态：成功，当前位姿为[-0.005977, -0.379793, 0.179726, 3.008, 0.12, 1.015]
2025-09-25 16:10:04 - __main__ - INFO: ===采集第18次数据！
2025-09-25 16:10:25 - __main__ - INFO: response:{"command":"start_drag_teach","drag_teach":true}
{"command":"stop_drag_teach","drag_teach":true}
{"command":"start_drag_teach","drag_teach":true}
{"command":"stop_drag_teach","drag_teach":true}
{"command":"start_drag_teach","drag_teach":true}
{"command":"stop_drag_teach","drag_teach":true}
{"command":"start_drag_teach","drag_teach":true}
{"command":"stop_drag_teach","drag_teach":true}
{"command":"start_drag_teach","drag_teach":true}
{"command":"stop_drag_teach","drag_teach":true}
{"arm_state":{"err":[0],"joint":[86517,27674,66011,-1171,75088,-38062],"pose":[-27257,-387861,181409,-3003,141,2187]},"state":"current_arm_state"}

2025-09-25 16:10:25 - __main__ - INFO: 获取状态：成功，当前位姿为[-0.027257, -0.387861, 0.181409, -3.003, 0.141, 2.187]
2025-09-25 16:10:25 - __main__ - INFO: ===采集第19次数据！
2025-09-25 16:10:41 - __main__ - INFO: response:{"command":"start_drag_teach","drag_teach":true}
{"command":"stop_drag_teach","drag_teach":true}
{"arm_state":{"err":[0],"joint":[84138,40600,55960,4873,79262,-9618],"pose":[-19303,-402047,134090,3070,85,1620]},"state":"current_arm_state"}

2025-09-25 16:10:41 - __main__ - INFO: 获取状态：成功，当前位姿为[-0.019303, -0.402047, 0.13409, 3.07, 0.085, 1.62]
2025-09-25 16:10:41 - __main__ - INFO: ===采集第20次数据！
2025-09-25 16:11:57 - __main__ - INFO: 处理图片: 1.jpg
2025-09-25 16:11:57 - __main__ - INFO: 处理图片: 2.jpg
2025-09-25 16:11:57 - __main__ - INFO: 处理图片: 3.jpg
2025-09-25 16:11:57 - __main__ - INFO: 处理图片: 4.jpg
2025-09-25 16:11:57 - __main__ - INFO: 处理图片: 5.jpg
2025-09-25 16:11:57 - __main__ - INFO: 处理图片: 6.jpg
2025-09-25 16:11:57 - __main__ - INFO: 处理图片: 7.jpg
2025-09-25 16:11:57 - __main__ - INFO: 处理图片: 8.jpg
2025-09-25 16:11:57 - __main__ - INFO: 处理图片: 9.jpg
2025-09-25 16:11:57 - __main__ - INFO: 处理图片: 10.jpg
2025-09-25 16:11:57 - __main__ - INFO: 处理图片: 11.jpg
2025-09-25 16:11:57 - __main__ - INFO: 处理图片: 12.jpg
2025-09-25 16:11:57 - __main__ - INFO: 处理图片: 13.jpg
2025-09-25 16:11:57 - __main__ - INFO: 处理图片: 14.jpg
2025-09-25 16:11:57 - __main__ - INFO: 处理图片: 15.jpg
2025-09-25 16:11:57 - __main__ - INFO: 处理图片: 16.jpg
2025-09-25 16:11:57 - __main__ - INFO: 处理图片: 17.jpg
2025-09-25 16:11:57 - __main__ - INFO: 处理图片: 18.jpg
2025-09-25 16:11:57 - __main__ - INFO: 处理图片: 19.jpg
2025-09-25 16:11:57 - __main__ - INFO: 处理图片: 20.jpg
2025-09-25 16:11:58 - __main__ - INFO: 旋转矩阵是:
[[ 0.04343831  0.99897113 -0.01303057]
 [-0.99905131  0.04347483  0.00253275]
 [ 0.00309665  0.01290819  0.99991189]]
2025-09-25 16:11:58 - __main__ - INFO: 平移向量是:
[[-0.06424532]
 [ 0.03328295]
 [-0.09279976]]
2025-09-25 16:11:58 - __main__ - INFO: 四元数是：
[ 0.00359115 -0.00558196 -0.69155599  0.72229236]
2025-09-25 17:05:51 - libs.auxiliary - INFO: create folder eye_hand_data/data2025092504
2025-09-25 17:05:51 - libs.auxiliary - INFO: command:['ping', '-c', '1', '192.168.1.18']
2025-09-25 17:05:51 - __main__ - INFO: robot_ip:192.168.1.18
2025-09-25 17:05:51 - __main__ - INFO: response:{"change_work_frame":true,"command":"set_change_work_frame"}

2025-09-25 17:05:51 - __main__ - INFO: 开始手眼标定程序，当前程序版号V1.0.0
2025-09-25 17:06:48 - __main__ - INFO: response:{"command":"start_drag_teach","drag_teach":true}
{"command":"stop_drag_teach","drag_teach":true}
{"command":"start_drag_teach","drag_teach":true}
{"command":"stop_drag_teach","drag_teach":true}
{"arm_state":{"err":[0],"joint":[90568,758,121642,-2388,29669,-375],"pose":[-4711,-316789,140567,-3098,486,1629]},"state":"current_arm_state"}

2025-09-25 17:06:48 - __main__ - INFO: 获取状态：成功，当前位姿为[-0.004711, -0.316789, 0.140567, -3.098, 0.486, 1.629]
2025-09-25 17:06:48 - __main__ - INFO: ===采集第1次数据！
2025-09-25 17:07:09 - __main__ - INFO: response:{"command":"start_drag_teach","drag_teach":true}
{"command":"stop_drag_teach","drag_teach":true}
{"arm_state":{"err":[0],"joint":[90309,758,121644,-2384,29676,20880],"pose":[-8205,-315669,140021,2991,466,1207]},"state":"current_arm_state"}

2025-09-25 17:07:09 - __main__ - INFO: 获取状态：成功，当前位姿为[-0.008205, -0.315669, 0.140021, 2.991, 0.466, 1.207]
2025-09-25 17:07:09 - __main__ - INFO: ===采集第2次数据！
2025-09-25 17:07:31 - __main__ - INFO: response:{"command":"start_drag_teach","drag_teach":true}
{"command":"stop_drag_teach","drag_teach":true}
{"command":"start_drag_teach","drag_teach":true}
{"command":"stop_drag_teach","drag_teach":true}
{"arm_state":{"err":[0],"joint":[90320,755,121647,-2944,29700,-26012],"pose":[-4538,-316931,140621,-2872,412,2125]},"state":"current_arm_state"}

2025-09-25 17:07:31 - __main__ - INFO: 获取状态：成功，当前位姿为[-0.004538, -0.316931, 0.140621, -2.872, 0.412, 2.125]
2025-09-25 17:07:31 - __main__ - INFO: ===采集第3次数据！
2025-09-25 17:08:08 - __main__ - INFO: response:{"command":"start_drag_teach","drag_teach":true}
{"command":"stop_drag_teach","drag_teach":true}
{"command":"start_drag_teach","drag_teach":true}
{"command":"stop_drag_teach","drag_teach":true}
{"command":"start_drag_teach","drag_teach":true}
{"command":"stop_drag_teach","drag_teach":true}
{"arm_state":{"err":[0],"joint":[90300,3110,117306,-2169,33515,-2337],"pose":[-6055,-323117,142142,-3085,452,1656]},"state":"current_arm_state"}

2025-09-25 17:08:08 - __main__ - INFO: 获取状态：成功，当前位姿为[-0.006055, -0.323117, 0.142142, -3.085, 0.452, 1.656]
2025-09-25 17:08:08 - __main__ - INFO: ===采集第4次数据！
2025-09-25 17:08:23 - __main__ - INFO: response:{"command":"start_drag_teach","drag_teach":true}
{"command":"stop_drag_teach","drag_teach":true}
{"arm_state":{"err":[0],"joint":[90302,3110,117307,-2168,33463,27999],"pose":[-8882,-321696,141506,2946,415,1072]},"state":"current_arm_state"}

2025-09-25 17:08:23 - __main__ - INFO: 获取状态：成功，当前位姿为[-0.008882, -0.321696, 0.141506, 2.946, 0.415, 1.072]
2025-09-25 17:08:23 - __main__ - INFO: ===采集第5次数据！
2025-09-25 17:08:40 - __main__ - INFO: response:{"command":"start_drag_teach","drag_teach":true}
{"command":"stop_drag_teach","drag_teach":true}
{"command":"start_drag_teach","drag_teach":true}
{"command":"stop_drag_teach","drag_teach":true}
{"arm_state":{"err":[0],"joint":[90310,3118,117331,-5408,33475,-27844],"pose":[-11536,-323646,142543,-2843,355,2182]},"state":"current_arm_state"}

2025-09-25 17:08:40 - __main__ - INFO: 获取状态：成功，当前位姿为[-0.011536, -0.323646, 0.142543, -2.843, 0.355, 2.182]
2025-09-25 17:08:40 - __main__ - INFO: ===采集第6次数据！
2025-09-25 17:09:06 - __main__ - INFO: response:{"command":"start_drag_teach","drag_teach":true}
{"command":"stop_drag_teach","drag_teach":true}
{"command":"start_drag_teach","drag_teach":true}
{"command":"stop_drag_teach","drag_teach":true}
{"arm_state":{"err":[0],"joint":[90347,-6222,110537,-5370,45726,499],"pose":[-18759,-320541,205497,-3041,520,1642]},"state":"current_arm_state"}

2025-09-25 17:09:06 - __main__ - INFO: 获取状态：成功，当前位姿为[-0.018759, -0.320541, 0.205497, -3.041, 0.52, 1.642]
2025-09-25 17:09:06 - __main__ - INFO: ===采集第7次数据！
2025-09-25 17:09:29 - __main__ - INFO: response:{"command":"start_drag_teach","drag_teach":true}
{"command":"stop_drag_teach","drag_teach":true}
{"command":"start_drag_teach","drag_teach":true}
{"command":"stop_drag_teach","drag_teach":true}
{"arm_state":{"err":[0],"joint":[90299,-6921,110581,-4298,52465,16517],"pose":[-18777,-291025,192979,3092,419,1310]},"state":"current_arm_state"}

2025-09-25 17:09:29 - __main__ - INFO: 获取状态：成功，当前位姿为[-0.018777, -0.291025, 0.192979, 3.092, 0.419, 1.31]
2025-09-25 17:09:29 - __main__ - INFO: ===采集第8次数据！
2025-09-25 17:09:43 - __main__ - INFO: response:{"command":"start_drag_teach","drag_teach":true}
{"command":"stop_drag_teach","drag_teach":true}
{"arm_state":{"err":[0],"joint":[90298,-6922,110585,-4699,52413,-27666],"pose":[-15578,-292378,193379,-2865,326,2140]},"state":"current_arm_state"}

2025-09-25 17:09:43 - __main__ - INFO: 获取状态：成功，当前位姿为[-0.015578, -0.292378, 0.193379, -2.865, 0.326, 2.14]
2025-09-25 17:09:43 - __main__ - INFO: ===采集第9次数据！
2025-09-25 17:10:19 - __main__ - INFO: response:{"command":"start_drag_teach","drag_teach":true}
{"command":"stop_drag_teach","drag_teach":true}
{"command":"start_drag_teach","drag_teach":true}
{"command":"stop_drag_teach","drag_teach":true}
{"command":"start_drag_teach","drag_teach":true}
{"command":"stop_drag_teach","drag_teach":true}
{"command":"start_drag_teach","drag_teach":true}
{"command":"stop_drag_teach","drag_teach":true}
{"arm_state":{"err":[0],"joint":[90325,13770,110539,-4747,36566,-1682],"pose":[-13639,-331971,109896,-3059,329,1677]},"state":"current_arm_state"}

2025-09-25 17:10:19 - __main__ - INFO: 获取状态：成功，当前位姿为[-0.013639, -0.331971, 0.109896, -3.059, 0.329, 1.677]
2025-09-25 17:10:19 - __main__ - INFO: ===采集第10次数据！
2025-09-25 17:10:33 - __main__ - INFO: response:{"command":"start_drag_teach","drag_teach":true}
{"command":"stop_drag_teach","drag_teach":true}
{"arm_state":{"err":[0],"joint":[90313,13770,110539,-4744,36540,21614],"pose":[-15998,-330922,109648,3081,334,1247]},"state":"current_arm_state"}

2025-09-25 17:10:33 - __main__ - INFO: 获取状态：成功，当前位姿为[-0.015998, -0.330922, 0.109648, 3.081, 0.334, 1.247]
2025-09-25 17:10:34 - __main__ - INFO: ===采集第11次数据！
2025-09-25 17:10:49 - __main__ - INFO: response:{"command":"start_drag_teach","drag_teach":true}
{"command":"stop_drag_teach","drag_teach":true}
{"arm_state":{"err":[0],"joint":[90309,13771,110540,-5299,36536,-17357],"pose":[-13531,-332435,110050,-2963,291,1970]},"state":"current_arm_state"}

2025-09-25 17:10:49 - __main__ - INFO: 获取状态：成功，当前位姿为[-0.013531, -0.332435, 0.11005, -2.963, 0.291, 1.97]
2025-09-25 17:10:49 - __main__ - INFO: ===采集第12次数据！
2025-09-25 17:11:19 - __main__ - INFO: response:{"command":"start_drag_teach","drag_teach":true}
{"command":"stop_drag_teach","drag_teach":true}
{"command":"start_drag_teach","drag_teach":true}
{"command":"stop_drag_teach","drag_teach":true}
{"command":"start_drag_teach","drag_teach":true}
{"command":"stop_drag_teach","drag_teach":true}
{"arm_state":{"err":[0],"joint":[90303,21625,88320,-6317,55762,3220],"pose":[-25738,-366963,139634,-3048,251,1582]},"state":"current_arm_state"}

2025-09-25 17:11:19 - __main__ - INFO: 获取状态：成功，当前位姿为[-0.025738, -0.366963, 0.139634, -3.048, 0.251, 1.582]
2025-09-25 17:11:19 - __main__ - INFO: ===采集第13次数据！
2025-09-25 17:11:35 - __main__ - INFO: response:{"command":"start_drag_teach","drag_teach":true}
{"command":"stop_drag_teach","drag_teach":true}
{"arm_state":{"err":[0],"joint":[90302,21623,88320,-6304,55237,22646],"pose":[-27385,-368307,140197,3139,276,1231]},"state":"current_arm_state"}

2025-09-25 17:11:35 - __main__ - INFO: 获取状态：成功，当前位姿为[-0.027385, -0.368307, 0.140197, 3.139, 0.276, 1.231]
2025-09-25 17:11:35 - __main__ - INFO: ===采集第14次数据！
2025-09-25 17:11:49 - __main__ - INFO: response:{"command":"start_drag_teach","drag_teach":true}
{"command":"stop_drag_teach","drag_teach":true}
{"arm_state":{"err":[0],"joint":[90303,21626,88320,-7013,55237,-28033],"pose":[-24844,-369918,140386,-2916,169,2141]},"state":"current_arm_state"}

2025-09-25 17:11:49 - __main__ - INFO: 获取状态：成功，当前位姿为[-0.024844, -0.369918, 0.140386, -2.916, 0.169, 2.141]
2025-09-25 17:11:49 - __main__ - INFO: ===采集第15次数据！
2025-09-25 17:12:24 - __main__ - INFO: response:{"command":"start_drag_teach","drag_teach":true}
{"command":"stop_drag_teach","drag_teach":true}
{"command":"start_drag_teach","drag_teach":true}
{"command":"stop_drag_teach","drag_teach":true}
{"arm_state":{"err":[0],"joint":[90307,27122,77920,-630,60533,-5390],"pose":[-2305,-394986,145348,-3106,249,1678]},"state":"current_arm_state"}

2025-09-25 17:12:24 - __main__ - INFO: 获取状态：成功，当前位姿为[-0.002305, -0.394986, 0.145348, -3.106, 0.249, 1.678]
2025-09-25 17:12:24 - __main__ - INFO: ===采集第16次数据！
2025-09-25 17:12:39 - __main__ - INFO: response:{"command":"start_drag_teach","drag_teach":true}
{"command":"stop_drag_teach","drag_teach":true}
{"arm_state":{"err":[0],"joint":[90335,27121,77926,-635,64877,17900],"pose":[-4682,-373233,140203,3097,170,1264]},"state":"current_arm_state"}

2025-09-25 17:12:39 - __main__ - INFO: 获取状态：成功，当前位姿为[-0.004682, -0.373233, 0.140203, 3.097, 0.17, 1.264]
2025-09-25 17:12:39 - __main__ - INFO: ===采集第17次数据！
2025-09-25 17:13:55 - __main__ - INFO: response:{"command":"start_drag_teach","drag_teach":true}
{"command":"stop_drag_teach","drag_teach":true}
{"command":"start_drag_teach","drag_teach":true}
{"command":"stop_drag_teach","drag_teach":true}
{"command":"start_drag_teach","drag_teach":true}
{"command":"stop_drag_teach","drag_teach":true}
{"command":"start_drag_teach","drag_teach":true}
{"command":"stop_drag_teach","drag_teach":true}
{"command":"start_drag_teach","drag_teach":true}
{"command":"stop_drag_teach","drag_teach":true}
{"command":"start_drag_teach","drag_teach":true}
{"command":"stop_drag_teach","drag_teach":true}
{"arm_state":{"err":[0],"joint":[86868,27108,77900,-6498,60137,-31949],"pose":[-47527,-395449,147429,-2909,157,2135]},"state":"current_arm_state"}

2025-09-25 17:13:55 - __main__ - INFO: 获取状态：成功，当前位姿为[-0.047527, -0.395449, 0.147429, -2.909, 0.157, 2.135]
2025-09-25 17:13:55 - __main__ - INFO: ===采集第18次数据！
2025-09-25 17:14:39 - __main__ - INFO: 处理图片: 1.jpg
2025-09-25 17:14:39 - __main__ - INFO: 处理图片: 2.jpg
2025-09-25 17:14:39 - __main__ - INFO: 处理图片: 3.jpg
2025-09-25 17:14:39 - __main__ - INFO: 处理图片: 4.jpg
2025-09-25 17:14:39 - __main__ - INFO: 处理图片: 5.jpg
2025-09-25 17:14:39 - __main__ - INFO: 处理图片: 6.jpg
2025-09-25 17:14:39 - __main__ - INFO: 处理图片: 7.jpg
2025-09-25 17:14:39 - __main__ - INFO: 处理图片: 8.jpg
2025-09-25 17:14:39 - __main__ - INFO: 处理图片: 9.jpg
2025-09-25 17:14:39 - __main__ - INFO: 处理图片: 10.jpg
2025-09-25 17:14:39 - __main__ - INFO: 处理图片: 11.jpg
2025-09-25 17:14:39 - __main__ - INFO: 处理图片: 12.jpg
2025-09-25 17:14:39 - __main__ - INFO: 处理图片: 13.jpg
2025-09-25 17:14:39 - __main__ - INFO: 处理图片: 14.jpg
2025-09-25 17:14:39 - __main__ - INFO: 处理图片: 15.jpg
2025-09-25 17:14:39 - __main__ - INFO: 处理图片: 16.jpg
2025-09-25 17:14:39 - __main__ - INFO: 处理图片: 17.jpg
2025-09-25 17:14:39 - __main__ - INFO: 处理图片: 18.jpg
2025-09-25 17:14:39 - __main__ - INFO: 旋转矩阵是:
[[ 0.04906289  0.9987323  -0.01125269]
 [-0.99879195  0.04909041  0.00218249]
 [ 0.00273212  0.01113201  0.9999343 ]]
2025-09-25 17:14:39 - __main__ - INFO: 平移向量是:
[[-0.06349581]
 [ 0.03340328]
 [-0.08746276]]
2025-09-25 17:14:39 - __main__ - INFO: 四元数是：
[ 0.00308929 -0.00482742 -0.68952538  0.72423884]
2025-09-25 19:42:08 - libs.auxiliary - INFO: create folder eye_hand_data/data2025092505
2025-09-25 19:42:08 - libs.auxiliary - INFO: command:['ping', '-c', '1', '192.168.1.18']
2025-09-25 19:42:08 - __main__ - INFO: robot_ip:192.168.1.18
2025-09-25 19:42:08 - __main__ - INFO: response:{"command":"start_drag_teach","drag_teach":true}

2025-09-25 19:42:08 - __main__ - INFO: 开始手眼标定程序，当前程序版号V1.0.0
2025-09-25 19:42:52 - __main__ - INFO: response:{"change_work_frame":true,"command":"set_change_work_frame"}
{"command":"stop_drag_teach","drag_teach":true}
{"command":"start_drag_teach","drag_teach":true}
{"command":"stop_drag_teach","drag_teach":true}
{"command":"start_drag_teach","drag_teach":true}
{"command":"stop_drag_teach","drag_teach":true}
{"command":"start_drag_teach","drag_teach":true}
{"command":"stop_drag_teach","drag_teach":true}
{"command":"start_drag_teach","drag_teach":true}
{"command":"stop_drag_teach","drag_teach":true}
{"command":"start_drag_teach","drag_teach":true}
{"command":"stop_drag_teach","drag_teach":true}
{"command":"start_drag_teach","drag_teach":true}
{"command":"stop_drag_teach","drag_teach":true}
{"command":"start_drag_teach","drag_teach":true}
{"command":"stop_drag_teach","drag_teach":true}
{"command":"start_drag_teach","drag_teach":true}
{"command":"stop_drag_teach","drag_teach":true}
{"command":"start_drag_teach","drag_teach":true}
{"command":"stop_drag_teach","drag_teach":true}
{"arm_state":{"err":[0],"joint":[84538,25638,115661,-8771,4059,2333],"pose":[-43438,-401245,82916,2909,637,1319]},"state":"current_arm_state"}

2025-09-25 19:42:52 - __main__ - INFO: 获取状态：成功，当前位姿为[-0.043438, -0.401245, 0.082916, 2.909, 0.637, 1.319]
2025-09-25 19:42:52 - __main__ - INFO: ===采集第1次数据！
2025-09-25 19:43:04 - __main__ - INFO: response:{"command":"start_drag_teach","drag_teach":true}
{"command":"stop_drag_teach","drag_teach":true}
{"command":"start_drag_teach","drag_teach":true}
{"command":"stop_drag_teach","drag_teach":true}
{"arm_state":{"err":[0],"joint":[87655,25639,115675,-9766,9262,32085],"pose":[-27369,-380484,68686,2680,460,815]},"state":"current_arm_state"}

2025-09-25 19:43:04 - __main__ - INFO: 获取状态：成功，当前位姿为[-0.027369, -0.380484, 0.068686, 2.68, 0.46, 0.815]
2025-09-25 19:43:04 - __main__ - INFO: ===采集第2次数据！
2025-09-25 19:43:10 - __main__ - INFO: response:{"command":"start_drag_teach","drag_teach":true}
{"command":"stop_drag_teach","drag_teach":true}
{"arm_state":{"err":[0],"joint":[87654,25638,115679,-33320,9099,-5138],"pose":[-39036,-387510,74074,-2970,488,2020]},"state":"current_arm_state"}

2025-09-25 19:43:10 - __main__ - INFO: 获取状态：成功，当前位姿为[-0.039036, -0.38751, 0.074074, -2.97, 0.488, 2.02]
2025-09-25 19:43:10 - __main__ - INFO: ===采集第3次数据！
2025-09-25 19:43:50 - __main__ - INFO: response:{"command":"start_drag_teach","drag_teach":true}
{"command":"stop_drag_teach","drag_teach":true}
{"arm_state":{"err":[0],"joint":[90659,9981,115363,-6996,23260,4600],"pose":[-11570,-364413,138392,2907,584,1337]},"state":"current_arm_state"}

2025-09-25 19:43:50 - __main__ - INFO: 获取状态：成功，当前位姿为[-0.01157, -0.364413, 0.138392, 2.907, 0.584, 1.337]
2025-09-25 19:43:50 - __main__ - INFO: ===采集第4次数据！
2025-09-25 19:44:10 - __main__ - INFO: response:{"command":"start_drag_teach","drag_teach":true}
{"command":"stop_drag_teach","drag_teach":true}
{"command":"start_drag_teach","drag_teach":true}
{"command":"stop_drag_teach","drag_teach":true}
{"arm_state":{"err":[0],"joint":[87581,9982,115368,-848,24977,19065],"pose":[-20713,-355199,132711,2695,471,893]},"state":"current_arm_state"}

2025-09-25 19:44:10 - __main__ - INFO: 获取状态：成功，当前位姿为[-0.020713, -0.355199, 0.132711, 2.695, 0.471, 0.893]
2025-09-25 19:44:10 - __main__ - INFO: ===采集第5次数据！
2025-09-25 19:44:16 - __main__ - INFO: response:{"command":"start_drag_teach","drag_teach":true}
{"command":"stop_drag_teach","drag_teach":true}
{"arm_state":{"err":[0],"joint":[87595,9983,115368,-8429,24925,-22946],"pose":[-31924,-357177,134692,-3066,515,1873]},"state":"current_arm_state"}

2025-09-25 19:44:16 - __main__ - INFO: 获取状态：成功，当前位姿为[-0.031924, -0.357177, 0.134692, -3.066, 0.515, 1.873]
2025-09-25 19:44:16 - __main__ - INFO: ===采集第6次数据！
2025-09-25 19:44:24 - __main__ - INFO: response:{"command":"start_drag_teach","drag_teach":true}
{"command":"stop_drag_teach","drag_teach":true}
{"arm_state":{"err":[0],"joint":[87574,9972,101548,197,41565,-8005],"pose":[-16936,-369007,171307,2933,503,1413]},"state":"current_arm_state"}

2025-09-25 19:44:24 - __main__ - INFO: 获取状态：成功，当前位姿为[-0.016936, -0.369007, 0.171307, 2.933, 0.503, 1.413]
2025-09-25 19:44:24 - __main__ - INFO: ===采集第7次数据！
2025-09-25 19:44:32 - __main__ - INFO: response:{"command":"start_drag_teach","drag_teach":true}
{"command":"stop_drag_teach","drag_teach":true}
{"arm_state":{"err":[0],"joint":[86864,9970,101556,-225,41455,17322],"pose":[-24778,-367853,170952,2730,437,916]},"state":"current_arm_state"}

2025-09-25 19:44:32 - __main__ - INFO: 获取状态：成功，当前位姿为[-0.024778, -0.367853, 0.170952, 2.73, 0.437, 0.916]
2025-09-25 19:44:32 - __main__ - INFO: ===采集第8次数据！
2025-09-25 19:44:39 - __main__ - INFO: response:{"command":"start_drag_teach","drag_teach":true}
{"command":"stop_drag_teach","drag_teach":true}
{"arm_state":{"err":[0],"joint":[86870,9974,101567,-5225,43367,-25590],"pose":[-36981,-360665,168131,-3105,441,1823]},"state":"current_arm_state"}

2025-09-25 19:44:39 - __main__ - INFO: 获取状态：成功，当前位姿为[-0.036981, -0.360665, 0.168131, -3.105, 0.441, 1.823]
2025-09-25 19:44:39 - __main__ - INFO: ===采集第9次数据！
2025-09-25 19:44:50 - __main__ - INFO: response:{"command":"start_drag_teach","drag_teach":true}
{"command":"stop_drag_teach","drag_teach":true}
{"arm_state":{"err":[0],"joint":[86731,17597,84034,-190,57414,-5325],"pose":[-24967,-385835,185724,2935,398,1358]},"state":"current_arm_state"}

2025-09-25 19:44:50 - __main__ - INFO: 获取状态：成功，当前位姿为[-0.024967, -0.385835, 0.185724, 2.935, 0.398, 1.358]
2025-09-25 19:44:50 - __main__ - INFO: ===采集第10次数据！
2025-09-25 19:44:56 - __main__ - INFO: response:{"command":"start_drag_teach","drag_teach":true}
{"command":"stop_drag_teach","drag_teach":true}
{"arm_state":{"err":[0],"joint":[86695,17587,84037,-271,57322,21730],"pose":[-27504,-384667,185405,2770,335,857]},"state":"current_arm_state"}

2025-09-25 19:44:56 - __main__ - INFO: 获取状态：成功，当前位姿为[-0.027504, -0.384667, 0.185405, 2.77, 0.335, 0.857]
2025-09-25 19:44:56 - __main__ - INFO: ===采集第11次数据！
2025-09-25 19:45:01 - __main__ - INFO: response:{"command":"start_drag_teach","drag_teach":true}
{"command":"stop_drag_teach","drag_teach":true}
{"arm_state":{"err":[0],"joint":[86705,17587,84042,-2072,57336,-31882],"pose":[-30267,-386283,186173,3145,371,1878]},"state":"current_arm_state"}

2025-09-25 19:45:01 - __main__ - INFO: 获取状态：成功，当前位姿为[-0.030267, -0.386283, 0.186173, 3.145, 0.371, 1.878]
2025-09-25 19:45:01 - __main__ - INFO: ===采集第12次数据！
2025-09-25 19:45:09 - __main__ - INFO: response:{"command":"start_drag_teach","drag_teach":true}
{"command":"stop_drag_teach","drag_teach":true}
{"arm_state":{"err":[0],"joint":[84931,20838,72136,2872,68546,-10757],"pose":[-23669,-392790,208456,2917,355,1407]},"state":"current_arm_state"}

2025-09-25 19:45:09 - __main__ - INFO: 获取状态：成功，当前位姿为[-0.023669, -0.39279, 0.208456, 2.917, 0.355, 1.407]
2025-09-25 19:45:09 - __main__ - INFO: ===采集第13次数据！
2025-09-25 19:45:15 - __main__ - INFO: response:{"command":"start_drag_teach","drag_teach":true}
{"command":"stop_drag_teach","drag_teach":true}
{"arm_state":{"err":[0],"joint":[84917,20834,72140,2874,68519,20184],"pose":[-26009,-391163,207878,2759,273,845]},"state":"current_arm_state"}

2025-09-25 19:45:15 - __main__ - INFO: 获取状态：成功，当前位姿为[-0.026009, -0.391163, 0.207878, 2.759, 0.273, 0.845]
2025-09-25 19:45:15 - __main__ - INFO: ===采集第14次数据！
2025-09-25 19:45:19 - __main__ - INFO: response:{"command":"start_drag_teach","drag_teach":true}
{"command":"stop_drag_teach","drag_teach":true}
{"arm_state":{"err":[0],"joint":[84917,20835,72141,1845,68528,-22487],"pose":[-27270,-392745,208425,3006,360,1633]},"state":"current_arm_state"}

2025-09-25 19:45:19 - __main__ - INFO: 获取状态：成功，当前位姿为[-0.02727, -0.392745, 0.208425, 3.006, 0.36, 1.633]
2025-09-25 19:45:19 - __main__ - INFO: ===采集第15次数据！
2025-09-25 19:45:30 - __main__ - INFO: response:{"command":"start_drag_teach","drag_teach":true}
{"command":"stop_drag_teach","drag_teach":true}
{"arm_state":{"err":[0],"joint":[84715,24719,62006,1090,80294,-9793],"pose":[-31960,-382503,216735,2952,261,1405]},"state":"current_arm_state"}

2025-09-25 19:45:30 - __main__ - INFO: 获取状态：成功，当前位姿为[-0.03196, -0.382503, 0.216735, 2.952, 0.261, 1.405]
2025-09-25 19:45:30 - __main__ - INFO: ===采集第16次数据！
2025-09-25 19:45:34 - __main__ - INFO: response:{"command":"start_drag_teach","drag_teach":true}
{"command":"stop_drag_teach","drag_teach":true}
{"arm_state":{"err":[0],"joint":[84512,24720,62008,624,80152,18106],"pose":[-37632,-381247,216522,2855,224,903]},"state":"current_arm_state"}

2025-09-25 19:45:34 - __main__ - INFO: 获取状态：成功，当前位姿为[-0.037632, -0.381247, 0.216522, 2.855, 0.224, 0.903]
2025-09-25 19:45:35 - __main__ - INFO: ===采集第17次数据！
2025-09-25 19:45:39 - __main__ - INFO: response:{"command":"start_drag_teach","drag_teach":true}
{"command":"stop_drag_teach","drag_teach":true}
{"arm_state":{"err":[0],"joint":[84532,24717,62009,613,80171,-32829],"pose":[-33369,-383226,216944,3054,255,1819]},"state":"current_arm_state"}

2025-09-25 19:45:39 - __main__ - INFO: 获取状态：成功，当前位姿为[-0.033369, -0.383226, 0.216944, 3.054, 0.255, 1.819]
2025-09-25 19:45:39 - __main__ - INFO: ===采集第18次数据！
2025-09-25 19:46:21 - __main__ - INFO: 处理图片: 1.jpg
2025-09-25 19:46:21 - __main__ - INFO: 处理图片: 2.jpg
2025-09-25 19:46:21 - __main__ - INFO: 处理图片: 3.jpg
2025-09-25 19:46:22 - __main__ - INFO: 处理图片: 4.jpg
2025-09-25 19:46:22 - __main__ - INFO: 处理图片: 5.jpg
2025-09-25 19:46:22 - __main__ - INFO: 处理图片: 6.jpg
2025-09-25 19:46:22 - __main__ - INFO: 处理图片: 7.jpg
2025-09-25 19:46:22 - __main__ - INFO: 处理图片: 8.jpg
2025-09-25 19:46:22 - __main__ - INFO: 处理图片: 9.jpg
2025-09-25 19:46:22 - __main__ - INFO: 处理图片: 10.jpg
2025-09-25 19:46:22 - __main__ - INFO: 处理图片: 11.jpg
2025-09-25 19:46:22 - __main__ - INFO: 处理图片: 12.jpg
2025-09-25 19:46:22 - __main__ - INFO: 处理图片: 13.jpg
2025-09-25 19:46:22 - __main__ - INFO: 处理图片: 14.jpg
2025-09-25 19:46:22 - __main__ - INFO: 处理图片: 15.jpg
2025-09-25 19:46:22 - __main__ - INFO: 处理图片: 16.jpg
2025-09-25 19:46:22 - __main__ - INFO: 处理图片: 17.jpg
2025-09-25 19:46:22 - __main__ - INFO: 处理图片: 18.jpg
2025-09-25 19:46:22 - __main__ - INFO: 旋转矩阵是:
[[-0.17320417  0.98457069  0.02491726]
 [-0.9744839  -0.16765269 -0.14924378]
 [-0.14276361 -0.05013112  0.98848643]]
2025-09-25 19:46:22 - __main__ - INFO: 平移向量是:
[[-0.05963713]
 [ 0.06015772]
 [-0.08290574]]
2025-09-25 19:46:22 - __main__ - INFO: 四元数是：
[-0.0386073  -0.06531663  0.76310931 -0.64180012]
2025-09-25 19:55:13 - libs.auxiliary - INFO: create folder eye_hand_data/data2025092506
2025-09-25 19:55:13 - libs.auxiliary - INFO: command:['ping', '-c', '1', '192.168.1.18']
2025-09-25 19:55:13 - __main__ - INFO: robot_ip:192.168.1.18
2025-09-25 19:55:13 - __main__ - INFO: response:{"change_work_frame":true,"command":"set_change_work_frame"}

2025-09-25 19:55:13 - __main__ - INFO: 开始手眼标定程序，当前程序版号V1.0.0
2025-09-25 19:56:26 - __main__ - INFO: response:{"command":"start_drag_teach","drag_teach":true}
{"command":"stop_drag_teach","drag_teach":true}
{"command":"start_drag_teach","drag_teach":true}
{"command":"stop_drag_teach","drag_teach":true}
{"command":"start_drag_teach","drag_teach":true}
{"command":"stop_drag_teach","drag_teach":true}
{"command":"start_drag_teach","drag_teach":true}
{"command":"stop_drag_teach","drag_teach":true}
{"command":"start_drag_teach","drag_teach":true}
{"command":"stop_drag_teach","drag_teach":true}
{"device":0,"state":"current_trajectory_state","trajectory_connect":0,"trajectory_state":true}
{"device":0,"state":"current_trajectory_state","trajectory_connect":0,"trajectory_state":true}
{"command":"start_drag_teach","drag_teach":true}
{"command":"stop_drag_teach","drag_teach":true}
{"command":"start_drag_teach","drag_teach":true}
{"command":"stop_drag_teach","drag_teach":true}
{"command":"start_drag_teach","drag_teach":true}
{"command":"stop_drag_teach","drag_teach":true}
{"command":"start_drag_teach","drag_teach":true}
{"command":"stop_drag_teach","drag_teach":true}
{"command":"start_drag_teach","drag_teach":true}
{"command":"stop_drag_teach","drag_teach":true}
{"command":"start_drag_teach","drag_teach":true}
{"command":"stop_drag_teach","drag_teach":true}
{"command":"start_drag_teach","drag_teach":true}
{"command":"stop_drag_teach","drag_teach":true}
{"command":"start_drag_teach","drag_teach":true}
{"command":"stop_drag_teach","drag_teach":true}
{"command":"start_drag_teach","drag_teach":true}
{"command":"stop_drag_teach","drag_teach":true}
{"arm_state":{"err":[0],"joint":[86230,13145,115675,-321,20696,-1282],"pose":[-27105,-365283,122293,-3123,531,1537]},"state":"current_arm_state"}

2025-09-25 19:56:26 - __main__ - INFO: 获取状态：成功，当前位姿为[-0.027105, -0.365283, 0.122293, -3.123, 0.531, 1.537]
2025-09-25 19:56:26 - __main__ - INFO: ===采集第1次数据！
2025-09-25 19:56:38 - __main__ - INFO: response:{"command":"start_drag_teach","drag_teach":true}
{"command":"stop_drag_teach","drag_teach":true}
{"arm_state":{"err":[0],"joint":[86175,13134,115672,-302,20699,25118],"pose":[-29218,-363778,121557,2900,479,1010]},"state":"current_arm_state"}

2025-09-25 19:56:38 - __main__ - INFO: 获取状态：成功，当前位姿为[-0.029218, -0.363778, 0.121557, 2.9, 0.479, 1.01]
2025-09-25 19:56:38 - __main__ - INFO: ===采集第2次数据！
2025-09-25 19:56:50 - __main__ - INFO: response:{"command":"start_drag_teach","drag_teach":true}
{"command":"stop_drag_teach","drag_teach":true}
{"arm_state":{"err":[0],"joint":[86180,13138,115676,-9331,20720,-19835],"pose":[-40326,-365629,123600,-2818,438,2059]},"state":"current_arm_state"}

2025-09-25 19:56:50 - __main__ - INFO: 获取状态：成功，当前位姿为[-0.040326, -0.365629, 0.1236, -2.818, 0.438, 2.059]
2025-09-25 19:56:50 - __main__ - INFO: ===采集第3次数据！
2025-09-25 19:57:09 - __main__ - INFO: response:{"command":"start_drag_teach","drag_teach":true}
{"command":"stop_drag_teach","drag_teach":true}
{"command":"start_drag_teach","drag_teach":true}
{"command":"stop_drag_teach","drag_teach":true}
{"command":"start_drag_teach","drag_teach":true}
{"command":"stop_drag_teach","drag_teach":true}
{"arm_state":{"err":[0],"joint":[86168,12985,98587,-9295,47370,-1266],"pose":[-58644,-354656,159223,-2972,355,1644]},"state":"current_arm_state"}

2025-09-25 19:57:09 - __main__ - INFO: 获取状态：成功，当前位姿为[-0.058644, -0.354656, 0.159223, -2.972, 0.355, 1.644]
2025-09-25 19:57:09 - __main__ - INFO: ===采集第4次数据！
2025-09-25 19:57:20 - __main__ - INFO: response:{"command":"start_drag_teach","drag_teach":true}
{"command":"stop_drag_teach","drag_teach":true}
{"arm_state":{"err":[0],"joint":[82945,12991,98591,2029,47272,20637],"pose":[-40741,-353539,156041,2973,331,1040]},"state":"current_arm_state"}

2025-09-25 19:57:20 - __main__ - INFO: 获取状态：成功，当前位姿为[-0.040741, -0.353539, 0.156041, 2.973, 0.331, 1.04]
2025-09-25 19:57:20 - __main__ - INFO: ===采集第5次数据！
2025-09-25 19:57:33 - __main__ - INFO: response:{"command":"start_drag_teach","drag_teach":true}
{"command":"stop_drag_teach","drag_teach":true}
{"arm_state":{"err":[0],"joint":[82989,12987,98585,2042,47256,-27868],"pose":[-36703,-355982,156944,-2993,340,1941]},"state":"current_arm_state"}

2025-09-25 19:57:33 - __main__ - INFO: 获取状态：成功，当前位姿为[-0.036703, -0.355982, 0.156944, -2.993, 0.34, 1.941]
2025-09-25 19:57:33 - __main__ - INFO: ===采集第6次数据！
2025-09-25 19:57:56 - __main__ - INFO: response:{"command":"start_drag_teach","drag_teach":true}
{"command":"stop_drag_teach","drag_teach":true}
{"arm_state":{"err":[0],"joint":[85700,19031,88400,-2037,50089,-5769],"pose":[-39082,-392422,166188,-3063,386,1629]},"state":"current_arm_state"}

2025-09-25 19:57:56 - __main__ - INFO: 获取状态：成功，当前位姿为[-0.039082, -0.392422, 0.166188, -3.063, 0.386, 1.629]
2025-09-25 19:57:56 - __main__ - INFO: ===采集第7次数据！
2025-09-25 19:58:10 - __main__ - INFO: response:{"command":"start_drag_teach","drag_teach":true}
{"command":"stop_drag_teach","drag_teach":true}
{"arm_state":{"err":[0],"joint":[85657,18956,88400,-2031,50029,18171],"pose":[-41149,-391445,166380,3046,384,1176]},"state":"current_arm_state"}

2025-09-25 19:58:10 - __main__ - INFO: 获取状态：成功，当前位姿为[-0.041149, -0.391445, 0.16638, 3.046, 0.384, 1.176]
2025-09-25 19:58:10 - __main__ - INFO: ===采集第8次数据！
2025-09-25 19:58:24 - __main__ - INFO: response:{"command":"start_drag_teach","drag_teach":true}
{"command":"stop_drag_teach","drag_teach":true}
{"arm_state":{"err":[0],"joint":[85660,18952,88400,-2539,50040,-23205],"pose":[-39620,-393077,166998,-2938,342,1957]},"state":"current_arm_state"}

2025-09-25 19:58:24 - __main__ - INFO: 获取状态：成功，当前位姿为[-0.03962, -0.393077, 0.166998, -2.938, 0.342, 1.957]
2025-09-25 19:58:24 - __main__ - INFO: ===采集第9次数据！
2025-09-25 19:58:44 - __main__ - INFO: response:{"command":"start_drag_teach","drag_teach":true}
{"command":"stop_drag_teach","drag_teach":true}
{"arm_state":{"err":[0],"joint":[85845,22581,82109,217,57740,-6214],"pose":[-29435,-388582,161495,-3111,305,1609]},"state":"current_arm_state"}

2025-09-25 19:58:44 - __main__ - INFO: 获取状态：成功，当前位姿为[-0.029435, -0.388582, 0.161495, -3.111, 0.305, 1.609]
2025-09-25 19:58:44 - __main__ - INFO: ===采集第10次数据！
2025-09-25 19:59:03 - __main__ - INFO: response:{"command":"start_drag_teach","drag_teach":true}
{"command":"stop_drag_teach","drag_teach":true}
{"arm_state":{"err":[0],"joint":[85786,22579,82109,-348,57020,17676],"pose":[-34105,-390329,162268,3047,305,1176]},"state":"current_arm_state"}

2025-09-25 19:59:03 - __main__ - INFO: 获取状态：成功，当前位姿为[-0.034105, -0.390329, 0.162268, 3.047, 0.305, 1.176]
2025-09-25 19:59:03 - __main__ - INFO: ===采集第11次数据！
2025-09-25 19:59:15 - __main__ - INFO: response:{"command":"start_drag_teach","drag_teach":true}
{"command":"stop_drag_teach","drag_teach":true}
{"arm_state":{"err":[0],"joint":[85793,22581,82113,-498,57039,-29867],"pose":[-30730,-392068,162716,-2971,270,2045]},"state":"current_arm_state"}

2025-09-25 19:59:15 - __main__ - INFO: 获取状态：成功，当前位姿为[-0.03073, -0.392068, 0.162716, -2.971, 0.27, 2.045]
2025-09-25 19:59:15 - __main__ - INFO: ===采集第12次数据！
2025-09-25 19:59:35 - __main__ - INFO: response:{"command":"start_drag_teach","drag_teach":true}
{"command":"stop_drag_teach","drag_teach":true}
{"arm_state":{"err":[0],"joint":[86572,26836,75949,282,64024,-6207],"pose":[-24085,-387594,154348,-3121,229,1620]},"state":"current_arm_state"}

2025-09-25 19:59:35 - __main__ - INFO: 获取状态：成功，当前位姿为[-0.024085, -0.387594, 0.154348, -3.121, 0.229, 1.62]
2025-09-25 19:59:35 - __main__ - INFO: ===采集第13次数据！
2025-09-25 19:59:51 - __main__ - INFO: response:{"command":"start_drag_teach","drag_teach":true}
{"command":"stop_drag_teach","drag_teach":true}
{"arm_state":{"err":[0],"joint":[86167,26836,75949,208,63959,21549],"pose":[-29151,-386049,154064,3051,213,1116]},"state":"current_arm_state"}

2025-09-25 19:59:51 - __main__ - INFO: 获取状态：成功，当前位姿为[-0.029151, -0.386049, 0.154064, 3.051, 0.213, 1.116]
2025-09-25 19:59:51 - __main__ - INFO: ===采集第14次数据！
2025-09-25 20:00:09 - __main__ - INFO: response:{"command":"start_drag_teach","drag_teach":true}
{"command":"stop_drag_teach","drag_teach":true}
{"command":"start_drag_teach","drag_teach":true}
{"command":"stop_drag_teach","drag_teach":true}
{"arm_state":{"err":[0],"joint":[86314,26722,75936,-1978,58120,-28734],"pose":[-34753,-414832,163940,-2945,275,2048]},"state":"current_arm_state"}

2025-09-25 20:00:09 - __main__ - INFO: 获取状态：成功，当前位姿为[-0.034753, -0.414832, 0.16394, -2.945, 0.275, 2.048]
2025-09-25 20:00:09 - __main__ - INFO: ===采集第15次数据！
2025-09-25 20:00:25 - __main__ - INFO: response:{"command":"start_drag_teach","drag_teach":true}
{"command":"stop_drag_teach","drag_teach":true}
{"arm_state":{"err":[0],"joint":[86904,30992,70746,-1937,65300,-8922],"pose":[-32092,-403327,149086,-3072,217,1690]},"state":"current_arm_state"}

2025-09-25 20:00:25 - __main__ - INFO: 获取状态：成功，当前位姿为[-0.032092, -0.403327, 0.149086, -3.072, 0.217, 1.69]
2025-09-25 20:00:25 - __main__ - INFO: ===采集第16次数据！
2025-09-25 20:00:39 - __main__ - INFO: response:{"command":"start_drag_teach","drag_teach":true}
{"command":"stop_drag_teach","drag_teach":true}
{"arm_state":{"err":[0],"joint":[77699,30999,70756,13580,60669,-1672],"pose":[-38509,-428426,160953,2907,299,1265]},"state":"current_arm_state"}

2025-09-25 20:00:39 - __main__ - INFO: 获取状态：成功，当前位姿为[-0.038509, -0.428426, 0.160953, 2.907, 0.299, 1.265]
2025-09-25 20:00:39 - __main__ - INFO: ===采集第17次数据！
2025-09-25 20:01:09 - __main__ - INFO: response:{"command":"start_drag_teach","drag_teach":true}
{"command":"stop_drag_teach","drag_teach":true}
{"command":"start_drag_teach","drag_teach":true}
{"command":"stop_drag_teach","drag_teach":true}
{"command":"start_drag_teach","drag_teach":true}
{"command":"stop_drag_teach","drag_teach":true}
{"command":"start_drag_teach","drag_teach":true}
{"command":"stop_drag_teach","drag_teach":true}
{"command":"start_drag_teach","drag_teach":true}
{"command":"stop_drag_teach","drag_teach":true}
{"arm_state":{"err":[0],"joint":[91587,31003,70773,-9926,59146,-33766],"pose":[-27949,-434576,160844,-2813,172,2280]},"state":"current_arm_state"}

2025-09-25 20:01:09 - __main__ - INFO: 获取状态：成功，当前位姿为[-0.027949, -0.434576, 0.160844, -2.813, 0.172, 2.28]
2025-09-25 20:01:09 - __main__ - INFO: ===采集第18次数据！
2025-09-25 20:01:43 - __main__ - INFO: 处理图片: 1.jpg
2025-09-25 20:01:43 - __main__ - INFO: 处理图片: 2.jpg
2025-09-25 20:01:44 - __main__ - INFO: 处理图片: 3.jpg
2025-09-25 20:01:44 - __main__ - INFO: 处理图片: 4.jpg
2025-09-25 20:01:44 - __main__ - INFO: 处理图片: 5.jpg
2025-09-25 20:01:44 - __main__ - INFO: 处理图片: 6.jpg
2025-09-25 20:01:44 - __main__ - INFO: 处理图片: 7.jpg
2025-09-25 20:01:44 - __main__ - INFO: 处理图片: 8.jpg
2025-09-25 20:01:44 - __main__ - INFO: 处理图片: 9.jpg
2025-09-25 20:01:44 - __main__ - INFO: 处理图片: 10.jpg
2025-09-25 20:01:44 - __main__ - INFO: 处理图片: 11.jpg
2025-09-25 20:01:44 - __main__ - INFO: 处理图片: 12.jpg
2025-09-25 20:01:44 - __main__ - INFO: 处理图片: 13.jpg
2025-09-25 20:01:44 - __main__ - INFO: 处理图片: 14.jpg
2025-09-25 20:01:44 - __main__ - INFO: 处理图片: 15.jpg
2025-09-25 20:01:44 - __main__ - INFO: 处理图片: 16.jpg
2025-09-25 20:01:44 - __main__ - INFO: 处理图片: 17.jpg
2025-09-25 20:01:44 - __main__ - INFO: 处理图片: 18.jpg
2025-09-25 20:01:45 - __main__ - INFO: 旋转矩阵是:
[[ 0.05178597  0.99856702 -0.01349513]
 [-0.99865357  0.05182217  0.00234688]
 [ 0.00304286  0.01335543  0.99990618]]
2025-09-25 20:01:45 - __main__ - INFO: 平移向量是:
[[-0.06423135]
 [ 0.03295098]
 [-0.09062683]]
2025-09-25 20:01:45 - __main__ - INFO: 四元数是：
[ 0.00379514 -0.00570138 -0.68853069  0.72517486]
