2025-09-18 09:30:48 - libs.auxiliary - INFO: create folder eye_hand_data/data20250918
2025-09-18 09:30:48 - libs.auxiliary - INFO: command:['ping', '-c', '1', '192.168.1.18']
2025-09-18 09:30:48 - __main__ - INFO: robot_ip:192.168.1.18
2025-09-18 09:30:48 - __main__ - INFO: response:{"change_work_frame":true,"command":"set_change_work_frame"}

2025-09-18 09:30:48 - __main__ - INFO: 开始手眼标定程序，当前程序版号V1.0.0
2025-09-18 09:34:49 - libs.auxiliary - INFO: create folder eye_hand_data/data2025091801
2025-09-18 09:34:49 - libs.auxiliary - INFO: command:['ping', '-c', '1', '192.168.1.18']
2025-09-18 09:34:49 - __main__ - INFO: robot_ip:192.168.1.18
2025-09-18 09:34:49 - __main__ - INFO: response:{"change_work_frame":true,"command":"set_change_work_frame"}

2025-09-18 09:34:49 - __main__ - INFO: 开始手眼标定程序，当前程序版号V1.0.0
2025-09-18 09:35:09 - __main__ - INFO: response:{"arm_state":{"err":[0],"joint":[88120,-46407,119654,-1907,59598,-1707],"pose":[-18632,-219333,292520,-3062,820,1606]},"state":"current_arm_state"}

2025-09-18 09:35:09 - __main__ - INFO: 获取状态：成功，当前位姿为[-0.018632, -0.219333, 0.29252, -3.062, 0.82, 1.606]
2025-09-18 09:35:09 - __main__ - INFO: ===采集第1次数据！
2025-09-18 09:35:34 - __main__ - INFO: response:{"command":"start_drag_teach","drag_teach":true}
{"command":"stop_drag_teach","drag_teach":true}
{"arm_state":{"err":[0],"joint":[88192,-46969,119645,-2905,59716,-29190],"pose":[-20640,-219240,295414,-2603,669,2246]},"state":"current_arm_state"}

2025-09-18 09:35:34 - __main__ - INFO: 获取状态：成功，当前位姿为[-0.02064, -0.21924, 0.295414, -2.603, 0.669, 2.246]
2025-09-18 09:35:34 - __main__ - INFO: ===采集第2次数据！
2025-09-18 09:36:51 - __main__ - INFO: response:{"command":"start_drag_teach","drag_teach":true}
{"command":"stop_drag_teach","drag_teach":true}
{"command":"start_drag_teach","drag_teach":true}
{"command":"stop_drag_teach","drag_teach":true}
{"command":"start_drag_teach","drag_teach":true}
{"command":"stop_drag_teach","drag_teach":true}
{"arm_state":{"err":[0],"joint":[88165,-47349,119653,2667,59653,32592],"pose":[-547,-217230,293853,2561,646,765]},"state":"current_arm_state"}

2025-09-18 09:36:51 - __main__ - INFO: 获取状态：成功，当前位姿为[-0.000547, -0.21723, 0.293853, 2.561, 0.646, 0.765]
2025-09-18 09:36:51 - __main__ - INFO: ===采集第3次数据！
2025-09-18 09:37:14 - __main__ - INFO: response:{"command":"start_drag_teach","drag_teach":true}
{"command":"stop_drag_teach","drag_teach":true}
{"command":"start_drag_teach","drag_teach":true}
{"command":"stop_drag_teach","drag_teach":true}
{"command":"start_drag_teach","drag_teach":true}
{"command":"stop_drag_teach","drag_teach":true}
{"arm_state":{"err":[0],"joint":[88139,-25658,99294,-3147,66920,1023],"pose":[-26253,-267150,319878,-3088,688,1543]},"state":"current_arm_state"}

2025-09-18 09:37:14 - __main__ - INFO: 获取状态：成功，当前位姿为[-0.026253, -0.26715, 0.319878, -3.088, 0.688, 1.543]
2025-09-18 09:37:14 - __main__ - INFO: ===采集第4次数据！
2025-09-18 09:37:30 - __main__ - INFO: response:{"command":"start_drag_teach","drag_teach":true}
{"command":"stop_drag_teach","drag_teach":true}
{"arm_state":{"err":[0],"joint":[88157,-25721,99302,-3155,66839,-30481],"pose":[-24169,-268610,321228,-2695,548,2201]},"state":"current_arm_state"}

2025-09-18 09:37:30 - __main__ - INFO: 获取状态：成功，当前位姿为[-0.024169, -0.26861, 0.321228, -2.695, 0.548, 2.201]
2025-09-18 09:37:30 - __main__ - INFO: ===采集第5次数据！
2025-09-18 09:38:04 - __main__ - INFO: response:{"command":"start_drag_teach","drag_teach":true}
{"command":"stop_drag_teach","drag_teach":true}
{"command":"start_drag_teach","drag_teach":true}
{"command":"stop_drag_teach","drag_teach":true}
{"command":"start_drag_teach","drag_teach":true}
{"command":"stop_drag_teach","drag_teach":true}
{"arm_state":{"err":[0],"joint":[88191,-25791,99309,5322,71224,31608],"pose":[11690,-249917,306436,2706,459,882]},"state":"current_arm_state"}

2025-09-18 09:38:04 - __main__ - INFO: 获取状态：成功，当前位姿为[0.01169, -0.249917, 0.306436, 2.706, 0.459, 0.882]
2025-09-18 09:38:04 - __main__ - INFO: ===采集第6次数据！
2025-09-18 09:38:35 - __main__ - INFO: response:{"command":"start_drag_teach","drag_teach":true}
{"command":"stop_drag_teach","drag_teach":true}
{"command":"start_drag_teach","drag_teach":true}
{"command":"stop_drag_teach","drag_teach":true}
{"command":"start_drag_teach","drag_teach":true}
{"command":"stop_drag_teach","drag_teach":true}
{"arm_state":{"err":[0],"joint":[88157,-18205,91172,1974,73248,1901],"pose":[-3569,-276480,317625,3079,587,1486]},"state":"current_arm_state"}

2025-09-18 09:38:35 - __main__ - INFO: 获取状态：成功，当前位姿为[-0.003569, -0.27648, 0.317625, 3.079, 0.587, 1.486]
2025-09-18 09:38:35 - __main__ - INFO: ===采集第7次数据！
2025-09-18 09:38:50 - __main__ - INFO: response:{"command":"start_drag_teach","drag_teach":true}
{"command":"stop_drag_teach","drag_teach":true}
{"arm_state":{"err":[0],"joint":[88163,-18207,91182,638,73221,-30767],"pose":[-7613,-277751,318497,-2821,504,2158]},"state":"current_arm_state"}

2025-09-18 09:38:50 - __main__ - INFO: 获取状态：成功，当前位姿为[-0.007613, -0.277751, 0.318497, -2.821, 0.504, 2.158]
2025-09-18 09:38:50 - __main__ - INFO: ===采集第8次数据！
2025-09-18 09:39:23 - __main__ - INFO: response:{"command":"start_drag_teach","drag_teach":true}
{"command":"stop_drag_teach","drag_teach":true}
{"command":"start_drag_teach","drag_teach":true}
{"command":"stop_drag_teach","drag_teach":true}
{"command":"start_drag_teach","drag_teach":true}
{"command":"stop_drag_teach","drag_teach":true}
{"command":"start_drag_teach","drag_teach":true}
{"command":"stop_drag_teach","drag_teach":true}
{"arm_state":{"err":[0],"joint":[87804,-19235,91192,-196,78255,29829],"pose":[-15239,-252534,308342,2867,447,948]},"state":"current_arm_state"}

2025-09-18 09:39:23 - __main__ - INFO: 获取状态：成功，当前位姿为[-0.015239, -0.252534, 0.308342, 2.867, 0.447, 0.948]
2025-09-18 09:39:23 - __main__ - INFO: ===采集第9次数据！
2025-09-18 09:39:48 - __main__ - INFO: response:{"command":"start_drag_teach","drag_teach":true}
{"command":"stop_drag_teach","drag_teach":true}
{"command":"start_drag_teach","drag_teach":true}
{"command":"stop_drag_teach","drag_teach":true}
{"command":"start_drag_teach","drag_teach":true}
{"command":"stop_drag_teach","drag_teach":true}
{"command":"start_drag_teach","drag_teach":true}
{"command":"stop_drag_teach","drag_teach":true}
{"command":"start_drag_teach","drag_teach":true}
{"command":"stop_drag_teach","drag_teach":true}
{"arm_state":{"err":[0],"joint":[87780,-11303,81783,-2366,81625,-1260],"pose":[-25631,-278496,319785,-3085,485,1563]},"state":"current_arm_state"}

2025-09-18 09:39:48 - __main__ - INFO: 获取状态：成功，当前位姿为[-0.025631, -0.278496, 0.319785, -3.085, 0.485, 1.563]
2025-09-18 09:39:48 - __main__ - INFO: ===采集第10次数据！
2025-09-18 09:40:31 - __main__ - INFO: response:{"command":"start_drag_teach","drag_teach":true}
{"command":"stop_drag_teach","drag_teach":true}
{"arm_state":{"err":[0],"joint":[87782,-11307,81790,-2495,81624,-34303],"pose":[-24059,-279857,320396,-2816,371,2188]},"state":"current_arm_state"}

2025-09-18 09:40:31 - __main__ - INFO: 获取状态：成功，当前位姿为[-0.024059, -0.279857, 0.320396, -2.816, 0.371, 2.188]
2025-09-18 09:40:31 - __main__ - INFO: ===采集第11次数据！
2025-09-18 09:40:50 - __main__ - INFO: response:{"command":"start_drag_teach","drag_teach":true}
{"command":"stop_drag_teach","drag_teach":true}
{"command":"start_drag_teach","drag_teach":true}
{"command":"stop_drag_teach","drag_teach":true}
{"command":"start_drag_teach","drag_teach":true}
{"command":"stop_drag_teach","drag_teach":true}
{"arm_state":{"err":[0],"joint":[87790,-11318,81802,872,83893,27144],"pose":[-10740,-267572,313441,2912,387,1015]},"state":"current_arm_state"}

2025-09-18 09:40:50 - __main__ - INFO: 获取状态：成功，当前位姿为[-0.01074, -0.267572, 0.313441, 2.912, 0.387, 1.015]
2025-09-18 09:40:50 - __main__ - INFO: ===采集第12次数据！
2025-09-18 09:41:09 - __main__ - INFO: response:{"command":"start_drag_teach","drag_teach":true}
{"command":"stop_drag_teach","drag_teach":true}
{"command":"start_drag_teach","drag_teach":true}
{"command":"stop_drag_teach","drag_teach":true}
{"arm_state":{"err":[0],"joint":[87771,-5491,74977,-255,87941,-6024],"pose":[-15479,-280670,315602,-3093,391,1645]},"state":"current_arm_state"}

2025-09-18 09:41:09 - __main__ - INFO: 获取状态：成功，当前位姿为[-0.015479, -0.28067, 0.315602, -3.093, 0.391, 1.645]
2025-09-18 09:41:09 - __main__ - INFO: ===采集第13次数据！
2025-09-18 09:41:23 - __main__ - INFO: response:{"command":"start_drag_teach","drag_teach":true}
{"command":"stop_drag_teach","drag_teach":true}
{"arm_state":{"err":[0],"joint":[87784,-5559,74972,-245,87870,-39431],"pose":[-13057,-282200,316584,-2878,300,2259]},"state":"current_arm_state"}

2025-09-18 09:41:23 - __main__ - INFO: 获取状态：成功，当前位姿为[-0.013057, -0.2822, 0.316584, -2.878, 0.3, 2.259]
2025-09-18 09:41:23 - __main__ - INFO: ===采集第14次数据！
2025-09-18 09:41:41 - __main__ - INFO: response:{"command":"start_drag_teach","drag_teach":true}
{"command":"stop_drag_teach","drag_teach":true}
{"arm_state":{"err":[0],"joint":[87793,-5561,74977,1621,91090,22226],"pose":[-6894,-264983,309641,2982,303,1125]},"state":"current_arm_state"}

2025-09-18 09:41:41 - __main__ - INFO: 获取状态：成功，当前位姿为[-0.006894, -0.264983, 0.309641, 2.982, 0.303, 1.125]
2025-09-18 09:41:41 - __main__ - INFO: ===采集第15次数据！
2025-09-18 09:42:02 - __main__ - INFO: response:{"command":"start_drag_teach","drag_teach":true}
{"command":"stop_drag_teach","drag_teach":true}
{"command":"start_drag_teach","drag_teach":true}
{"command":"stop_drag_teach","drag_teach":true}
{"arm_state":{"err":[0],"joint":[87787,2525,68714,-70,85351,-8514],"pose":[-15973,-322444,312134,-3076,403,1693]},"state":"current_arm_state"}

2025-09-18 09:42:02 - __main__ - INFO: 获取状态：成功，当前位姿为[-0.015973, -0.322444, 0.312134, -3.076, 0.403, 1.693]
2025-09-18 09:42:02 - __main__ - INFO: ===采集第16次数据！
2025-09-18 09:42:16 - __main__ - INFO: response:{"command":"start_drag_teach","drag_teach":true}
{"command":"stop_drag_teach","drag_teach":true}
{"arm_state":{"err":[0],"joint":[87795,2404,68715,-237,85244,-40784],"pose":[-14455,-323885,313489,-2860,305,2287]},"state":"current_arm_state"}

2025-09-18 09:42:16 - __main__ - INFO: 获取状态：成功，当前位姿为[-0.014455, -0.323885, 0.313489, -2.86, 0.305, 2.287]
2025-09-18 09:42:16 - __main__ - INFO: ===采集第17次数据！
2025-09-18 09:42:38 - __main__ - INFO: response:{"command":"start_drag_teach","drag_teach":true}
{"command":"stop_drag_teach","drag_teach":true}
{"command":"start_drag_teach","drag_teach":true}
{"command":"stop_drag_teach","drag_teach":true}
{"command":"start_drag_teach","drag_teach":true}
{"command":"stop_drag_teach","drag_teach":true}
{"command":"start_drag_teach","drag_teach":true}
{"command":"stop_drag_teach","drag_teach":true}
{"arm_state":{"err":[0],"joint":[87801,2406,68731,6523,90125,24929],"pose":[15326,-299496,304617,2898,248,1085]},"state":"current_arm_state"}

2025-09-18 09:42:38 - __main__ - INFO: 获取状态：成功，当前位姿为[0.015326, -0.299496, 0.304617, 2.898, 0.248, 1.085]
2025-09-18 09:42:38 - __main__ - INFO: ===采集第18次数据！
2025-09-18 09:43:41 - __main__ - INFO: 读 eye_hand_data/data2025091801/1.jpg
2025-09-18 09:43:41 - __main__ - INFO: 读 eye_hand_data/data2025091801/2.jpg
2025-09-18 09:43:42 - __main__ - INFO: 读 eye_hand_data/data2025091801/3.jpg
2025-09-18 09:43:42 - __main__ - INFO: 读 eye_hand_data/data2025091801/4.jpg
2025-09-18 09:43:42 - __main__ - INFO: 读 eye_hand_data/data2025091801/5.jpg
2025-09-18 09:43:42 - __main__ - INFO: 读 eye_hand_data/data2025091801/6.jpg
2025-09-18 09:43:42 - __main__ - INFO: 读 eye_hand_data/data2025091801/7.jpg
2025-09-18 09:43:42 - __main__ - INFO: 读 eye_hand_data/data2025091801/8.jpg
2025-09-18 09:43:42 - __main__ - INFO: 读 eye_hand_data/data2025091801/9.jpg
2025-09-18 09:43:42 - __main__ - INFO: 读 eye_hand_data/data2025091801/10.jpg
2025-09-18 09:43:42 - __main__ - INFO: 读 eye_hand_data/data2025091801/11.jpg
2025-09-18 09:43:42 - __main__ - INFO: 读 eye_hand_data/data2025091801/12.jpg
2025-09-18 09:43:42 - __main__ - INFO: 读 eye_hand_data/data2025091801/13.jpg
2025-09-18 09:43:42 - __main__ - INFO: 读 eye_hand_data/data2025091801/14.jpg
2025-09-18 09:43:42 - __main__ - INFO: 读 eye_hand_data/data2025091801/15.jpg
2025-09-18 09:43:42 - __main__ - INFO: 读 eye_hand_data/data2025091801/16.jpg
2025-09-18 09:43:42 - __main__ - INFO: 读 eye_hand_data/data2025091801/17.jpg
2025-09-18 09:43:42 - __main__ - INFO: 读 eye_hand_data/data2025091801/18.jpg
2025-09-18 09:43:42 - __main__ - INFO: 旋转矩阵是:
 [[ 0.04143438  0.99906123 -0.01264307]
 [-0.99913309  0.04148179  0.00351097]
 [ 0.00403213  0.01248663  0.99991391]]
2025-09-18 09:43:42 - __main__ - INFO: 平移向量是:
 [[-0.06676519]
 [ 0.0347427 ]
 [-0.09002158]]
2025-09-18 09:43:42 - __main__ - INFO: 四元数是：
 [ 0.00310964 -0.00577716 -0.69227844  0.72160066]
