2025-09-24 16:44:13 - __main__ - INFO: 读 eye_hand_data/data2025091801/1.jpg
2025-09-24 16:44:13 - __main__ - INFO: 读 eye_hand_data/data2025091801/2.jpg
2025-09-24 16:44:13 - __main__ - INFO: 读 eye_hand_data/data2025091801/3.jpg
2025-09-24 16:44:13 - __main__ - INFO: 读 eye_hand_data/data2025091801/4.jpg
2025-09-24 16:44:13 - __main__ - INFO: 读 eye_hand_data/data2025091801/5.jpg
2025-09-24 16:44:13 - __main__ - INFO: 读 eye_hand_data/data2025091801/6.jpg
2025-09-24 16:44:13 - __main__ - INFO: 读 eye_hand_data/data2025091801/7.jpg
2025-09-24 16:44:13 - __main__ - INFO: 读 eye_hand_data/data2025091801/8.jpg
2025-09-24 16:44:13 - __main__ - INFO: 读 eye_hand_data/data2025091801/9.jpg
2025-09-24 16:44:13 - __main__ - INFO: 读 eye_hand_data/data2025091801/10.jpg
2025-09-24 16:44:13 - __main__ - INFO: 读 eye_hand_data/data2025091801/11.jpg
2025-09-24 16:44:13 - __main__ - INFO: 读 eye_hand_data/data2025091801/12.jpg
2025-09-24 16:44:13 - __main__ - INFO: 读 eye_hand_data/data2025091801/13.jpg
2025-09-24 16:44:13 - __main__ - INFO: 读 eye_hand_data/data2025091801/14.jpg
2025-09-24 16:44:14 - __main__ - INFO: 读 eye_hand_data/data2025091801/15.jpg
2025-09-24 16:44:14 - __main__ - INFO: 读 eye_hand_data/data2025091801/16.jpg
2025-09-24 16:44:14 - __main__ - INFO: 读 eye_hand_data/data2025091801/17.jpg
2025-09-24 16:44:14 - __main__ - INFO: 读 eye_hand_data/data2025091801/18.jpg
2025-09-24 16:44:14 - __main__ - INFO: 旋转矩阵是:
 [[ 0.04143438  0.99906123 -0.01264307]
 [-0.99913309  0.04148179  0.00351097]
 [ 0.00403213  0.01248663  0.99991391]]
2025-09-24 16:44:14 - __main__ - INFO: 平移向量是:
 [[-0.06676519]
 [ 0.0347427 ]
 [-0.09002158]]
2025-09-24 16:44:14 - __main__ - INFO: 四元数是：
 [ 0.00310964 -0.00577716 -0.69227844  0.72160066]
2025-09-24 16:48:28 - __main__ - INFO: 处理图片: 1.jpg
2025-09-24 16:48:28 - __main__ - INFO: 处理图片: 2.jpg
2025-09-24 16:48:28 - __main__ - INFO: 处理图片: 3.jpg
2025-09-24 16:48:28 - __main__ - INFO: 处理图片: 4.jpg
2025-09-24 16:48:28 - __main__ - INFO: 处理图片: 5.jpg
2025-09-24 16:48:28 - __main__ - INFO: 处理图片: 6.jpg
2025-09-24 16:48:29 - __main__ - INFO: 处理图片: 7.jpg
2025-09-24 16:48:29 - __main__ - INFO: 处理图片: 8.jpg
2025-09-24 16:48:29 - __main__ - INFO: 处理图片: 9.jpg
2025-09-24 16:48:29 - __main__ - INFO: 处理图片: 10.jpg
2025-09-24 16:48:29 - __main__ - INFO: 处理图片: 11.jpg
2025-09-24 16:48:29 - __main__ - INFO: 处理图片: 12.jpg
2025-09-24 16:48:29 - __main__ - INFO: 处理图片: 13.jpg
2025-09-24 16:48:29 - __main__ - INFO: 处理图片: 14.jpg
2025-09-24 16:48:29 - __main__ - INFO: 处理图片: 15.jpg
2025-09-24 16:48:29 - __main__ - INFO: 处理图片: 16.jpg
2025-09-24 16:48:29 - __main__ - INFO: 处理图片: 17.jpg
2025-09-24 16:48:29 - __main__ - INFO: 处理图片: 18.jpg
2025-09-24 16:48:29 - __main__ - INFO: 旋转矩阵是:
[[ 0.04143438  0.99906123 -0.01264307]
 [-0.99913309  0.04148179  0.00351097]
 [ 0.00403213  0.01248663  0.99991391]]
2025-09-24 16:48:29 - __main__ - INFO: 平移向量是:
[[-0.06676519]
 [ 0.0347427 ]
 [-0.09002158]]
2025-09-24 16:48:29 - __main__ - INFO: 四元数是：
[ 0.00310964 -0.00577716 -0.69227844  0.72160066]
2025-09-24 16:59:47 - __main__ - INFO: 处理图片: 1.jpg
2025-09-24 16:59:47 - __main__ - INFO: 处理图片: 2.jpg
2025-09-24 16:59:47 - __main__ - INFO: 处理图片: 3.jpg
2025-09-24 16:59:47 - __main__ - INFO: 处理图片: 4.jpg
2025-09-24 16:59:48 - __main__ - INFO: 处理图片: 5.jpg
2025-09-24 16:59:48 - __main__ - INFO: 处理图片: 6.jpg
2025-09-24 16:59:48 - __main__ - INFO: 处理图片: 7.jpg
2025-09-24 16:59:48 - __main__ - INFO: 处理图片: 8.jpg
2025-09-24 16:59:48 - __main__ - INFO: 处理图片: 9.jpg
2025-09-24 16:59:48 - __main__ - INFO: 处理图片: 10.jpg
2025-09-24 16:59:48 - __main__ - INFO: 处理图片: 11.jpg
2025-09-24 16:59:48 - __main__ - INFO: 处理图片: 12.jpg
2025-09-24 16:59:48 - __main__ - INFO: 处理图片: 13.jpg
2025-09-24 16:59:48 - __main__ - INFO: 处理图片: 14.jpg
2025-09-24 16:59:48 - __main__ - INFO: 处理图片: 15.jpg
2025-09-24 16:59:48 - __main__ - INFO: 处理图片: 16.jpg
2025-09-24 16:59:48 - __main__ - INFO: 处理图片: 17.jpg
2025-09-24 16:59:48 - __main__ - INFO: 处理图片: 18.jpg
2025-09-24 16:59:48 - __main__ - INFO: 旋转矩阵是:
[[ 0.04143438  0.99906123 -0.01264307]
 [-0.99913309  0.04148179  0.00351097]
 [ 0.00403213  0.01248663  0.99991391]]
2025-09-24 16:59:48 - __main__ - INFO: 平移向量是:
[[-0.06676519]
 [ 0.0347427 ]
 [-0.09002158]]
2025-09-24 16:59:48 - __main__ - INFO: 四元数是：
[ 0.00310964 -0.00577716 -0.69227844  0.72160066]
2025-09-24 19:34:53 - libs.auxiliary - INFO: create folder eye_hand_data/data20250924
2025-09-24 19:34:53 - libs.auxiliary - INFO: command:['ping', '-c', '1', '192.168.1.18']
2025-09-24 19:34:53 - __main__ - INFO: robot_ip:192.168.1.18
2025-09-24 19:34:54 - __main__ - INFO: response:{"change_work_frame":true,"command":"set_change_work_frame"}

2025-09-24 19:34:54 - __main__ - INFO: 开始手眼标定程序，当前程序版号V1.0.0
2025-09-24 19:35:19 - __main__ - INFO: response:{"command":"start_drag_teach","drag_teach":true}
{"command":"stop_drag_teach","drag_teach":true}
{"command":"start_drag_teach","drag_teach":true}
{"command":"stop_drag_teach","drag_teach":true}
{"command":"start_drag_teach","drag_teach":true}
{"command":"stop_drag_teach","drag_teach":true}
{"arm_state":{"err":[0],"joint":[1892,1308,77942,-1200,70146,-1252],"pose":[-359497,-4075,297976,-3104,533,66]},"state":"current_arm_state"}

2025-09-24 19:35:19 - __main__ - INFO: 获取状态：成功，当前位姿为[-0.359497, -0.004075, 0.297976, -3.104, 0.533, 0.066]
2025-09-24 19:35:19 - __main__ - INFO: ===采集第1次数据！
2025-09-24 19:36:57 - __main__ - INFO: response:{"command":"start_drag_teach","drag_teach":true}
{"command":"stop_drag_teach","drag_teach":true}
{"command":"start_drag_teach","drag_teach":true}
{"command":"stop_drag_teach","drag_teach":true}
{"arm_state":{"err":[0],"joint":[-2429,-847,75870,-9714,64893,-38729],"pose":[-380772,56856,343877,-2531,406,779]},"state":"current_arm_state"}

2025-09-24 19:36:57 - __main__ - INFO: 获取状态：成功，当前位姿为[-0.380772, 0.056856, 0.343877, -2.531, 0.406, 0.779]
2025-09-24 19:36:57 - __main__ - INFO: ===采集第2次数据！
2025-09-24 19:37:13 - __main__ - INFO: response:{"command":"start_drag_teach","drag_teach":true}
{"command":"stop_drag_teach","drag_teach":true}
{"command":"start_drag_teach","drag_teach":true}
{"command":"stop_drag_teach","drag_teach":true}
{"command":"start_drag_teach","drag_teach":true}
{"command":"stop_drag_teach","drag_teach":true}
{"arm_state":{"err":[0],"joint":[-4474,-1187,75896,7750,72869,20437],"pose":[-351862,-4166,320002,2788,471,-522]},"state":"current_arm_state"}

2025-09-24 19:37:13 - __main__ - INFO: 获取状态：成功，当前位姿为[-0.351862, -0.004166, 0.320002, 2.788, 0.471, -0.522]
2025-09-24 19:37:13 - __main__ - INFO: ===采集第3次数据！
2025-09-24 19:37:23 - __main__ - INFO: response:{"command":"start_drag_teach","drag_teach":true}
{"command":"stop_drag_teach","drag_teach":true}
{"arm_state":{"err":[0],"joint":[-3681,6094,62499,5631,75112,-12950],"pose":[-393497,15,351060,-3087,638,185]},"state":"current_arm_state"}

2025-09-24 19:37:23 - __main__ - INFO: 获取状态：成功，当前位姿为[-0.393497, 1.5e-05, 0.35106, -3.087, 0.638, 0.185]
2025-09-24 19:37:23 - __main__ - INFO: ===采集第4次数据！
2025-09-24 19:37:31 - __main__ - INFO: response:{"command":"start_drag_teach","drag_teach":true}
{"command":"stop_drag_teach","drag_teach":true}
{"arm_state":{"err":[0],"joint":[-3680,6079,62504,663,75134,-41899],"pose":[-392316,20133,349873,-2693,464,775]},"state":"current_arm_state"}

2025-09-24 19:37:31 - __main__ - INFO: 获取状态：成功，当前位姿为[-0.392316, 0.020133, 0.349873, -2.693, 0.464, 0.775]
2025-09-24 19:37:31 - __main__ - INFO: ===采集第5次数据！
2025-09-24 19:37:54 - __main__ - INFO: response:{"command":"start_drag_teach","drag_teach":true}
{"command":"stop_drag_teach","drag_teach":true}
{"command":"start_drag_teach","drag_teach":true}
{"command":"stop_drag_teach","drag_teach":true}
{"command":"start_drag_teach","drag_teach":true}
{"command":"stop_drag_teach","drag_teach":true}
{"command":"start_drag_teach","drag_teach":true}
{"command":"stop_drag_teach","drag_teach":true}
{"command":"start_drag_teach","drag_teach":true}
{"command":"stop_drag_teach","drag_teach":true}
{"command":"start_drag_teach","drag_teach":true}
{"command":"stop_drag_teach","drag_teach":true}
{"arm_state":{"err":[0],"joint":[107,4656,62517,4645,81274,29391],"pose":[-363621,-18094,341288,2779,432,-581]},"state":"current_arm_state"}

2025-09-24 19:37:54 - __main__ - INFO: 获取状态：成功，当前位姿为[-0.363621, -0.018094, 0.341288, 2.779, 0.432, -0.581]
2025-09-24 19:37:54 - __main__ - INFO: ===采集第6次数据！
2025-09-24 19:38:12 - __main__ - INFO: response:{"command":"start_drag_teach","drag_teach":true}
{"command":"stop_drag_teach","drag_teach":true}
{"command":"start_drag_teach","drag_teach":true}
{"command":"stop_drag_teach","drag_teach":true}
{"command":"start_drag_teach","drag_teach":true}
{"command":"stop_drag_teach","drag_teach":true}
{"command":"start_drag_teach","drag_teach":true}
{"command":"stop_drag_teach","drag_teach":true}
{"arm_state":{"err":[0],"joint":[78,3915,53419,609,89229,-6685],"pose":[-353291,-1681,379193,-3075,580,140]},"state":"current_arm_state"}

2025-09-24 19:38:12 - __main__ - INFO: 获取状态：成功，当前位姿为[-0.353291, -0.001681, 0.379193, -3.075, 0.58, 0.14]
2025-09-24 19:38:12 - __main__ - INFO: ===采集第7次数据！
2025-09-24 19:38:58 - __main__ - INFO: response:{"command":"start_drag_teach","drag_teach":true}
{"command":"stop_drag_teach","drag_teach":true}
{"command":"start_drag_teach","drag_teach":true}
{"command":"stop_drag_teach","drag_teach":true}
{"command":"start_drag_teach","drag_teach":true}
{"command":"stop_drag_teach","drag_teach":true}
{"arm_state":{"err":[0],"joint":[97,3893,53429,8581,90642,24863],"pose":[-344583,-37736,376516,2759,442,-474]},"state":"current_arm_state"}

2025-09-24 19:38:58 - __main__ - INFO: 获取状态：成功，当前位姿为[-0.344583, -0.037736, 0.376516, 2.759, 0.442, -0.474]
2025-09-24 19:38:58 - __main__ - INFO: ===采集第8次数据！
2025-09-24 19:39:12 - __main__ - INFO: response:{"command":"start_drag_teach","drag_teach":true}
{"command":"stop_drag_teach","drag_teach":true}
{"arm_state":{"err":[0],"joint":[48,11372,53425,1528,82370,-3095],"pose":[-396958,-5560,349157,3147,573,60]},"state":"current_arm_state"}

2025-09-24 19:39:12 - __main__ - INFO: 获取状态：成功，当前位姿为[-0.396958, -0.00556, 0.349157, 3.147, 0.573, 0.06]
2025-09-24 19:39:12 - __main__ - INFO: ===采集第9次数据！
2025-09-24 19:39:26 - __main__ - INFO: response:{"command":"start_drag_teach","drag_teach":true}
{"command":"stop_drag_teach","drag_teach":true}
{"command":"start_drag_teach","drag_teach":true}
{"command":"stop_drag_teach","drag_teach":true}
{"arm_state":{"err":[0],"joint":[45,11274,53444,-2202,82416,-37333],"pose":[-396669,8803,349790,-2739,422,733]},"state":"current_arm_state"}

2025-09-24 19:39:26 - __main__ - INFO: 获取状态：成功，当前位姿为[-0.396669, 0.008803, 0.34979, -2.739, 0.422, 0.733]
2025-09-24 19:39:26 - __main__ - INFO: ===采集第10次数据！
2025-09-24 19:39:56 - __main__ - INFO: response:{"command":"start_drag_teach","drag_teach":true}
{"command":"stop_drag_teach","drag_teach":true}
{"command":"start_drag_teach","drag_teach":true}
{"command":"stop_drag_teach","drag_teach":true}
{"command":"start_drag_teach","drag_teach":true}
{"command":"stop_drag_teach","drag_teach":true}
{"command":"start_drag_teach","drag_teach":true}
{"command":"stop_drag_teach","drag_teach":true}
{"arm_state":{"err":[0],"joint":[12237,10486,53445,-5221,85921,33899],"pose":[-375732,-50225,345877,2900,480,-455]},"state":"current_arm_state"}

2025-09-24 19:39:56 - __main__ - INFO: 获取状态：成功，当前位姿为[-0.375732, -0.050225, 0.345877, 2.9, 0.48, -0.455]
2025-09-24 19:39:56 - __main__ - INFO: ===采集第11次数据！
2025-09-24 19:40:13 - __main__ - INFO: response:{"command":"start_drag_teach","drag_teach":true}
{"command":"stop_drag_teach","drag_teach":true}
{"command":"start_drag_teach","drag_teach":true}
{"command":"stop_drag_teach","drag_teach":true}
{"arm_state":{"err":[0],"joint":[5652,18046,53438,-5653,85078,1447],"pose":[-395342,-8999,297827,-3050,411,80]},"state":"current_arm_state"}

2025-09-24 19:40:13 - __main__ - INFO: 获取状态：成功，当前位姿为[-0.395342, -0.008999, 0.297827, -3.05, 0.411, 0.08]
2025-09-24 19:40:13 - __main__ - INFO: ===采集第12次数据！
2025-09-24 19:40:31 - __main__ - INFO: response:{"command":"start_drag_teach","drag_teach":true}
{"command":"stop_drag_teach","drag_teach":true}
{"command":"start_drag_teach","drag_teach":true}
{"command":"stop_drag_teach","drag_teach":true}
{"command":"start_drag_teach","drag_teach":true}
{"command":"stop_drag_teach","drag_teach":true}
{"arm_state":{"err":[0],"joint":[2064,17839,53408,-6965,79574,-21559],"pose":[-419284,18308,312543,-2823,422,472]},"state":"current_arm_state"}

2025-09-24 19:40:31 - __main__ - INFO: 获取状态：成功，当前位姿为[-0.419284, 0.018308, 0.312543, -2.823, 0.422, 0.472]
2025-09-24 19:40:31 - __main__ - INFO: ===采集第13次数据！
2025-09-24 19:41:58 - __main__ - INFO: 处理图片: 1.jpg
2025-09-24 19:41:58 - __main__ - INFO: 处理图片: 2.jpg
2025-09-24 19:41:58 - __main__ - INFO: 处理图片: 3.jpg
2025-09-24 19:41:58 - __main__ - INFO: 处理图片: 4.jpg
2025-09-24 19:41:58 - __main__ - INFO: 处理图片: 5.jpg
2025-09-24 19:41:58 - __main__ - INFO: 处理图片: 6.jpg
2025-09-24 19:41:58 - __main__ - INFO: 处理图片: 7.jpg
2025-09-24 19:41:58 - __main__ - INFO: 处理图片: 8.jpg
2025-09-24 19:41:58 - __main__ - INFO: 处理图片: 9.jpg
2025-09-24 19:41:58 - __main__ - INFO: 处理图片: 10.jpg
2025-09-24 19:41:59 - __main__ - INFO: 处理图片: 11.jpg
2025-09-24 19:41:59 - __main__ - INFO: 处理图片: 12.jpg
2025-09-24 19:41:59 - __main__ - INFO: 处理图片: 13.jpg
2025-09-24 19:41:59 - __main__ - INFO: 旋转矩阵是:
[[ 0.03030936  0.99944994 -0.01345932]
 [-0.99953518  0.03035066  0.00287443]
 [ 0.00328134  0.01336595  0.99990529]]
2025-09-24 19:41:59 - __main__ - INFO: 平移向量是:
[[-0.06199648]
 [ 0.03417561]
 [-0.09335416]]
2025-09-24 19:41:59 - __main__ - INFO: 四元数是：
[ 0.00365439 -0.00583109 -0.69628393  0.71773346]
