2025-09-11 16:57:31 - libs.auxiliary - INFO: create folder eye_hand_data/data20250911
2025-09-11 16:57:31 - libs.auxiliary - INFO: command:['ping', '-c', '1', '192.168.1.18']
2025-09-11 16:57:31 - __main__ - INFO: robot_ip:192.168.1.18
2025-09-11 16:57:31 - __main__ - INFO: response:{"change_work_frame":true,"command":"set_change_work_frame"}

2025-09-11 16:57:31 - __main__ - INFO: 开始手眼标定程序，当前程序版号V1.0.0
2025-09-11 16:59:23 - libs.auxiliary - INFO: create folder eye_hand_data/data2025091101
2025-09-11 16:59:23 - libs.auxiliary - INFO: command:['ping', '-c', '1', '192.168.1.18']
2025-09-11 16:59:23 - __main__ - INFO: robot_ip:192.168.1.18
2025-09-11 16:59:23 - __main__ - INFO: response:{"change_work_frame":true,"command":"set_change_work_frame"}

2025-09-11 16:59:23 - __main__ - INFO: 开始手眼标定程序，当前程序版号V1.0.0
2025-09-11 16:59:42 - libs.auxiliary - INFO: create folder eye_hand_data/data2025091102
2025-09-11 16:59:42 - libs.auxiliary - INFO: command:['ping', '-c', '1', '192.168.1.18']
2025-09-11 16:59:42 - __main__ - INFO: robot_ip:192.168.1.18
2025-09-11 16:59:42 - __main__ - INFO: response:{"change_work_frame":true,"command":"set_change_work_frame"}

2025-09-11 16:59:42 - __main__ - INFO: 开始手眼标定程序，当前程序版号V1.0.0
2025-09-11 17:00:00 - libs.auxiliary - INFO: create folder eye_hand_data/data2025091103
2025-09-11 17:00:00 - libs.auxiliary - INFO: command:['ping', '-c', '1', '192.168.1.18']
2025-09-11 17:00:00 - __main__ - INFO: robot_ip:192.168.1.18
2025-09-11 17:00:00 - __main__ - INFO: response:{"change_work_frame":true,"command":"set_change_work_frame"}

2025-09-11 17:00:01 - __main__ - INFO: 开始手眼标定程序，当前程序版号V1.0.0
2025-09-11 17:00:26 - libs.auxiliary - INFO: create folder eye_hand_data/data2025091104
2025-09-11 17:00:26 - libs.auxiliary - INFO: command:['ping', '-c', '1', '192.168.1.18']
2025-09-11 17:00:26 - __main__ - INFO: robot_ip:192.168.1.18
2025-09-11 17:00:26 - __main__ - INFO: response:{"change_work_frame":true,"command":"set_change_work_frame"}

2025-09-11 17:00:26 - __main__ - INFO: 开始手眼标定程序，当前程序版号V1.0.0
2025-09-11 17:00:59 - libs.auxiliary - INFO: create folder eye_hand_data/data2025091105
2025-09-11 17:00:59 - libs.auxiliary - INFO: command:['ping', '-c', '1', '192.168.1.18']
2025-09-11 17:00:59 - __main__ - INFO: robot_ip:192.168.1.18
2025-09-11 17:00:59 - __main__ - INFO: response:{"change_work_frame":true,"command":"set_change_work_frame"}

2025-09-11 17:01:00 - __main__ - INFO: 开始手眼标定程序，当前程序版号V1.0.0
2025-09-11 17:02:05 - __main__ - INFO: response:{"command":"start_drag_teach","drag_teach":true}
{"command":"stop_drag_teach","drag_teach":true}
{"command":"start_drag_teach","drag_teach":true}
{"command":"stop_drag_teach","drag_teach":true}
{"command":"start_drag_teach","drag_teach":true}
{"command":"stop_drag_teach","drag_teach":true}
{"command":"start_drag_teach","drag_teach":true}
{"command":"stop_drag_teach","drag_teach":true}
{"arm_state":{"err":[0],"joint":[66045,-29350,120849,-9380,66752,-1247],"pose":[-80621,-122006,310398,-2957,369,1244]},"state":"current_arm_state"}

2025-09-11 17:02:05 - __main__ - INFO: 获取状态：成功，当前位姿为[-0.080621, -0.122006, 0.310398, -2.957, 0.369, 1.244]
2025-09-11 17:02:05 - __main__ - INFO: ===采集第1次数据！
2025-09-11 17:03:11 - libs.auxiliary - INFO: create folder eye_hand_data/data2025091106
2025-09-11 17:03:11 - libs.auxiliary - INFO: command:['ping', '-c', '1', '192.168.1.18']
2025-09-11 17:03:11 - __main__ - INFO: robot_ip:192.168.1.18
2025-09-11 17:03:11 - __main__ - INFO: response:{"change_work_frame":true,"command":"set_change_work_frame"}

2025-09-11 17:03:11 - __main__ - INFO: 开始手眼标定程序，当前程序版号V1.0.0
2025-09-11 17:03:49 - __main__ - INFO: response:{"arm_state":{"err":[0],"joint":[66045,-29350,120846,-9376,66751,-1247],"pose":[-80615,-122020,310410,-2957,370,1244]},"state":"current_arm_state"}

2025-09-11 17:03:49 - __main__ - INFO: 获取状态：成功，当前位姿为[-0.080615, -0.12202, 0.31041, -2.957, 0.37, 1.244]
2025-09-11 17:03:49 - __main__ - INFO: ===采集第1次数据！
2025-09-11 17:03:58 - __main__ - INFO: response:{"command":"start_drag_teach","drag_teach":true}
{"command":"stop_drag_teach","drag_teach":true}
{"arm_state":{"err":[0],"joint":[66044,-29339,120842,-9354,69079,27156],"pose":[-78454,-116298,308123,3136,374,709]},"state":"current_arm_state"}

2025-09-11 17:03:58 - __main__ - INFO: 获取状态：成功，当前位姿为[-0.078454, -0.116298, 0.308123, 3.136, 0.374, 0.709]
2025-09-11 17:03:58 - __main__ - INFO: ===采集第2次数据！
2025-09-11 17:04:15 - __main__ - INFO: response:{"command":"start_drag_teach","drag_teach":true}
{"command":"stop_drag_teach","drag_teach":true}
{"command":"start_drag_teach","drag_teach":true}
{"command":"stop_drag_teach","drag_teach":true}
{"arm_state":{"err":[0],"joint":[66036,-26040,120845,-6072,66876,41101],"pose":[-74285,-128517,300718,3009,309,440]},"state":"current_arm_state"}

2025-09-11 17:04:15 - __main__ - INFO: 获取状态：成功，当前位姿为[-0.074285, -0.128517, 0.300718, 3.009, 0.309, 0.44]
2025-09-11 17:04:15 - __main__ - INFO: ===采集第3次数据！
2025-09-11 17:04:26 - __main__ - INFO: response:{"command":"start_drag_teach","drag_teach":true}
{"command":"stop_drag_teach","drag_teach":true}
{"command":"start_drag_teach","drag_teach":true}
{"command":"stop_drag_teach","drag_teach":true}
{"arm_state":{"err":[0],"joint":[66025,-26019,120987,-4236,67645,56670],"pose":[-69029,-128119,298941,2926,227,156]},"state":"current_arm_state"}

2025-09-11 17:04:26 - __main__ - INFO: 获取状态：成功，当前位姿为[-0.069029, -0.128119, 0.298941, 2.926, 0.227, 0.156]
2025-09-11 17:04:26 - __main__ - INFO: ===采集第4次数据！
2025-09-11 17:04:47 - __main__ - INFO: response:{"command":"start_drag_teach","drag_teach":true}
{"command":"stop_drag_teach","drag_teach":true}
{"command":"start_drag_teach","drag_teach":true}
{"command":"stop_drag_teach","drag_teach":true}
{"command":"start_drag_teach","drag_teach":true}
{"command":"stop_drag_teach","drag_teach":true}
{"arm_state":{"err":[0],"joint":[66032,-23591,114826,-675,68961,69699],"pose":[-67475,-147412,318923,2819,128,-82]},"state":"current_arm_state"}

2025-09-11 17:04:47 - __main__ - INFO: 获取状态：成功，当前位姿为[-0.067475, -0.147412, 0.318923, 2.819, 0.128, -0.082]
2025-09-11 17:04:47 - __main__ - INFO: ===采集第5次数据！
2025-09-11 17:05:17 - __main__ - INFO: response:{"command":"start_drag_teach","drag_teach":true}
{"command":"stop_drag_teach","drag_teach":true}
{"command":"start_drag_teach","drag_teach":true}
{"command":"stop_drag_teach","drag_teach":true}
{"command":"start_drag_teach","drag_teach":true}
{"command":"stop_drag_teach","drag_teach":true}
{"command":"start_drag_teach","drag_teach":true}
{"command":"stop_drag_teach","drag_teach":true}
{"command":"start_drag_teach","drag_teach":true}
{"command":"stop_drag_teach","drag_teach":true}
{"arm_state":{"err":[0],"joint":[64407,-17626,106273,613,77485,78949],"pose":[-72371,-155004,332946,2901,35,-259]},"state":"current_arm_state"}

2025-09-11 17:05:17 - __main__ - INFO: 获取状态：成功，当前位姿为[-0.072371, -0.155004, 0.332946, 2.901, 0.035, -0.259]
2025-09-11 17:05:17 - __main__ - INFO: ===采集第6次数据！
2025-09-11 17:05:27 - __main__ - INFO: response:{"command":"start_drag_teach","drag_teach":true}
{"command":"stop_drag_teach","drag_teach":true}
{"arm_state":{"err":[0],"joint":[67479,-15987,106174,3357,73044,83079],"pose":[-62897,-175272,331833,2844,-23,-277]},"state":"current_arm_state"}

2025-09-11 17:05:27 - __main__ - INFO: 获取状态：成功，当前位姿为[-0.062897, -0.175272, 0.331833, 2.844, -0.023, -0.277]
2025-09-11 17:05:27 - __main__ - INFO: ===采集第7次数据！
2025-09-11 17:05:38 - __main__ - INFO: response:{"command":"start_drag_teach","drag_teach":true}
{"command":"stop_drag_teach","drag_teach":true}
{"arm_state":{"err":[0],"joint":[72697,-15992,104324,-4691,73046,96838],"pose":[-68797,-178452,340457,2809,43,-417]},"state":"current_arm_state"}

2025-09-11 17:05:38 - __main__ - INFO: 获取状态：成功，当前位姿为[-0.068797, -0.178452, 0.340457, 2.809, 0.043, -0.417]
2025-09-11 17:05:38 - __main__ - INFO: ===采集第8次数据！
2025-09-11 17:05:50 - __main__ - INFO: response:{"command":"start_drag_teach","drag_teach":true}
{"command":"stop_drag_teach","drag_teach":true}
{"arm_state":{"err":[0],"joint":[71725,-16162,104283,-2552,74403,103421],"pose":[-65213,-175428,339660,2834,-26,-543]},"state":"current_arm_state"}

2025-09-11 17:05:50 - __main__ - INFO: 获取状态：成功，当前位姿为[-0.065213, -0.175428, 0.33966, 2.834, -0.026, -0.543]
2025-09-11 17:05:50 - __main__ - INFO: ===采集第9次数据！
2025-09-11 17:06:08 - __main__ - INFO: response:{"command":"start_drag_teach","drag_teach":true}
{"command":"stop_drag_teach","drag_teach":true}
{"command":"start_drag_teach","drag_teach":true}
{"command":"stop_drag_teach","drag_teach":true}
{"arm_state":{"err":[0],"joint":[71652,-17101,100590,-759,79303,112395],"pose":[-58982,-171186,355022,2857,-100,-696]},"state":"current_arm_state"}

2025-09-11 17:06:08 - __main__ - INFO: 获取状态：成功，当前位姿为[-0.058982, -0.171186, 0.355022, 2.857, -0.1, -0.696]
2025-09-11 17:06:08 - __main__ - INFO: ===采集第10次数据！
2025-09-11 17:06:31 - __main__ - INFO: response:{"command":"start_drag_teach","drag_teach":true}
{"command":"stop_drag_teach","drag_teach":true}
{"command":"start_drag_teach","drag_teach":true}
{"command":"stop_drag_teach","drag_teach":true}
{"command":"start_drag_teach","drag_teach":true}
{"command":"stop_drag_teach","drag_teach":true}
{"arm_state":{"err":[0],"joint":[71622,-13060,97793,-1913,76127,107946],"pose":[-69308,-192053,356951,2812,-69,-619]},"state":"current_arm_state"}

2025-09-11 17:06:31 - __main__ - INFO: 获取状态：成功，当前位姿为[-0.069308, -0.192053, 0.356951, 2.812, -0.069, -0.619]
2025-09-11 17:06:31 - __main__ - INFO: ===采集第11次数据！
2025-09-11 17:07:01 - __main__ - INFO: response:{"command":"start_drag_teach","drag_teach":true}
{"command":"stop_drag_teach","drag_teach":true}
{"command":"start_drag_teach","drag_teach":true}
{"command":"stop_drag_teach","drag_teach":true}
{"command":"start_drag_teach","drag_teach":true}
{"command":"stop_drag_teach","drag_teach":true}
{"arm_state":{"err":[0],"joint":[71593,-7660,96048,-2411,74770,123580],"pose":[-76462,-209045,345975,2871,-125,-885]},"state":"current_arm_state"}

2025-09-11 17:07:01 - __main__ - INFO: 获取状态：成功，当前位姿为[-0.076462, -0.209045, 0.345975, 2.871, -0.125, -0.885]
2025-09-11 17:07:01 - __main__ - INFO: ===采集第12次数据！
2025-09-11 17:07:12 - __main__ - INFO: response:{"command":"start_drag_teach","drag_teach":true}
{"command":"stop_drag_teach","drag_teach":true}
{"command":"start_drag_teach","drag_teach":true}
{"command":"stop_drag_teach","drag_teach":true}
{"command":"start_drag_teach","drag_teach":true}
{"command":"stop_drag_teach","drag_teach":true}
{"arm_state":{"err":[0],"joint":[71608,-7702,96027,-2467,71676,138915],"pose":[-79046,-216861,348992,2874,-231,-1137]},"state":"current_arm_state"}

2025-09-11 17:07:12 - __main__ - INFO: 获取状态：成功，当前位姿为[-0.079046, -0.216861, 0.348992, 2.874, -0.231, -1.137]
2025-09-11 17:07:12 - __main__ - INFO: ===采集第13次数据！
2025-09-11 17:07:31 - __main__ - INFO: response:{"command":"start_drag_teach","drag_teach":true}
{"command":"stop_drag_teach","drag_teach":true}
{"command":"start_drag_teach","drag_teach":true}
{"command":"stop_drag_teach","drag_teach":true}
{"arm_state":{"err":[0],"joint":[66559,-8455,95792,-734,72512,145710],"pose":[-92372,-208088,352152,2926,-281,-1349]},"state":"current_arm_state"}

2025-09-11 17:07:31 - __main__ - INFO: 获取状态：成功，当前位姿为[-0.092372, -0.208088, 0.352152, 2.926, -0.281, -1.349]
2025-09-11 17:07:31 - __main__ - INFO: ===采集第14次数据！
2025-09-11 17:07:43 - __main__ - INFO: response:{"command":"start_drag_teach","drag_teach":true}
{"command":"stop_drag_teach","drag_teach":true}
{"command":"start_drag_teach","drag_teach":true}
{"command":"stop_drag_teach","drag_teach":true}
{"arm_state":{"err":[0],"joint":[66560,1535,79861,-1141,81430,150866],"pose":[-107164,-239196,373841,2974,-250,-1450]},"state":"current_arm_state"}

2025-09-11 17:07:43 - __main__ - INFO: 获取状态：成功，当前位姿为[-0.107164, -0.239196, 0.373841, 2.974, -0.25, -1.45]
2025-09-11 17:07:43 - __main__ - INFO: ===采集第15次数据！
2025-09-11 17:08:02 - __main__ - INFO: response:{"command":"start_drag_teach","drag_teach":true}
{"command":"stop_drag_teach","drag_teach":true}
{"command":"start_drag_teach","drag_teach":true}
{"command":"stop_drag_teach","drag_teach":true}
{"arm_state":{"err":[0],"joint":[66575,1242,79810,-1128,84218,165925],"pose":[-103863,-231789,373226,3058,-244,-1724]},"state":"current_arm_state"}

2025-09-11 17:08:02 - __main__ - INFO: 获取状态：成功，当前位姿为[-0.103863, -0.231789, 0.373226, 3.058, -0.244, -1.724]
2025-09-11 17:08:02 - __main__ - INFO: ===采集第16次数据！
2025-09-11 17:25:36 - __main__ - INFO: 读 eye_hand_data/data2025091106/1.jpg
2025-09-11 17:25:36 - __main__ - INFO: 读 eye_hand_data/data2025091106/2.jpg
2025-09-11 17:25:36 - __main__ - INFO: 读 eye_hand_data/data2025091106/3.jpg
2025-09-11 17:25:36 - __main__ - INFO: 读 eye_hand_data/data2025091106/4.jpg
2025-09-11 17:25:36 - __main__ - INFO: 读 eye_hand_data/data2025091106/5.jpg
2025-09-11 17:25:36 - __main__ - INFO: 读 eye_hand_data/data2025091106/6.jpg
2025-09-11 17:25:36 - __main__ - INFO: 读 eye_hand_data/data2025091106/7.jpg
2025-09-11 17:25:36 - __main__ - INFO: 读 eye_hand_data/data2025091106/8.jpg
2025-09-11 17:25:36 - __main__ - INFO: 读 eye_hand_data/data2025091106/9.jpg
2025-09-11 17:25:36 - __main__ - INFO: 读 eye_hand_data/data2025091106/10.jpg
2025-09-11 17:25:36 - __main__ - INFO: 读 eye_hand_data/data2025091106/11.jpg
2025-09-11 17:25:36 - __main__ - INFO: 读 eye_hand_data/data2025091106/12.jpg
2025-09-11 17:25:36 - __main__ - INFO: 读 eye_hand_data/data2025091106/13.jpg
2025-09-11 17:25:36 - __main__ - INFO: 读 eye_hand_data/data2025091106/14.jpg
2025-09-11 17:25:36 - __main__ - INFO: 读 eye_hand_data/data2025091106/15.jpg
2025-09-11 17:25:36 - __main__ - INFO: 读 eye_hand_data/data2025091106/16.jpg
2025-09-11 17:25:36 - __main__ - INFO: 旋转矩阵是:
 [[ 0.04396147  0.99901537 -0.00597305]
 [-0.99902557  0.04398376  0.00365192]
 [ 0.00391104  0.00580668  0.99997549]]
2025-09-11 17:25:36 - __main__ - INFO: 平移向量是:
 [[-0.06854834]
 [ 0.03172423]
 [ 0.0218174 ]]
2025-09-11 17:25:36 - __main__ - INFO: 四元数是：
 [ 0.00074561 -0.00342019 -0.69138091  0.72248196]
2025-09-11 20:24:26 - libs.auxiliary - INFO: create folder eye_hand_data/data20250911
2025-09-11 20:24:26 - libs.auxiliary - INFO: command:['ping', '-c', '1', '192.168.1.18']
2025-09-11 20:24:26 - __main__ - INFO: robot_ip:192.168.1.18
2025-09-11 20:24:26 - __main__ - INFO: response:{"change_work_frame":true,"command":"set_change_work_frame"}

2025-09-11 20:24:26 - __main__ - INFO: 开始手眼标定程序，当前程序版号V1.0.0
2025-09-11 20:25:00 - libs.auxiliary - INFO: create folder eye_hand_data/data2025091101
2025-09-11 20:25:00 - libs.auxiliary - INFO: command:['ping', '-c', '1', '192.168.1.18']
2025-09-11 20:25:00 - __main__ - INFO: robot_ip:192.168.1.18
2025-09-11 20:25:00 - __main__ - INFO: response:{"change_work_frame":true,"command":"set_change_work_frame"}

2025-09-11 20:25:00 - __main__ - INFO: 开始手眼标定程序，当前程序版号V1.0.0
2025-09-11 20:25:15 - __main__ - INFO: response:{"command":"start_drag_teach","drag_teach":true}
{"command":"stop_drag_teach","drag_teach":true}
{"arm_state":{"err":[0],"joint":[70098,5995,102295,-2341,53780,-1115],"pose":[-118730,-290922,168099,-3094,311,1269]},"state":"current_arm_state"}

2025-09-11 20:25:15 - __main__ - INFO: 获取状态：成功，当前位姿为[-0.11873, -0.290922, 0.168099, -3.094, 0.311, 1.269]
2025-09-11 20:25:15 - __main__ - INFO: ===采集第1次数据！
2025-09-11 20:25:39 - __main__ - INFO: response:{"command":"start_drag_teach","drag_teach":true}
{"command":"stop_drag_teach","drag_teach":true}
{"command":"start_drag_teach","drag_teach":true}
{"command":"stop_drag_teach","drag_teach":true}
{"command":"start_drag_teach","drag_teach":true}
{"command":"stop_drag_teach","drag_teach":true}
{"command":"start_drag_teach","drag_teach":true}
{"command":"stop_drag_teach","drag_teach":true}
{"arm_state":{"err":[0],"joint":[73435,4025,102297,-3172,55865,23782],"pose":[-103401,-287622,175288,3063,305,878]},"state":"current_arm_state"}

2025-09-11 20:25:39 - __main__ - INFO: 获取状态：成功，当前位姿为[-0.103401, -0.287622, 0.175288, 3.063, 0.305, 0.878]
2025-09-11 20:25:39 - __main__ - INFO: ===采集第2次数据！
2025-09-11 20:25:46 - __main__ - INFO: response:{"command":"start_drag_teach","drag_teach":true}
{"command":"stop_drag_teach","drag_teach":true}
{"arm_state":{"err":[0],"joint":[73405,4019,102300,-3297,55860,49386],"pose":[-103609,-285519,174720,2938,242,419]},"state":"current_arm_state"}

2025-09-11 20:25:46 - __main__ - INFO: 获取状态：成功，当前位姿为[-0.103609, -0.285519, 0.17472, 2.938, 0.242, 0.419]
2025-09-11 20:25:46 - __main__ - INFO: ===采集第3次数据！
2025-09-11 20:25:54 - __main__ - INFO: response:{"command":"start_drag_teach","drag_teach":true}
{"command":"stop_drag_teach","drag_teach":true}
{"command":"start_drag_teach","drag_teach":true}
{"command":"stop_drag_teach","drag_teach":true}
{"arm_state":{"err":[0],"joint":[75068,-1965,101445,-818,55763,53938],"pose":[-88099,-300148,210954,2792,260,328]},"state":"current_arm_state"}

2025-09-11 20:25:54 - __main__ - INFO: 获取状态：成功，当前位姿为[-0.088099, -0.300148, 0.210954, 2.792, 0.26, 0.328]
2025-09-11 20:25:54 - __main__ - INFO: ===采集第4次数据！
2025-09-11 20:26:13 - __main__ - INFO: response:{"command":"start_drag_teach","drag_teach":true}
{"command":"stop_drag_teach","drag_teach":true}
{"command":"start_drag_teach","drag_teach":true}
{"command":"stop_drag_teach","drag_teach":true}
{"command":"start_drag_teach","drag_teach":true}
{"command":"stop_drag_teach","drag_teach":true}
{"command":"start_drag_teach","drag_teach":true}
{"command":"stop_drag_teach","drag_teach":true}
{"command":"start_drag_teach","drag_teach":true}
{"command":"stop_drag_teach","drag_teach":true}
{"arm_state":{"err":[0],"joint":[78714,7469,101443,-3341,52803,65242],"pose":[-78699,-307197,164391,2873,182,238]},"state":"current_arm_state"}

2025-09-11 20:26:13 - __main__ - INFO: 获取状态：成功，当前位姿为[-0.078699, -0.307197, 0.164391, 2.873, 0.182, 0.238]
2025-09-11 20:26:13 - __main__ - INFO: ===采集第5次数据！
2025-09-11 20:26:29 - __main__ - INFO: response:{"command":"start_drag_teach","drag_teach":true}
{"command":"stop_drag_teach","drag_teach":true}
{"command":"start_drag_teach","drag_teach":true}
{"command":"stop_drag_teach","drag_teach":true}
{"command":"start_drag_teach","drag_teach":true}
{"command":"stop_drag_teach","drag_teach":true}
{"arm_state":{"err":[0],"joint":[78899,10656,101440,-3316,49158,76647],"pose":[-78718,-318812,151589,2835,126,50]},"state":"current_arm_state"}
{"command":"start_drag_teach","drag_teach":true}

2025-09-11 20:26:29 - __main__ - INFO: 获取状态：成功，当前位姿为[-0.078718, -0.318812, 0.151589, 2.835, 0.126, 0.05]
2025-09-11 20:26:29 - __main__ - INFO: ===采集第6次数据！
2025-09-11 20:26:36 - __main__ - INFO: response:{"command":"stop_drag_teach","drag_teach":true}
{"command":"start_drag_teach","drag_teach":true}
{"command":"stop_drag_teach","drag_teach":true}
{"command":"start_drag_teach","drag_teach":true}
{"command":"stop_drag_teach","drag_teach":true}
{"arm_state":{"err":[0],"joint":[81543,5306,100191,-3922,52642,88042],"pose":[-65871,-319385,182775,2762,78,-97]},"state":"current_arm_state"}

2025-09-11 20:26:36 - __main__ - INFO: 获取状态：成功，当前位姿为[-0.065871, -0.319385, 0.182775, 2.762, 0.078, -0.097]
2025-09-11 20:26:36 - __main__ - INFO: ===采集第7次数据！
2025-09-11 20:27:00 - __main__ - INFO: response:{"command":"start_drag_teach","drag_teach":true}
{"command":"stop_drag_teach","drag_teach":true}
{"command":"start_drag_teach","drag_teach":true}
{"command":"stop_drag_teach","drag_teach":true}
{"arm_state":{"err":[0],"joint":[82162,9276,102711,-6946,48239,92749],"pose":[-72158,-319541,155505,2794,96,-136]},"state":"current_arm_state"}

2025-09-11 20:27:00 - __main__ - INFO: 获取状态：成功，当前位姿为[-0.072158, -0.319541, 0.155505, 2.794, 0.096, -0.136]
2025-09-11 20:27:00 - __main__ - INFO: ===采集第8次数据！
2025-09-11 20:27:18 - __main__ - INFO: response:{"command":"start_drag_teach","drag_teach":true}
{"command":"stop_drag_teach","drag_teach":true}
{"command":"start_drag_teach","drag_teach":true}
{"command":"stop_drag_teach","drag_teach":true}
{"command":"start_drag_teach","drag_teach":true}
{"command":"stop_drag_teach","drag_teach":true}
{"command":"start_drag_teach","drag_teach":true}
{"command":"stop_drag_teach","drag_teach":true}
{"command":"start_drag_teach","drag_teach":true}
{"command":"stop_drag_teach","drag_teach":true}
{"command":"start_drag_teach","drag_teach":true}
{"command":"stop_drag_teach","drag_teach":true}
{"command":"start_drag_teach","drag_teach":true}
{"command":"stop_drag_teach","drag_teach":true}
{"command":"start_drag_teach","drag_teach":true}
{"command":"stop_drag_teach","drag_teach":true}
{"arm_state":{"err":[0],"joint":[86347,9284,103366,-13323,46019,100679],"pose":[-69697,-330057,159402,2747,145,-148]},"state":"current_arm_state"}

2025-09-11 20:27:18 - __main__ - INFO: 获取状态：成功，当前位姿为[-0.069697, -0.330057, 0.159402, 2.747, 0.145, -0.148]
2025-09-11 20:27:18 - __main__ - INFO: ===采集第9次数据！
2025-09-11 20:27:27 - __main__ - INFO: response:{"command":"start_drag_teach","drag_teach":true}
{"command":"stop_drag_teach","drag_teach":true}
{"arm_state":{"err":[0],"joint":[89556,6223,95226,-10111,57068,99538],"pose":[-45835,-331190,199186,2747,110,-128]},"state":"current_arm_state"}

2025-09-11 20:27:27 - __main__ - INFO: 获取状态：成功，当前位姿为[-0.045835, -0.33119, 0.199186, 2.747, 0.11, -0.128]
2025-09-11 20:27:27 - __main__ - INFO: ===采集第10次数据！
2025-09-11 20:27:39 - __main__ - INFO: response:{"command":"start_drag_teach","drag_teach":true}
{"command":"stop_drag_teach","drag_teach":true}
{"command":"start_drag_teach","drag_teach":true}
{"command":"stop_drag_teach","drag_teach":true}
{"command":"start_drag_teach","drag_teach":true}
{"command":"stop_drag_teach","drag_teach":true}
{"command":"start_drag_teach","drag_teach":true}
{"command":"stop_drag_teach","drag_teach":true}
{"command":"start_drag_teach","drag_teach":true}
{"command":"stop_drag_teach","drag_teach":true}
{"arm_state":{"err":[0],"joint":[92426,7936,86945,-14860,66821,109892],"pose":[-52981,-330231,221895,2758,138,-267]},"state":"current_arm_state"}

2025-09-11 20:27:39 - __main__ - INFO: 获取状态：成功，当前位姿为[-0.052981, -0.330231, 0.221895, 2.758, 0.138, -0.267]
2025-09-11 20:27:39 - __main__ - INFO: ===采集第11次数据！
2025-09-11 20:27:52 - __main__ - INFO: response:{"command":"start_drag_teach","drag_teach":true}
{"command":"stop_drag_teach","drag_teach":true}
{"command":"start_drag_teach","drag_teach":true}
{"command":"stop_drag_teach","drag_teach":true}
{"arm_state":{"err":[0],"joint":[94383,14519,86947,-14994,62850,120721],"pose":[-38345,-345707,188289,2783,87,-387]},"state":"current_arm_state"}

2025-09-11 20:27:52 - __main__ - INFO: 获取状态：成功，当前位姿为[-0.038345, -0.345707, 0.188289, 2.783, 0.087, -0.387]
2025-09-11 20:27:52 - __main__ - INFO: ===采集第12次数据！
2025-09-11 20:28:01 - __main__ - INFO: response:{"command":"start_drag_teach","drag_teach":true}
{"command":"stop_drag_teach","drag_teach":true}
{"command":"start_drag_teach","drag_teach":true}
{"command":"stop_drag_teach","drag_teach":true}
{"arm_state":{"err":[0],"joint":[89578,13926,86239,-7076,61837,139140],"pose":[-31946,-349202,189989,2842,-152,-800]},"state":"current_arm_state"}

2025-09-11 20:28:01 - __main__ - INFO: 获取状态：成功，当前位姿为[-0.031946, -0.349202, 0.189989, 2.842, -0.152, -0.8]
2025-09-11 20:28:01 - __main__ - INFO: ===采集第13次数据！
2025-09-11 20:28:32 - __main__ - INFO: response:{"command":"start_drag_teach","drag_teach":true}
{"command":"stop_drag_teach","drag_teach":true}
{"command":"start_drag_teach","drag_teach":true}
{"command":"stop_drag_teach","drag_teach":true}
{"command":"start_drag_teach","drag_teach":true}
{"command":"stop_drag_teach","drag_teach":true}
{"command":"start_drag_teach","drag_teach":true}
{"command":"stop_drag_teach","drag_teach":true}
{"command":"start_drag_teach","drag_teach":true}
{"command":"stop_drag_teach","drag_teach":true}
{"arm_state":{"err":[0],"joint":[80351,12443,84026,2478,61987,134629],"pose":[-49521,-357519,208903,2898,-292,-924]},"state":"current_arm_state"}

2025-09-11 20:28:32 - __main__ - INFO: 获取状态：成功，当前位姿为[-0.049521, -0.357519, 0.208903, 2.898, -0.292, -0.924]
2025-09-11 20:28:32 - __main__ - INFO: ===采集第14次数据！
2025-09-11 20:28:48 - __main__ - INFO: response:{"command":"start_drag_teach","drag_teach":true}
{"command":"stop_drag_teach","drag_teach":true}
{"command":"start_drag_teach","drag_teach":true}
{"command":"stop_drag_teach","drag_teach":true}
{"command":"start_drag_teach","drag_teach":true}
{"command":"stop_drag_teach","drag_teach":true}
{"arm_state":{"err":[0],"joint":[80197,12440,84004,-2410,58244,153458],"pose":[-72213,-370991,215973,2894,-371,-1217]},"state":"current_arm_state"}

2025-09-11 20:28:48 - __main__ - INFO: 获取状态：成功，当前位姿为[-0.072213, -0.370991, 0.215973, 2.894, -0.371, -1.217]
2025-09-11 20:28:48 - __main__ - INFO: ===采集第15次数据！
2025-09-11 20:29:17 - __main__ - INFO: response:{"command":"start_drag_teach","drag_teach":true}
{"command":"stop_drag_teach","drag_teach":true}
{"command":"start_drag_teach","drag_teach":true}
{"command":"stop_drag_teach","drag_teach":true}
{"command":"start_drag_teach","drag_teach":true}
{"command":"stop_drag_teach","drag_teach":true}
{"command":"start_drag_teach","drag_teach":true}
{"command":"stop_drag_teach","drag_teach":true}
{"command":"start_drag_teach","drag_teach":true}
{"command":"stop_drag_teach","drag_teach":true}
{"arm_state":{"err":[0],"joint":[78452,12451,84038,-1888,58792,166133],"pose":[-80114,-367160,214762,2997,-409,-1489]},"state":"current_arm_state"}

2025-09-11 20:29:17 - __main__ - INFO: 获取状态：成功，当前位姿为[-0.080114, -0.36716, 0.214762, 2.997, -0.409, -1.489]
2025-09-11 20:29:17 - __main__ - INFO: ===采集第16次数据！
2025-09-11 20:31:13 - __main__ - INFO: 读 eye_hand_data/data2025091107/1.jpg
2025-09-11 20:31:13 - __main__ - INFO: 读 eye_hand_data/data2025091107/2.jpg
2025-09-11 20:31:13 - __main__ - INFO: 读 eye_hand_data/data2025091107/3.jpg
2025-09-11 20:31:13 - __main__ - INFO: 读 eye_hand_data/data2025091107/4.jpg
2025-09-11 20:31:13 - __main__ - INFO: 读 eye_hand_data/data2025091107/5.jpg
2025-09-11 20:31:13 - __main__ - INFO: 读 eye_hand_data/data2025091107/6.jpg
2025-09-11 20:31:13 - __main__ - INFO: 读 eye_hand_data/data2025091107/7.jpg
2025-09-11 20:31:13 - __main__ - INFO: 读 eye_hand_data/data2025091107/8.jpg
2025-09-11 20:31:13 - __main__ - INFO: 读 eye_hand_data/data2025091107/9.jpg
2025-09-11 20:31:13 - __main__ - INFO: 读 eye_hand_data/data2025091107/10.jpg
2025-09-11 20:31:14 - __main__ - INFO: 读 eye_hand_data/data2025091107/11.jpg
2025-09-11 20:31:14 - __main__ - INFO: 读 eye_hand_data/data2025091107/12.jpg
2025-09-11 20:31:14 - __main__ - INFO: 读 eye_hand_data/data2025091107/13.jpg
2025-09-11 20:31:14 - __main__ - INFO: 读 eye_hand_data/data2025091107/14.jpg
2025-09-11 20:31:14 - __main__ - INFO: 读 eye_hand_data/data2025091107/15.jpg
2025-09-11 20:31:14 - __main__ - INFO: 读 eye_hand_data/data2025091107/16.jpg
2025-09-11 20:31:14 - __main__ - INFO: 旋转矩阵是:
 [[ 0.01861593  0.99981865 -0.00401411]
 [-0.9998267   0.01861528 -0.00020045]
 [-0.00012569  0.00401714  0.99999192]]
2025-09-11 20:31:14 - __main__ - INFO: 平移向量是:
 [[-0.06500366]
 [ 0.03556372]
 [-0.08903875]]
2025-09-11 20:31:14 - __main__ - INFO: 四元数是：
 [ 0.00147746 -0.00136215 -0.70049281  0.71365663]
